******************************************************************************
              TMS320C55x Linker PC v4.4.1                      
******************************************************************************
>> Linked Fri Jan 03 21:47:13 2020

OUTPUT FILE NAME:   <SigGen.out>
ENTRY POINT SYMBOL: "_c_int00"  address: 000304ba


MEMORY CONFIGURATION

         name            origin    length      used     unused   attr    fill
                        (bytes)   (bytes)    (bytes)   (bytes)
----------------------  --------  ---------  --------  --------  ----  --------
PAGE 0:
  MMR                   00000000   000000c0  00000000  000000c0  RWIX
  DARAM0                000000c0   0000ff40  000067c6  0000977a  RWIX
  SARAM0                00010000   00010000  00000000  00010000  RWIX
  SARAM1                00020000   00020000  00010607  0000f9f9  RWIX
  SARAM2                00040000   0000fe00  000004b6  0000f94a  RWIX
  VECS                  0004fe00   00000200  00000100  00000100  RWIX
  PDROM                 00ff8000   00008000  00000000  00008000  R IX

PAGE 2:
  IOPORT                00000000   00020000  00000000  00020000  RWI 


SECTION ALLOCATION MAP
(Addresses surrounded by []'s are displayed for convenience only!)

output                                                          attributes/
section   page  orgn(bytes) orgn(words) len(bytes) len(words)   input sections
--------  ----  ----------- ----------- ---------- ----------   --------------
.pinit       0   [ 00040000 ]  00020000          *   00000000   UNINITIALIZED

.stack       0   [ 000000c0 ]  00000060          *   00001000   UNINITIALIZED
                 [ 000000c0 ]  00000060          *   00001000   --HOLE--

.sysstack 
*            0   [ 000020c0 ]  00001060          *   00000800   UNINITIALIZED
                 [ 000020c0 ]  00001060          *   00000800   --HOLE--

.sysmem      0   [ 000030c0 ]  00001860          *   00001000   UNINITIALIZED
                 [ 000030c0 ]  00001860          *   00001000   --HOLE--

.const.1     0   [ 000050c0 ]  00002860          *   000005d3   
                 [ 000050c0 ]  00002860          *   00000346   ezdsp5535_sdcard.obj (.const:.string)
                 [ 0000574c ]  00002ba6          *   0000018c   aic3204_test.obj (.const:.string)
                 [ 00005a64 ]  00002d32          *   00000101   rts55x.lib : ctype.obj (.const:__ctypes_)

.data        0   [ 00005c66 ]  00002e33          *   00000001   
                 [ 00005c66 ]  00002e33          *   00000001   sine.obj (.data:.text)

.const.2     0   [ 00005c68 ]  00002e34          *   000000c2   
                 [ 00005c68 ]  00002e34          *   00000078   switch.obj (.const:.string)
                 [ 00005d58 ]  00002eac          *   00000024   rts55x.lib : _printfi.obj (.const:.string)
                 [ 00005da0 ]  00002ed0          *   0000000e   main.obj (.const:.string)
                 [ 00005dbc ]  00002ede          *   0000000c   rts55x.lib : _printfi.obj (.const)
                 [ 00005dd4 ]  00002eea          *   00000008              : divd.obj (.const:_initial_approx$1)
                 [ 00005de4 ]  00002ef2          *   00000002              : fputs.obj (.const:.string)
                 [ 00005de8 ]  00002ef4          *   00000002              : fltlid.obj (.const)

.bss.1       0   [ 00005dec ]  00002ef6          *   00000391   UNINITIALIZED
                 [ 00005dec ]  00002ef6          *   00000119   rts55x.lib : defs.obj (.bss)
                 [ 0000601e ]  0000300f          *   00000001              : fopen.obj (.bss)
                 [ 00006020 ]  00003010          *   00000112   ezdsp5535_spiflash.obj (.bss)
                 [ 00006244 ]  00003122          *   000000d0   rts55x.lib : trgdrv.obj (.bss)
                 [ 000063e4 ]  000031f2          *   00000095   ezdsp5535_sdcard.obj (.bss)

.bss.2       0   [ 00006510 ]  00003288          *   0000011f   UNINITIALIZED
                 [ 00006510 ]  00003288          *   00000084   C55XXCSL_LP.lib : csl_intc.obj (.bss)
                 [ 00006618 ]  0000330c          *   00000071   rts55x.lib : lowlev.obj (.bss)
                 [ 000066fa ]  0000337d          *   0000002a   C55XXCSL_LP.lib : csl_i2s.obj (.bss)

.bss.3       0   [ 00006750 ]  000033a8          *   00000027   UNINITIALIZED
                 [ 00006750 ]  000033a8          *   00000027   switch.obj (.bss)

.bss.4       0   [ 000067a0 ]  000033d0          *   0000005f   UNINITIALIZED
                 [ 000067a0 ]  000033d0          *   00000024   C55XXCSL_LP.lib : csl_mmcsd.obj (.bss)
                 [ 000067e8 ]  000033f4          *   00000016   ezdsp5535_uart.obj (.bss)
                 [ 00006814 ]  0000340a          *   00000012   C55XXCSL_LP.lib : csl_i2c.obj (.bss)
                 [ 00006838 ]  0000341c          *   00000008   ezdsp5535_sar.obj (.bss)
                 [ 00006848 ]  00003424          *   00000006   rts55x.lib : memory.obj (.bss)
                 [ 00006854 ]  0000342a          *   00000005   wavecom.obj (.bss)

.bss.5       0   [ 00006860 ]  00003430          *   00000015   UNINITIALIZED
                 [ 00006860 ]  00003430          *   00000004   ezdsp5535_gpio.obj (.bss)
                 [ 00006868 ]  00003434          *   00000004   rts55x.lib : _lock.obj (.bss)
                 [ 00006870 ]  00003438          *   00000004              : exit.obj (.bss)
                 [ 00006878 ]  0000343c          *   00000003   C55XXCSL_LP.lib : csl_spi.obj (.bss)
                 [ 0000687e ]  0000343f          *   00000003                   : csl_sysctrl.obj (.bss)
                 [ 00006884 ]  00003442          *   00000003   main.obj (.bss)

.bss.6       0   [ 0000688c ]  00003446          *   00000002   UNINITIALIZED
                 [ 0000688c ]  00003446          *   00000002   ezdsp5535_i2s.obj (.bss)

.text        0     00020000  [ 00010000 ] 00010607          *   
                   00020000  [ 00010000 ] 0000451c          *   C55XXCSL_LP.lib : csl_mmcsd.obj (.text)
                   0002451c  [ 0001228e ] 00001f50          *                   : csl_dma.obj (.text)
                   0002646c  [ 00013236 ] 000015a4          *   rts55x.lib : _printfi.obj (.text)
                   00027a10  [ 00013d08 ] 000010b9          *   C55XXCSL_LP.lib : csl_uart.obj (.text)
                   00028ac9  [ 00014564+] 00000e8f          *                   : csl_i2c.obj (.text)
                   00029958  [ 00014cac ] 00000b18          *                   : csl_sar.obj (.text)
                   0002a470  [ 00015238 ] 00000997          *                   : csl_i2s.obj (.text)
                   0002ae07  [ 00015703+] 0000068d          *                   : csl_gpio.obj (.text)
                   0002b494  [ 00015a4a ] 00000543          *   rts55x.lib : lowlev.obj (.text)
                   0002b9d7  [ 00015ceb+] 00000528          *              : trgdrv.obj (.text)
                   0002beff  [ 00015f7f+] 00000521          *   C55XXCSL_LP.lib : csl_spi.obj (.text)
                   0002c420  [ 00016210 ] 00000508          *                   : csl_intc.obj (.text)
                   0002c928  [ 00016494 ] 000004ce          *   ezdsp5535_sdcard.obj (.text)
                   0002cdf6  [ 000166fb ] 000004b5          *   rts55x.lib : memory.obj (.text)
                   0002d2ab  [ 00016955+] 000003de          *   aic3204_test.obj (.text)
                   0002d689  [ 00016b44+] 000003cc          *   rts55x.lib : divd.obj (.text)
                   0002da55  [ 00016d2a+] 000003bd          *   ezdsp5535_spiflash.obj (.text)
                   0002de12  [ 00016f09 ] 00000332          *   wavecom.obj (.text)
                   0002e144  [ 000170a2 ] 0000027f          *   rts55x.lib : fopen.obj (.text)
                   0002e3c3  [ 000171e1+] 0000025e          *   C55XXCSL_LP.lib : csl_sysctrl.obj (.text)
                   0002e621  [ 00017310+] 0000025e          *   rts55x.lib : llmpy.obj (.text)
                   0002e87f  [ 0001743f+] 0000025a          *              : addd.obj (.text)
                   0002ead9  [ 0001756c+] 000001ea          *              : cmpd.obj (.text)
                   0002ecc3  [ 00017661+] 000001e7          *   ezdsp5535_led.obj (.text)
                   0002eeaa  [ 00017755 ] 00000192          *   ezdsp5535_lcd.obj (.text)
                   0002f03c  [ 0001781e ] 0000017a          *   ezdsp5535_sar.obj (.text)
                   0002f1b6  [ 000178db ] 00000177          *   switch.obj (.text)
                   0002f32d  [ 00017996+] 00000163          *   rts55x.lib : fputs.obj (.text)
                   0002f490  [ 00017a48 ] 0000014c          *              : mpyd.obj (.text)
                   0002f5dc  [ 00017aee ] 00000107          *   ezdsp5535_i2s.obj (.text)
                   0002f6e3  [ 00017b71+] 000000e6          *   rts55x.lib : setvbuf.obj (.text)
                   0002f7c9  [ 00017be4+] 000000dd          *              : _io_perm.obj (.text)
                   0002f8a6  [ 00017c53 ] 000000c2          *              : fflush.obj (.text)
                   0002f968  [ 00017cb4 ] 000000ba          *              : trgmsg.obj (.text:CIO_breakpoint)
                   0002fa22  [ 00017d11 ] 000000a6          *              : fputc.obj (.text)
                   0002fac8  [ 00017d64 ] 000000a1          *              : divul.obj (.text)
                   0002fb69  [ 00017db4+] 0000009f          *   ezdsp5535_uart.obj (.text)
                   0002fc08  [ 00017e04 ] 00000097          *   ezdsp5535_i2c.obj (.text)
                   0002fc9f  [ 00017e4f+] 0000008b          *   aic3204_loop_linein.obj (.text)
                   0002fd2a  [ 00017e95 ] 00000087          *   ezdsp5535_gpio.obj (.text)
                   0002fdb1  [ 00017ed8+] 0000007d          *   rts55x.lib : ltoa.obj (.text)
                   0002fe2e  [ 00017f17 ] 0000007b          *              : fclose.obj (.text)
                   0002fea9  [ 00017f54+] 00000076          *              : frcmpyd.obj (.text)
                   0002ff1f  [ 00017f8f+] 00000073          *              : frcmpyd_div.obj (.text)
                   0002ff92  [ 00017fc9 ] 00000072          *              : remul.obj (.text)
                   00030004  [ 00018002 ] 0000006f          *              : fixdli.obj (.text)
                   00030073  [ 00018039+] 0000006d          *              : trgmsg.obj (.text)
                   000300e0  [ 00018070 ] 0000006b          *              : fseek.obj (.text)
                   0003014b  [ 000180a5+] 00000067          *              : fltlid.obj (.text)
                   000301b2  [ 000180d9 ] 00000060          *   sine.obj (.text)
                   00030212  [ 00018109 ] 0000005c          *   rts55x.lib : atoi.obj (.text)
                   0003026e  [ 00018137 ] 00000054          *   ezdsp5535.obj (.text)
                   000302c2  [ 00018161 ] 00000050          *   rts55x.lib : printf.obj (.text)
                   00030312  [ 00018189 ] 0000004d          *              : autoinit.obj (.text)
                   0003035f  [ 000181af+] 0000004b          *              : args_main.obj (.text)
                   000303aa  [ 000181d5 ] 0000004b          *              : remli.obj (.text)
                   000303f5  [ 000181fa+] 00000048          *              : divli.obj (.text)
                   0003043d  [ 0001821e+] 0000003f          *              : memcpy.obj (.text)
                   0003047c  [ 0001823e ] 0000003e          *              : exit.obj (.text)
                   000304ba  [ 0001825d ] 00000034          *              : boot.obj (.text)
                   000304ee  [ 00018277 ] 0000002b          *   main.obj (.text)
                   00030519  [ 0001828c+] 0000002a          *   rts55x.lib : fixdi.obj (.text)
                   00030543  [ 000182a1+] 0000002a          *              : udiv.obj (.text)
                   0003056d  [ 000182b6+] 00000023          *              : memccpy.obj (.text)
                   00030590  [ 000182c8 ] 0000001a          *              : isinf.obj (.text)
                   000305aa  [ 000182d5 ] 00000014          *              : subd.obj (.text)
                   000305be  [ 000182df ] 00000013          *              : lmpy.obj (.text)
                   000305d1  [ 000182e8+] 00000012          *              : _lock.obj (.text)
                   000305e3  [ 000182f1+] 00000010          *              : negd.obj (.text)
                   000305f3  [ 000182f9+] 0000000a          *              : remove.obj (.text)
                   000305fd  [ 000182fe+] 00000007          *              : exit.obj (.text:CIO_breakpoint)
                   00030604  [ 00018302 ] 00000002          *              : vectors.obj (.text)
                   00030606  [ 00018303 ] 00000001          *   --HOLE-- [fill = 20]

.cio         0   [ 00040000 ]  00020000          *   00000120   UNINITIALIZED
                 [ 00040000 ]  00020000          *   00000120   rts55x.lib : trgmsg.obj (.cio)

.cinit       0   [ 00040240 ]  00020120          *   000000c9   
                 [ 00040240 ]  00020120          *   0000002d   rts55x.lib : lowlev.obj (.cinit)
                 [ 0004029a ]  0002014d          *   0000002d   switch.obj (.cinit)
                 [ 000402f4 ]  0002017a          *   0000002a   rts55x.lib : defs.obj (.cinit)
                 [ 00040348 ]  000201a4          *   00000014   wavecom.obj (.cinit)
                 [ 00040370 ]  000201b8          *   0000000c   ezdsp5535_sar.obj (.cinit)
                 [ 00040388 ]  000201c4          *   0000000a   rts55x.lib : _lock.obj (.cinit)
                 [ 0004039c ]  000201ce          *   0000000a              : exit.obj (.cinit)
                 [ 000403b0 ]  000201d8          *   00000008   C55XXCSL_LP.lib : csl_i2s.obj (.cinit)
                 [ 000403c0 ]  000201e0          *   00000004   rts55x.lib : fopen.obj (.cinit)
                 [ 000403c8 ]  000201e4          *   00000004              : memory.obj (.cinit)
                 [ 000403d0 ]  000201e8          *   00000001   --HOLE-- [fill = 0]

.switch      0   [ 000403d4 ]  000201ea          *   00000072   
                 [ 000403d4 ]  000201ea          *   00000020   C55XXCSL_LP.lib : csl_dma.obj (.switch:_DMA_config)
                 [ 00040414 ]  0002020a          *   00000020                   : csl_dma.obj (.switch:_DMA_getConfig)
                 [ 00040454 ]  0002022a          *   00000020                   : csl_dma.obj (.switch:_DMA_reset)
                 [ 00040494 ]  0002024a          *   00000012                   : csl_sysctrl.obj (.switch:_SYS_setEBSR)

vectors      0     0004fe00  [ 00027f00 ] 00000100          *   
                   0004fe00  [ 00027f00 ] 00000100          *   rts55x.lib : vectors.obj (vectors)


GLOBAL SYMBOLS: SORTED ALPHABETICALLY BY Name 

abs. value/
byte addr   word addr   name
---------   ---------   ----
00000002                $TI_capability$C5500$CallingConvention
00000002                $TI_capability$C5500$MemoryModel
00000001                $TI_capability_requires_rev3
ffffffff                .bss
ffffffff                .data
ffffffff                .text
000305fe                C$$EXIT
0002fa1d                C$$IO$$
000305be                I$$LMPY
00030543                I$$UDIV
00030558                I$$UMOD
0002d320                _AIC3204_init
0002d2ab                _AIC3204_rget
0002d2f6                _AIC3204_rset
0002463f                _DMA_close
0002465e                _DMA_config
00025732                _DMA_getConfig
000263c0                _DMA_getLastTransferType
0002451c                _DMA_init
00024553                _DMA_open
0002605f                _DMA_reset
00025e51                _DMA_start
00025f5e                _DMA_stop
0002634b                _DMA_swapWords
0002fbee                _EVM5515_UART_getChar
0002fbd8                _EVM5515_UART_putChar
0002fd93                _EZDSP5535_GPIO_getInput
0002fd2a                _EZDSP5535_GPIO_init
0002fd55                _EZDSP5535_GPIO_setDirection
0002fd79                _EZDSP5535_GPIO_setOutput
0002fc08                _EZDSP5535_I2C_init
0002fc6e                _EZDSP5535_I2C_read
0002fc3d                _EZDSP5535_I2C_reset
0002fc48                _EZDSP5535_I2C_write
0002f6d1                _EZDSP5535_I2S_close
0002f5dc                _EZDSP5535_I2S_init
0002f635                _EZDSP5535_I2S_readLeft
0002f694                _EZDSP5535_I2S_readRight
0002f667                _EZDSP5535_I2S_writeLeft
0002f6b5                _EZDSP5535_I2S_writeRight
0002ecf9                _EZDSP5535_LED_getall
0002ecc3                _EZDSP5535_LED_init
0002edee                _EZDSP5535_LED_off
0002edb9                _EZDSP5535_LED_on
0002ed4b                _EZDSP5535_LED_setall
0002ee21                _EZDSP5535_LED_toggle
0002ef1d                _EZDSP5535_OSD9616_init
0002eed2                _EZDSP5535_OSD9616_multiSend
0002efff                _EZDSP5535_OSD9616_printLetter
0002eeaa                _EZDSP5535_OSD9616_send
0002f102                _EZDSP5535_SAR_getKey
0002f03c                _EZDSP5535_SAR_init
0002cd31                _EZDSP5535_SDCARD_close
0002c928                _EZDSP5535_SDCARD_init
0002cccd                _EZDSP5535_SDCARD_read
0002ccff                _EZDSP5535_SDCARD_write
0002daf8                _EZDSP5535_SPIFLASH_erase
0002da55                _EZDSP5535_SPIFLASH_init
0002dbfc                _EZDSP5535_SPIFLASH_read
0002dab6                _EZDSP5535_SPIFLASH_status
0002dcac                _EZDSP5535_SPIFLASH_write
0002fb69                _EZDSP5535_UART_open
0002ee7c                _EZDSP5535_XF_get
0002ee71                _EZDSP5535_XF_off
0002ee66                _EZDSP5535_XF_on
0002ee8b                _EZDSP5535_XF_toggle
000302b4                _EZDSP5535_init
0003026e                _EZDSP5535_wait
000302a2                _EZDSP5535_waitusec
0002b2f2                _GPIO_clearInt
0002ae4b                _GPIO_close
0002ae6f                _GPIO_config
0002b0a2                _GPIO_configBit
0002b1ea                _GPIO_disableInt
0002b268                _GPIO_enableInt
0002aef4                _GPIO_getConfig
0002ae07                _GPIO_open
0002af7c                _GPIO_read
0002b405                _GPIO_reset
0002b37e                _GPIO_statusBit
0002afff                _GPIO_write
            00003430    _GpioObj
0002bea1                _HOSTclock
0002be36                _HOSTclose
0002bd81                _HOSTlseek
0002bce2                _HOSTopen
0002bc55                _HOSTread
0002bba7                _HOSTrename
0002bb49                _HOSTtime
0002badf                _HOSTunlink
0002ba52                _HOSTwrite
00028b72                _I2C_config
00029790                _I2C_eventDisable
0002965c                _I2C_eventEnable
00028cd7                _I2C_getConfig
0002993c                _I2C_getEventId
00028ac9                _I2C_init
000291fa                _I2C_read
000298af                _I2C_setCallback
00028dad                _I2C_setup
00028fa7                _I2C_write
0002a856                _I2S_close
0002a470                _I2S_open
0002a901                _I2S_read
0002ad11                _I2S_reset
0002a56f                _I2S_setup
0002adbc                _I2S_transEnable
0002abbb                _I2S_write
0002c4a8                _IRQ_clear
0002c4fb                _IRQ_clearAll
0002c50b                _IRQ_config
0002c618                _IRQ_disable
0002c696                _IRQ_disableAll
0002c6a4                _IRQ_enable
0002c79e                _IRQ_getArg
0002c590                _IRQ_getConfig
0002c8e2                _IRQ_globalDisable
0002c8fb                _IRQ_globalEnable
0002c914                _IRQ_globalRestore
0002c420                _IRQ_init
0002c813                _IRQ_map
0002c72e                _IRQ_restore
0002c7e2                _IRQ_setArg
0002c83f                _IRQ_setVecs
0002c870                _IRQ_test
00023445                _MMC_bootModeRead
00023d28                _MMC_bootPartitionDisable
00023cb2                _MMC_bootPartitionEnable
00023b27                _MMC_checkReadDmaDone
00020358                _MMC_clearResponse
0002023e                _MMC_close
00020a7f                _MMC_config
00024468                _MMC_configFifo
00020d72                _MMC_deselectCard
00023c59                _MMC_disableBootPartitionAccess
000208a2                _MMC_drrdy
000208ea                _MMC_dxrdy
00023dc4                _MMC_enableBootMode
00023bea                _MMC_enableBootPartitionAccess
000206ca                _MMC_eventDisable
000204ce                _MMC_eventEnable
00023df5                _MMC_getBootPartitionSize
00021787                _MMC_getCardCsd
00023e94                _MMC_getCardExtCsd
00023991                _MMC_getCardStatus
00020b19                _MMC_getConfig
00020322                _MMC_getNumberOfCards
0002096d                _MMC_getStatus
00020475                _MMC_ierDisable
00020431                _MMC_ierEnable
00020000                _MMC_init
00024399                _MMC_initCtrl
000204a6                _MMC_intEnable
00020027                _MMC_open
0002215b                _MMC_read
0002092f                _MMC_saveStatus
00020e02                _MMC_selectCard
00021439                _MMC_sendAllCID
00020bb6                _MMC_sendCmd
00020c93                _MMC_sendGoIdle
00021229                _MMC_sendOpCond
00023d81                _MMC_sendSwitchCmd
00023795                _MMC_setBlockLength
00023e28                _MMC_setBootBusWidth
000202e2                _MMC_setCallBack
000202b0                _MMC_setCardPtr
0002027d                _MMC_setCardType
000235e4                _MMC_setDataTransferCallback
00023633                _MMC_setDmaChanConfig
00023584                _MMC_setDmaHandle
00024323                _MMC_setEMMCBusWidth
00023710                _MMC_setEndianMode
000212cd                _MMC_setRca
000237e3                _MMC_setWriteBlkEraseCnt
000209ce                _MMC_setupNative
00020cf2                _MMC_stop
000229eb                _MMC_write
            00003441    _PG1_flag
            00003440    _PG3_flag
            0000343f    _PG4_flag
0004fe00                _Reset
00029edb                _SAR_A2DMeasParamSet
0002a355                _SAR_GPODirSet
00029a52                _SAR_chanClose
00029ad6                _SAR_chanConfig
00029dd2                _SAR_chanCycSet
000299d5                _SAR_chanInit
000299f0                _SAR_chanOpen
00029bbe                _SAR_chanSetup
000299b5                _SAR_deInit
00029b4c                _SAR_getConfig
0002a431                _SAR_getStatus
00029958                _SAR_init
00029e9a                _SAR_readData
00029e21                _SAR_startConversion
00029e53                _SAR_stopConversion
00023a60                _SD_configurePullup
00021bb2                _SD_getCardCsd
000215d6                _SD_sendAllCID
00021378                _SD_sendRca
0002389a                _SD_setBusWidth
0002bf5d                _SPI_close
0002bf89                _SPI_config
0002c3ad                _SPI_dataTransaction
0002c1ed                _SPI_deInit
0002beff                _SPI_init
0002bf29                _SPI_open
0002c219                _SPI_read
0002c2dd                _SPI_write
0002e3c3                _SYS_peripheralReset
0002e451                _SYS_setEBSR
0002e5fc                _SYS_set_DSP_LDO_voltage
            00003420    _SarHandle
            0000341c    _SarObj
00027fce                _UART_config
00028305                _UART_eventDisable
0002826d                _UART_eventEnable
0002863f                _UART_fgetc
00028762                _UART_fgets
000286dd                _UART_fputc
00028892                _UART_fputs
000289a6                _UART_getConfig
0002897f                _UART_getEventId
00027a95                _UART_init
00028394                _UART_read
000281dd                _UART_reset
00028222                _UART_resetOff
00028a63                _UART_setCallback
00027b27                _UART_setup
000280d3                _UART_setupBaudRate
000284bd                _UART_write
            00020000    __CIOBUF_
            00001060    __STACK_END
00002000                __STACK_SIZE
00002000                __SYSMEM_SIZE
00001000                __SYSSTACK_SIZE
00000001                __TI_args_main
ffffffff                ___binit__
ffffffff                ___bss__
ffffffff                ___c_args__
            00020120    ___cinit__
ffffffff                ___data__
ffffffff                ___edata__
ffffffff                ___end__
ffffffff                ___etext__
00030590                ___isinf
ffffffff                ___pinit__
ffffffff                ___text__
0002e87f                __addd
0003035f                __args_main
0002e265                __cleanup
            00003438    __cleanup_ptr
0002ec6b                __cmpd
            00002d32    __ctypes_
0002d689                __divd
000303f5                __divli
0002e84a                __divlli
00030543                __divu
0002fac8                __divul
0002e756                __divull
0002f8a6                __doflush
            0000343a    __dtors_ptr
0002ec37                __eqld
00030519                __fixdi
00030004                __fixdli
0003014b                __fltlid
0002fea9                __frcmpyd
0002ff1f                __frcmpyd_div
            0000300e    __ft_end
            00002ef6    __ftable
0002ebed                __geqd
0002eba2                __gtrd
0002eb55                __leqd
            00003434    __lock
0002eb0d                __lssd
0002f490                __mpyd
000305be                __mpyli
0002e69e                __mpylli
000305e3                __negd
0002ead9                __neqd
000305e1                __nop
000277ce                __printfi
0002f849                __rd_ok
000305d9                __register_lock
000305d1                __register_unlock
000303aa                __remli
0002e66f                __remlli
00030558                __remu
0002ff92                __remul
0002e621                __remull
            00000060    __stack
000305aa                __subd
            00001860    __sys_memory
            00001060    __sysstack
            00002f6e    __tmpnams
            00003436    __unlock
0002f7c9                __wrt_ok
000305fd                _abort
0002b8e7                _add_device
0002fc9f                _aic3204_loop_linein
0002d64f                _aic3204_test
0002e123                _aic3204_tone_headphone
00030212                _atoi
00030312                _auto_init
000304ba                _c_int00
0002d285                _calloc
            00003284    _cardAddr
0002f2be                _change_wave_form
0002f237                _change_wave_freq
0002d27d                _chkheap
0002b874                _close
0003047c                _exit
0002fe2e                _fclose
0002f90f                _fflush
0002b86b                _find_registered_device
0002e388                _fopen
0002fa22                _fputc
0002f32d                _fputs
0002cdf6                _free
0002d227                _free_memory
0002e2bf                _freopen
            000033a5    _fsError
000300e0                _fseek
            0000340a    _gI2cObj
0002df7f                _generate_angwave
0002e009                _generate_bpskwave
0002df12                _generate_sawwave
0002de12                _generate_sinewave
0002de91                _generate_squarewave
0002e0a4                _generate_wave
0002b9d7                _getenv
            00003432    _hGpio
            00003446    _hI2s
            00003120    _hSpi
            00003408    _hUart
            0000341a    _i2cHandle
            00003422    _keyCnt1
            00003423    _keyCnt2
0002b805                _lseek
0002fdb1                _ltoa
000304ee                _main
0002cf27                _malloc
0002d1cd                _max_free
0003056d                _memccpy
0003043d                _memcpy
0002cec2                _minit
            00003234    _mmcCardObj
            00003286    _mmcStatus
            000033d0    _mmcsdCardExtCSD
            00003232    _mmcsdHandle
0002b746                _open
            000033a6    _ouError
            000031f2    _pMmcsdContObj
            0000341f    _preKey
000302c2                _printf
0002fa22                _putc
0002fab9                _putchar
0002f462                _puts
0002b698                _read
00030073                _readmsg
0002d01c                _realloc
000305f3                _remove
0002b662                _remove_device
0002b609                _rename
            00003262    _sdCardCsdObj
            00003252    _sdCardIdObj
000241c9                _sendCmd
0002f6e3                _setvbuf
000301b2                _sine
            000033a8    _ss
0002f1b6                _switch_int
0002f1e9                _switch_test
            000033f4    _uartObj
0002b5d6                _unlink
            00003442    _wave
0002b494                _write
0002f968                _writemsg
ffffffff                binit
            00020120    cinit
ffffffff                edata
ffffffff                end
ffffffff                etext
ffffffff                pinit


GLOBAL SYMBOLS: SORTED BY Symbol Address 

abs. value/
byte addr   word addr   name
---------   ---------   ----
00000001                $TI_capability_requires_rev3
00000001                __TI_args_main
00000002                $TI_capability$C5500$CallingConvention
00000002                $TI_capability$C5500$MemoryModel
            00000060    __stack
00001000                __SYSSTACK_SIZE
00002000                __STACK_SIZE
00002000                __SYSMEM_SIZE
            00001060    __STACK_END
            00001060    __sysstack
            00001860    __sys_memory
            00002d32    __ctypes_
            00002ef6    __ftable
            00002f6e    __tmpnams
            0000300e    __ft_end
            00003120    _hSpi
            000031f2    _pMmcsdContObj
            00003232    _mmcsdHandle
            00003234    _mmcCardObj
            00003252    _sdCardIdObj
            00003262    _sdCardCsdObj
            00003284    _cardAddr
            00003286    _mmcStatus
            000033a5    _fsError
            000033a6    _ouError
            000033a8    _ss
            000033d0    _mmcsdCardExtCSD
            000033f4    _uartObj
            00003408    _hUart
            0000340a    _gI2cObj
            0000341a    _i2cHandle
            0000341c    _SarObj
            0000341f    _preKey
            00003420    _SarHandle
            00003422    _keyCnt1
            00003423    _keyCnt2
            00003430    _GpioObj
            00003432    _hGpio
            00003434    __lock
            00003436    __unlock
            00003438    __cleanup_ptr
            0000343a    __dtors_ptr
            0000343f    _PG4_flag
            00003440    _PG3_flag
            00003441    _PG1_flag
            00003442    _wave
            00003446    _hI2s
00020000                _MMC_init
00020027                _MMC_open
0002023e                _MMC_close
0002027d                _MMC_setCardType
000202b0                _MMC_setCardPtr
000202e2                _MMC_setCallBack
00020322                _MMC_getNumberOfCards
00020358                _MMC_clearResponse
00020431                _MMC_ierEnable
00020475                _MMC_ierDisable
000204a6                _MMC_intEnable
000204ce                _MMC_eventEnable
000206ca                _MMC_eventDisable
000208a2                _MMC_drrdy
000208ea                _MMC_dxrdy
0002092f                _MMC_saveStatus
0002096d                _MMC_getStatus
000209ce                _MMC_setupNative
00020a7f                _MMC_config
00020b19                _MMC_getConfig
00020bb6                _MMC_sendCmd
00020c93                _MMC_sendGoIdle
00020cf2                _MMC_stop
00020d72                _MMC_deselectCard
00020e02                _MMC_selectCard
00021229                _MMC_sendOpCond
000212cd                _MMC_setRca
00021378                _SD_sendRca
00021439                _MMC_sendAllCID
000215d6                _SD_sendAllCID
00021787                _MMC_getCardCsd
00021bb2                _SD_getCardCsd
0002215b                _MMC_read
000229eb                _MMC_write
00023445                _MMC_bootModeRead
00023584                _MMC_setDmaHandle
000235e4                _MMC_setDataTransferCallback
00023633                _MMC_setDmaChanConfig
00023710                _MMC_setEndianMode
00023795                _MMC_setBlockLength
000237e3                _MMC_setWriteBlkEraseCnt
0002389a                _SD_setBusWidth
00023991                _MMC_getCardStatus
00023a60                _SD_configurePullup
00023b27                _MMC_checkReadDmaDone
00023bea                _MMC_enableBootPartitionAccess
00023c59                _MMC_disableBootPartitionAccess
00023cb2                _MMC_bootPartitionEnable
00023d28                _MMC_bootPartitionDisable
00023d81                _MMC_sendSwitchCmd
00023dc4                _MMC_enableBootMode
00023df5                _MMC_getBootPartitionSize
00023e28                _MMC_setBootBusWidth
00023e94                _MMC_getCardExtCsd
000241c9                _sendCmd
00024323                _MMC_setEMMCBusWidth
00024399                _MMC_initCtrl
00024468                _MMC_configFifo
0002451c                _DMA_init
00024553                _DMA_open
0002463f                _DMA_close
0002465e                _DMA_config
00025732                _DMA_getConfig
00025e51                _DMA_start
00025f5e                _DMA_stop
0002605f                _DMA_reset
0002634b                _DMA_swapWords
000263c0                _DMA_getLastTransferType
000277ce                __printfi
00027a95                _UART_init
00027b27                _UART_setup
00027fce                _UART_config
000280d3                _UART_setupBaudRate
000281dd                _UART_reset
00028222                _UART_resetOff
0002826d                _UART_eventEnable
00028305                _UART_eventDisable
00028394                _UART_read
000284bd                _UART_write
0002863f                _UART_fgetc
000286dd                _UART_fputc
00028762                _UART_fgets
00028892                _UART_fputs
0002897f                _UART_getEventId
000289a6                _UART_getConfig
00028a63                _UART_setCallback
00028ac9                _I2C_init
00028b72                _I2C_config
00028cd7                _I2C_getConfig
00028dad                _I2C_setup
00028fa7                _I2C_write
000291fa                _I2C_read
0002965c                _I2C_eventEnable
00029790                _I2C_eventDisable
000298af                _I2C_setCallback
0002993c                _I2C_getEventId
00029958                _SAR_init
000299b5                _SAR_deInit
000299d5                _SAR_chanInit
000299f0                _SAR_chanOpen
00029a52                _SAR_chanClose
00029ad6                _SAR_chanConfig
00029b4c                _SAR_getConfig
00029bbe                _SAR_chanSetup
00029dd2                _SAR_chanCycSet
00029e21                _SAR_startConversion
00029e53                _SAR_stopConversion
00029e9a                _SAR_readData
00029edb                _SAR_A2DMeasParamSet
0002a355                _SAR_GPODirSet
0002a431                _SAR_getStatus
0002a470                _I2S_open
0002a56f                _I2S_setup
0002a856                _I2S_close
0002a901                _I2S_read
0002abbb                _I2S_write
0002ad11                _I2S_reset
0002adbc                _I2S_transEnable
0002ae07                _GPIO_open
0002ae4b                _GPIO_close
0002ae6f                _GPIO_config
0002aef4                _GPIO_getConfig
0002af7c                _GPIO_read
0002afff                _GPIO_write
0002b0a2                _GPIO_configBit
0002b1ea                _GPIO_disableInt
0002b268                _GPIO_enableInt
0002b2f2                _GPIO_clearInt
0002b37e                _GPIO_statusBit
0002b405                _GPIO_reset
0002b494                _write
0002b5d6                _unlink
0002b609                _rename
0002b662                _remove_device
0002b698                _read
0002b746                _open
0002b805                _lseek
0002b86b                _find_registered_device
0002b874                _close
0002b8e7                _add_device
0002b9d7                _getenv
0002ba52                _HOSTwrite
0002badf                _HOSTunlink
0002bb49                _HOSTtime
0002bba7                _HOSTrename
0002bc55                _HOSTread
0002bce2                _HOSTopen
0002bd81                _HOSTlseek
0002be36                _HOSTclose
0002bea1                _HOSTclock
0002beff                _SPI_init
0002bf29                _SPI_open
0002bf5d                _SPI_close
0002bf89                _SPI_config
0002c1ed                _SPI_deInit
0002c219                _SPI_read
0002c2dd                _SPI_write
0002c3ad                _SPI_dataTransaction
0002c420                _IRQ_init
0002c4a8                _IRQ_clear
0002c4fb                _IRQ_clearAll
0002c50b                _IRQ_config
0002c590                _IRQ_getConfig
0002c618                _IRQ_disable
0002c696                _IRQ_disableAll
0002c6a4                _IRQ_enable
0002c72e                _IRQ_restore
0002c79e                _IRQ_getArg
0002c7e2                _IRQ_setArg
0002c813                _IRQ_map
0002c83f                _IRQ_setVecs
0002c870                _IRQ_test
0002c8e2                _IRQ_globalDisable
0002c8fb                _IRQ_globalEnable
0002c914                _IRQ_globalRestore
0002c928                _EZDSP5535_SDCARD_init
0002cccd                _EZDSP5535_SDCARD_read
0002ccff                _EZDSP5535_SDCARD_write
0002cd31                _EZDSP5535_SDCARD_close
0002cdf6                _free
0002cec2                _minit
0002cf27                _malloc
0002d01c                _realloc
0002d1cd                _max_free
0002d227                _free_memory
0002d27d                _chkheap
0002d285                _calloc
0002d2ab                _AIC3204_rget
0002d2f6                _AIC3204_rset
0002d320                _AIC3204_init
0002d64f                _aic3204_test
0002d689                __divd
0002da55                _EZDSP5535_SPIFLASH_init
0002dab6                _EZDSP5535_SPIFLASH_status
0002daf8                _EZDSP5535_SPIFLASH_erase
0002dbfc                _EZDSP5535_SPIFLASH_read
0002dcac                _EZDSP5535_SPIFLASH_write
0002de12                _generate_sinewave
0002de91                _generate_squarewave
0002df12                _generate_sawwave
0002df7f                _generate_angwave
0002e009                _generate_bpskwave
0002e0a4                _generate_wave
0002e123                _aic3204_tone_headphone
0002e265                __cleanup
0002e2bf                _freopen
0002e388                _fopen
0002e3c3                _SYS_peripheralReset
0002e451                _SYS_setEBSR
0002e5fc                _SYS_set_DSP_LDO_voltage
0002e621                __remull
0002e66f                __remlli
0002e69e                __mpylli
0002e756                __divull
0002e84a                __divlli
0002e87f                __addd
0002ead9                __neqd
0002eb0d                __lssd
0002eb55                __leqd
0002eba2                __gtrd
0002ebed                __geqd
0002ec37                __eqld
0002ec6b                __cmpd
0002ecc3                _EZDSP5535_LED_init
0002ecf9                _EZDSP5535_LED_getall
0002ed4b                _EZDSP5535_LED_setall
0002edb9                _EZDSP5535_LED_on
0002edee                _EZDSP5535_LED_off
0002ee21                _EZDSP5535_LED_toggle
0002ee66                _EZDSP5535_XF_on
0002ee71                _EZDSP5535_XF_off
0002ee7c                _EZDSP5535_XF_get
0002ee8b                _EZDSP5535_XF_toggle
0002eeaa                _EZDSP5535_OSD9616_send
0002eed2                _EZDSP5535_OSD9616_multiSend
0002ef1d                _EZDSP5535_OSD9616_init
0002efff                _EZDSP5535_OSD9616_printLetter
0002f03c                _EZDSP5535_SAR_init
0002f102                _EZDSP5535_SAR_getKey
0002f1b6                _switch_int
0002f1e9                _switch_test
0002f237                _change_wave_freq
0002f2be                _change_wave_form
0002f32d                _fputs
0002f462                _puts
0002f490                __mpyd
0002f5dc                _EZDSP5535_I2S_init
0002f635                _EZDSP5535_I2S_readLeft
0002f667                _EZDSP5535_I2S_writeLeft
0002f694                _EZDSP5535_I2S_readRight
0002f6b5                _EZDSP5535_I2S_writeRight
0002f6d1                _EZDSP5535_I2S_close
0002f6e3                _setvbuf
0002f7c9                __wrt_ok
0002f849                __rd_ok
0002f8a6                __doflush
0002f90f                _fflush
0002f968                _writemsg
0002fa1d                C$$IO$$
0002fa22                _fputc
0002fa22                _putc
0002fab9                _putchar
0002fac8                __divul
0002fb69                _EZDSP5535_UART_open
0002fbd8                _EVM5515_UART_putChar
0002fbee                _EVM5515_UART_getChar
0002fc08                _EZDSP5535_I2C_init
0002fc3d                _EZDSP5535_I2C_reset
0002fc48                _EZDSP5535_I2C_write
0002fc6e                _EZDSP5535_I2C_read
0002fc9f                _aic3204_loop_linein
0002fd2a                _EZDSP5535_GPIO_init
0002fd55                _EZDSP5535_GPIO_setDirection
0002fd79                _EZDSP5535_GPIO_setOutput
0002fd93                _EZDSP5535_GPIO_getInput
0002fdb1                _ltoa
0002fe2e                _fclose
0002fea9                __frcmpyd
0002ff1f                __frcmpyd_div
0002ff92                __remul
00030004                __fixdli
00030073                _readmsg
000300e0                _fseek
0003014b                __fltlid
000301b2                _sine
00030212                _atoi
0003026e                _EZDSP5535_wait
000302a2                _EZDSP5535_waitusec
000302b4                _EZDSP5535_init
000302c2                _printf
00030312                _auto_init
0003035f                __args_main
000303aa                __remli
000303f5                __divli
0003043d                _memcpy
0003047c                _exit
000304ba                _c_int00
000304ee                _main
00030519                __fixdi
00030543                I$$UDIV
00030543                __divu
00030558                I$$UMOD
00030558                __remu
0003056d                _memccpy
00030590                ___isinf
000305aa                __subd
000305be                I$$LMPY
000305be                __mpyli
000305d1                __register_unlock
000305d9                __register_lock
000305e1                __nop
000305e3                __negd
000305f3                _remove
000305fd                _abort
000305fe                C$$EXIT
            00020000    __CIOBUF_
            00020120    ___cinit__
            00020120    cinit
0004fe00                _Reset
ffffffff                .bss
ffffffff                .data
ffffffff                .text
ffffffff                ___binit__
ffffffff                ___bss__
ffffffff                ___c_args__
ffffffff                ___data__
ffffffff                ___edata__
ffffffff                ___end__
ffffffff                ___etext__
ffffffff                ___pinit__
ffffffff                ___text__
ffffffff                binit
ffffffff                edata
ffffffff                end
ffffffff                etext
ffffffff                pinit

[383 symbols]
