<?xml version="1.0"?>
<link_info>
   <banner>TMS320C55x Linker PC v4.4.1</banner>
   <copyright>Copyright (c) 1996-2012 Texas Instruments Incorporated</copyright>
   <link_time>0x5e0f45e1</link_time>
   <output_file>SigGen.out</output_file>
   <entry_point>
      <name>_c_int00</name>
      <address>0x304ba</address>
   </entry_point>
   <input_file_list>
      <input_file id="fl-2">
         <path>.\</path>
         <kind>object</kind>
         <file>main.obj</file>
         <name>main.obj</name>
      </input_file>
      <input_file id="fl-3">
         <path>.\</path>
         <kind>object</kind>
         <file>sine.obj</file>
         <name>sine.obj</name>
      </input_file>
      <input_file id="fl-4">
         <path>.\</path>
         <kind>object</kind>
         <file>switch.obj</file>
         <name>switch.obj</name>
      </input_file>
      <input_file id="fl-5">
         <path>.\</path>
         <kind>object</kind>
         <file>wavecom.obj</file>
         <name>wavecom.obj</name>
      </input_file>
      <input_file id="fl-6">
         <path>.\BSL\src\</path>
         <kind>object</kind>
         <file>aic3204_loop_linein.obj</file>
         <name>aic3204_loop_linein.obj</name>
      </input_file>
      <input_file id="fl-7">
         <path>.\BSL\src\</path>
         <kind>object</kind>
         <file>aic3204_test.obj</file>
         <name>aic3204_test.obj</name>
      </input_file>
      <input_file id="fl-8">
         <path>.\BSL\src\</path>
         <kind>object</kind>
         <file>ezdsp5535.obj</file>
         <name>ezdsp5535.obj</name>
      </input_file>
      <input_file id="fl-9">
         <path>.\BSL\src\</path>
         <kind>object</kind>
         <file>ezdsp5535_gpio.obj</file>
         <name>ezdsp5535_gpio.obj</name>
      </input_file>
      <input_file id="fl-a">
         <path>.\BSL\src\</path>
         <kind>object</kind>
         <file>ezdsp5535_i2c.obj</file>
         <name>ezdsp5535_i2c.obj</name>
      </input_file>
      <input_file id="fl-b">
         <path>.\BSL\src\</path>
         <kind>object</kind>
         <file>ezdsp5535_i2s.obj</file>
         <name>ezdsp5535_i2s.obj</name>
      </input_file>
      <input_file id="fl-c">
         <path>.\BSL\src\</path>
         <kind>object</kind>
         <file>ezdsp5535_lcd.obj</file>
         <name>ezdsp5535_lcd.obj</name>
      </input_file>
      <input_file id="fl-d">
         <path>.\BSL\src\</path>
         <kind>object</kind>
         <file>ezdsp5535_led.obj</file>
         <name>ezdsp5535_led.obj</name>
      </input_file>
      <input_file id="fl-e">
         <path>.\BSL\src\</path>
         <kind>object</kind>
         <file>ezdsp5535_sar.obj</file>
         <name>ezdsp5535_sar.obj</name>
      </input_file>
      <input_file id="fl-f">
         <path>.\BSL\src\</path>
         <kind>object</kind>
         <file>ezdsp5535_sdcard.obj</file>
         <name>ezdsp5535_sdcard.obj</name>
      </input_file>
      <input_file id="fl-10">
         <path>.\BSL\src\</path>
         <kind>object</kind>
         <file>ezdsp5535_spiflash.obj</file>
         <name>ezdsp5535_spiflash.obj</name>
      </input_file>
      <input_file id="fl-11">
         <path>.\BSL\src\</path>
         <kind>object</kind>
         <file>ezdsp5535_uart.obj</file>
         <name>ezdsp5535_uart.obj</name>
      </input_file>
      <input_file id="fl-1a">
         <path>..\lib\</path>
         <kind>archive</kind>
         <file>C55XXCSL_LP.lib</file>
         <name>csl_uart.obj</name>
      </input_file>
      <input_file id="fl-1b">
         <path>..\lib\</path>
         <kind>archive</kind>
         <file>C55XXCSL_LP.lib</file>
         <name>csl_sysctrl.obj</name>
      </input_file>
      <input_file id="fl-1c">
         <path>..\lib\</path>
         <kind>archive</kind>
         <file>C55XXCSL_LP.lib</file>
         <name>csl_spi.obj</name>
      </input_file>
      <input_file id="fl-1d">
         <path>..\lib\</path>
         <kind>archive</kind>
         <file>C55XXCSL_LP.lib</file>
         <name>csl_sar.obj</name>
      </input_file>
      <input_file id="fl-1e">
         <path>..\lib\</path>
         <kind>archive</kind>
         <file>C55XXCSL_LP.lib</file>
         <name>csl_mmcsd.obj</name>
      </input_file>
      <input_file id="fl-1f">
         <path>..\lib\</path>
         <kind>archive</kind>
         <file>C55XXCSL_LP.lib</file>
         <name>csl_intc.obj</name>
      </input_file>
      <input_file id="fl-20">
         <path>..\lib\</path>
         <kind>archive</kind>
         <file>C55XXCSL_LP.lib</file>
         <name>csl_i2s.obj</name>
      </input_file>
      <input_file id="fl-21">
         <path>..\lib\</path>
         <kind>archive</kind>
         <file>C55XXCSL_LP.lib</file>
         <name>csl_i2c.obj</name>
      </input_file>
      <input_file id="fl-22">
         <path>..\lib\</path>
         <kind>archive</kind>
         <file>C55XXCSL_LP.lib</file>
         <name>csl_gpio.obj</name>
      </input_file>
      <input_file id="fl-23">
         <path>..\lib\</path>
         <kind>archive</kind>
         <file>C55XXCSL_LP.lib</file>
         <name>csl_dma.obj</name>
      </input_file>
      <input_file id="fl-37">
         <path>C:\ti\ccsv6\tools\compiler\c5500_4.4.1\lib\</path>
         <kind>archive</kind>
         <file>rts55x.lib</file>
         <name>boot.obj</name>
      </input_file>
      <input_file id="fl-38">
         <path>C:\ti\ccsv6\tools\compiler\c5500_4.4.1\lib\</path>
         <kind>archive</kind>
         <file>rts55x.lib</file>
         <name>divul.obj</name>
      </input_file>
      <input_file id="fl-39">
         <path>C:\ti\ccsv6\tools\compiler\c5500_4.4.1\lib\</path>
         <kind>archive</kind>
         <file>rts55x.lib</file>
         <name>exit.obj</name>
      </input_file>
      <input_file id="fl-3a">
         <path>C:\ti\ccsv6\tools\compiler\c5500_4.4.1\lib\</path>
         <kind>archive</kind>
         <file>rts55x.lib</file>
         <name>lmpy.obj</name>
      </input_file>
      <input_file id="fl-3b">
         <path>C:\ti\ccsv6\tools\compiler\c5500_4.4.1\lib\</path>
         <kind>archive</kind>
         <file>rts55x.lib</file>
         <name>printf.obj</name>
      </input_file>
      <input_file id="fl-3c">
         <path>C:\ti\ccsv6\tools\compiler\c5500_4.4.1\lib\</path>
         <kind>archive</kind>
         <file>rts55x.lib</file>
         <name>remul.obj</name>
      </input_file>
      <input_file id="fl-3d">
         <path>C:\ti\ccsv6\tools\compiler\c5500_4.4.1\lib\</path>
         <kind>archive</kind>
         <file>rts55x.lib</file>
         <name>udiv.obj</name>
      </input_file>
      <input_file id="fl-3e">
         <path>C:\ti\ccsv6\tools\compiler\c5500_4.4.1\lib\</path>
         <kind>archive</kind>
         <file>rts55x.lib</file>
         <name>vectors.obj</name>
      </input_file>
      <input_file id="fl-3f">
         <path>C:\ti\ccsv6\tools\compiler\c5500_4.4.1\lib\</path>
         <kind>archive</kind>
         <file>rts55x.lib</file>
         <name>_lock.obj</name>
      </input_file>
      <input_file id="fl-40">
         <path>C:\ti\ccsv6\tools\compiler\c5500_4.4.1\lib\</path>
         <kind>archive</kind>
         <file>rts55x.lib</file>
         <name>_printfi.obj</name>
      </input_file>
      <input_file id="fl-41">
         <path>C:\ti\ccsv6\tools\compiler\c5500_4.4.1\lib\</path>
         <kind>archive</kind>
         <file>rts55x.lib</file>
         <name>args_main.obj</name>
      </input_file>
      <input_file id="fl-42">
         <path>C:\ti\ccsv6\tools\compiler\c5500_4.4.1\lib\</path>
         <kind>archive</kind>
         <file>rts55x.lib</file>
         <name>atoi.obj</name>
      </input_file>
      <input_file id="fl-43">
         <path>C:\ti\ccsv6\tools\compiler\c5500_4.4.1\lib\</path>
         <kind>archive</kind>
         <file>rts55x.lib</file>
         <name>autoinit.obj</name>
      </input_file>
      <input_file id="fl-44">
         <path>C:\ti\ccsv6\tools\compiler\c5500_4.4.1\lib\</path>
         <kind>archive</kind>
         <file>rts55x.lib</file>
         <name>cmpd.obj</name>
      </input_file>
      <input_file id="fl-45">
         <path>C:\ti\ccsv6\tools\compiler\c5500_4.4.1\lib\</path>
         <kind>archive</kind>
         <file>rts55x.lib</file>
         <name>ctype.obj</name>
      </input_file>
      <input_file id="fl-46">
         <path>C:\ti\ccsv6\tools\compiler\c5500_4.4.1\lib\</path>
         <kind>archive</kind>
         <file>rts55x.lib</file>
         <name>defs.obj</name>
      </input_file>
      <input_file id="fl-47">
         <path>C:\ti\ccsv6\tools\compiler\c5500_4.4.1\lib\</path>
         <kind>archive</kind>
         <file>rts55x.lib</file>
         <name>divd.obj</name>
      </input_file>
      <input_file id="fl-48">
         <path>C:\ti\ccsv6\tools\compiler\c5500_4.4.1\lib\</path>
         <kind>archive</kind>
         <file>rts55x.lib</file>
         <name>fixdi.obj</name>
      </input_file>
      <input_file id="fl-49">
         <path>C:\ti\ccsv6\tools\compiler\c5500_4.4.1\lib\</path>
         <kind>archive</kind>
         <file>rts55x.lib</file>
         <name>fixdli.obj</name>
      </input_file>
      <input_file id="fl-4a">
         <path>C:\ti\ccsv6\tools\compiler\c5500_4.4.1\lib\</path>
         <kind>archive</kind>
         <file>rts55x.lib</file>
         <name>fltlid.obj</name>
      </input_file>
      <input_file id="fl-4b">
         <path>C:\ti\ccsv6\tools\compiler\c5500_4.4.1\lib\</path>
         <kind>archive</kind>
         <file>rts55x.lib</file>
         <name>fputc.obj</name>
      </input_file>
      <input_file id="fl-4c">
         <path>C:\ti\ccsv6\tools\compiler\c5500_4.4.1\lib\</path>
         <kind>archive</kind>
         <file>rts55x.lib</file>
         <name>fputs.obj</name>
      </input_file>
      <input_file id="fl-4d">
         <path>C:\ti\ccsv6\tools\compiler\c5500_4.4.1\lib\</path>
         <kind>archive</kind>
         <file>rts55x.lib</file>
         <name>frcmpyd_div.obj</name>
      </input_file>
      <input_file id="fl-4e">
         <path>C:\ti\ccsv6\tools\compiler\c5500_4.4.1\lib\</path>
         <kind>archive</kind>
         <file>rts55x.lib</file>
         <name>isinf.obj</name>
      </input_file>
      <input_file id="fl-4f">
         <path>C:\ti\ccsv6\tools\compiler\c5500_4.4.1\lib\</path>
         <kind>archive</kind>
         <file>rts55x.lib</file>
         <name>llmpy.obj</name>
      </input_file>
      <input_file id="fl-50">
         <path>C:\ti\ccsv6\tools\compiler\c5500_4.4.1\lib\</path>
         <kind>archive</kind>
         <file>rts55x.lib</file>
         <name>lowlev.obj</name>
      </input_file>
      <input_file id="fl-51">
         <path>C:\ti\ccsv6\tools\compiler\c5500_4.4.1\lib\</path>
         <kind>archive</kind>
         <file>rts55x.lib</file>
         <name>ltoa.obj</name>
      </input_file>
      <input_file id="fl-52">
         <path>C:\ti\ccsv6\tools\compiler\c5500_4.4.1\lib\</path>
         <kind>archive</kind>
         <file>rts55x.lib</file>
         <name>memccpy.obj</name>
      </input_file>
      <input_file id="fl-53">
         <path>C:\ti\ccsv6\tools\compiler\c5500_4.4.1\lib\</path>
         <kind>archive</kind>
         <file>rts55x.lib</file>
         <name>memcpy.obj</name>
      </input_file>
      <input_file id="fl-54">
         <path>C:\ti\ccsv6\tools\compiler\c5500_4.4.1\lib\</path>
         <kind>archive</kind>
         <file>rts55x.lib</file>
         <name>mpyd.obj</name>
      </input_file>
      <input_file id="fl-55">
         <path>C:\ti\ccsv6\tools\compiler\c5500_4.4.1\lib\</path>
         <kind>archive</kind>
         <file>rts55x.lib</file>
         <name>negd.obj</name>
      </input_file>
      <input_file id="fl-56">
         <path>C:\ti\ccsv6\tools\compiler\c5500_4.4.1\lib\</path>
         <kind>archive</kind>
         <file>rts55x.lib</file>
         <name>remli.obj</name>
      </input_file>
      <input_file id="fl-57">
         <path>C:\ti\ccsv6\tools\compiler\c5500_4.4.1\lib\</path>
         <kind>archive</kind>
         <file>rts55x.lib</file>
         <name>subd.obj</name>
      </input_file>
      <input_file id="fl-58">
         <path>C:\ti\ccsv6\tools\compiler\c5500_4.4.1\lib\</path>
         <kind>archive</kind>
         <file>rts55x.lib</file>
         <name>trgdrv.obj</name>
      </input_file>
      <input_file id="fl-59">
         <path>C:\ti\ccsv6\tools\compiler\c5500_4.4.1\lib\</path>
         <kind>archive</kind>
         <file>rts55x.lib</file>
         <name>trgmsg.obj</name>
      </input_file>
      <input_file id="fl-5a">
         <path>C:\ti\ccsv6\tools\compiler\c5500_4.4.1\lib\</path>
         <kind>archive</kind>
         <file>rts55x.lib</file>
         <name>_io_perm.obj</name>
      </input_file>
      <input_file id="fl-5b">
         <path>C:\ti\ccsv6\tools\compiler\c5500_4.4.1\lib\</path>
         <kind>archive</kind>
         <file>rts55x.lib</file>
         <name>addd.obj</name>
      </input_file>
      <input_file id="fl-5c">
         <path>C:\ti\ccsv6\tools\compiler\c5500_4.4.1\lib\</path>
         <kind>archive</kind>
         <file>rts55x.lib</file>
         <name>divli.obj</name>
      </input_file>
      <input_file id="fl-5d">
         <path>C:\ti\ccsv6\tools\compiler\c5500_4.4.1\lib\</path>
         <kind>archive</kind>
         <file>rts55x.lib</file>
         <name>fflush.obj</name>
      </input_file>
      <input_file id="fl-5e">
         <path>C:\ti\ccsv6\tools\compiler\c5500_4.4.1\lib\</path>
         <kind>archive</kind>
         <file>rts55x.lib</file>
         <name>frcmpyd.obj</name>
      </input_file>
      <input_file id="fl-5f">
         <path>C:\ti\ccsv6\tools\compiler\c5500_4.4.1\lib\</path>
         <kind>archive</kind>
         <file>rts55x.lib</file>
         <name>fseek.obj</name>
      </input_file>
      <input_file id="fl-60">
         <path>C:\ti\ccsv6\tools\compiler\c5500_4.4.1\lib\</path>
         <kind>archive</kind>
         <file>rts55x.lib</file>
         <name>setvbuf.obj</name>
      </input_file>
      <input_file id="fl-61">
         <path>C:\ti\ccsv6\tools\compiler\c5500_4.4.1\lib\</path>
         <kind>archive</kind>
         <file>rts55x.lib</file>
         <name>fopen.obj</name>
      </input_file>
      <input_file id="fl-62">
         <path>C:\ti\ccsv6\tools\compiler\c5500_4.4.1\lib\</path>
         <kind>archive</kind>
         <file>rts55x.lib</file>
         <name>memory.obj</name>
      </input_file>
      <input_file id="fl-63">
         <path>C:\ti\ccsv6\tools\compiler\c5500_4.4.1\lib\</path>
         <kind>archive</kind>
         <file>rts55x.lib</file>
         <name>fclose.obj</name>
      </input_file>
      <input_file id="fl-64">
         <path>C:\ti\ccsv6\tools\compiler\c5500_4.4.1\lib\</path>
         <kind>archive</kind>
         <file>rts55x.lib</file>
         <name>remove.obj</name>
      </input_file>
   </input_file_list>
   <object_component_list>
      <object_component id="oc-88">
         <name>.text</name>
         <load_address>0x20000</load_address>
         <run_address>0x20000</run_address>
         <size>0x451c</size>
         <input_file_ref idref="fl-1e"/>
      </object_component>
      <object_component id="oc-a6">
         <name>.text</name>
         <load_address>0x2451c</load_address>
         <run_address>0x2451c</run_address>
         <size>0x1f50</size>
         <input_file_ref idref="fl-23"/>
      </object_component>
      <object_component id="oc-d4">
         <name>.text</name>
         <load_address>0x2646c</load_address>
         <run_address>0x2646c</run_address>
         <size>0x15a4</size>
         <input_file_ref idref="fl-40"/>
      </object_component>
      <object_component id="oc-72">
         <name>.text</name>
         <load_address>0x27a10</load_address>
         <run_address>0x27a10</run_address>
         <size>0x10b9</size>
         <input_file_ref idref="fl-1a"/>
      </object_component>
      <object_component id="oc-9b">
         <name>.text</name>
         <load_address>0x28ac9</load_address>
         <run_address>0x28ac9</run_address>
         <size>0xe8f</size>
         <input_file_ref idref="fl-21"/>
      </object_component>
      <object_component id="oc-83">
         <name>.text</name>
         <load_address>0x29958</load_address>
         <run_address>0x29958</run_address>
         <size>0xb18</size>
         <input_file_ref idref="fl-1d"/>
      </object_component>
      <object_component id="oc-94">
         <name>.text</name>
         <load_address>0x2a470</load_address>
         <run_address>0x2a470</run_address>
         <size>0x997</size>
         <input_file_ref idref="fl-20"/>
      </object_component>
      <object_component id="oc-a1">
         <name>.text</name>
         <load_address>0x2ae07</load_address>
         <run_address>0x2ae07</run_address>
         <size>0x68d</size>
         <input_file_ref idref="fl-22"/>
      </object_component>
      <object_component id="oc-116">
         <name>.text</name>
         <load_address>0x2b494</load_address>
         <run_address>0x2b494</run_address>
         <size>0x543</size>
         <input_file_ref idref="fl-50"/>
      </object_component>
      <object_component id="oc-138">
         <name>.text</name>
         <load_address>0x2b9d7</load_address>
         <run_address>0x2b9d7</run_address>
         <size>0x528</size>
         <input_file_ref idref="fl-58"/>
      </object_component>
      <object_component id="oc-7d">
         <name>.text</name>
         <load_address>0x2beff</load_address>
         <run_address>0x2beff</run_address>
         <size>0x521</size>
         <input_file_ref idref="fl-1c"/>
      </object_component>
      <object_component id="oc-8e">
         <name>.text</name>
         <load_address>0x2c420</load_address>
         <run_address>0x2c420</run_address>
         <size>0x508</size>
         <input_file_ref idref="fl-1f"/>
      </object_component>
      <object_component id="oc-5f">
         <name>.text</name>
         <load_address>0x2c928</load_address>
         <run_address>0x2c928</run_address>
         <size>0x4ce</size>
         <input_file_ref idref="fl-f"/>
      </object_component>
      <object_component id="oc-165">
         <name>.text</name>
         <load_address>0x2cdf6</load_address>
         <run_address>0x2cdf6</run_address>
         <size>0x4b5</size>
         <input_file_ref idref="fl-62"/>
      </object_component>
      <object_component id="oc-32">
         <name>.text</name>
         <load_address>0x2d2ab</load_address>
         <run_address>0x2d2ab</run_address>
         <size>0x3de</size>
         <input_file_ref idref="fl-7"/>
      </object_component>
      <object_component id="oc-f0">
         <name>.text</name>
         <load_address>0x2d689</load_address>
         <run_address>0x2d689</run_address>
         <size>0x3cc</size>
         <input_file_ref idref="fl-47"/>
      </object_component>
      <object_component id="oc-66">
         <name>.text</name>
         <load_address>0x2da55</load_address>
         <run_address>0x2da55</run_address>
         <size>0x3bd</size>
         <input_file_ref idref="fl-10"/>
      </object_component>
      <object_component id="oc-26">
         <name>.text</name>
         <load_address>0x2de12</load_address>
         <run_address>0x2de12</run_address>
         <size>0x332</size>
         <input_file_ref idref="fl-5"/>
      </object_component>
      <object_component id="oc-15f">
         <name>.text</name>
         <load_address>0x2e144</load_address>
         <run_address>0x2e144</run_address>
         <size>0x27f</size>
         <input_file_ref idref="fl-61"/>
      </object_component>
      <object_component id="oc-77">
         <name>.text</name>
         <load_address>0x2e3c3</load_address>
         <run_address>0x2e3c3</run_address>
         <size>0x25e</size>
         <input_file_ref idref="fl-1b"/>
      </object_component>
      <object_component id="oc-112">
         <name>.text</name>
         <load_address>0x2e621</load_address>
         <run_address>0x2e621</run_address>
         <size>0x25e</size>
         <input_file_ref idref="fl-4f"/>
      </object_component>
      <object_component id="oc-147">
         <name>.text</name>
         <load_address>0x2e87f</load_address>
         <run_address>0x2e87f</run_address>
         <size>0x25a</size>
         <input_file_ref idref="fl-5b"/>
      </object_component>
      <object_component id="oc-e6">
         <name>.text</name>
         <load_address>0x2ead9</load_address>
         <run_address>0x2ead9</run_address>
         <size>0x1ea</size>
         <input_file_ref idref="fl-44"/>
      </object_component>
      <object_component id="oc-53">
         <name>.text</name>
         <load_address>0x2ecc3</load_address>
         <run_address>0x2ecc3</run_address>
         <size>0x1e7</size>
         <input_file_ref idref="fl-d"/>
      </object_component>
      <object_component id="oc-4e">
         <name>.text</name>
         <load_address>0x2eeaa</load_address>
         <run_address>0x2eeaa</run_address>
         <size>0x192</size>
         <input_file_ref idref="fl-c"/>
      </object_component>
      <object_component id="oc-58">
         <name>.text</name>
         <load_address>0x2f03c</load_address>
         <run_address>0x2f03c</run_address>
         <size>0x17a</size>
         <input_file_ref idref="fl-e"/>
      </object_component>
      <object_component id="oc-1e">
         <name>.text</name>
         <load_address>0x2f1b6</load_address>
         <run_address>0x2f1b6</run_address>
         <size>0x177</size>
         <input_file_ref idref="fl-4"/>
      </object_component>
      <object_component id="oc-105">
         <name>.text</name>
         <load_address>0x2f32d</load_address>
         <run_address>0x2f32d</run_address>
         <size>0x163</size>
         <input_file_ref idref="fl-4c"/>
      </object_component>
      <object_component id="oc-128">
         <name>.text</name>
         <load_address>0x2f490</load_address>
         <run_address>0x2f490</run_address>
         <size>0x14c</size>
         <input_file_ref idref="fl-54"/>
      </object_component>
      <object_component id="oc-48">
         <name>.text</name>
         <load_address>0x2f5dc</load_address>
         <run_address>0x2f5dc</run_address>
         <size>0x107</size>
         <input_file_ref idref="fl-b"/>
      </object_component>
      <object_component id="oc-15b">
         <name>.text</name>
         <load_address>0x2f6e3</load_address>
         <run_address>0x2f6e3</run_address>
         <size>0xe6</size>
         <input_file_ref idref="fl-60"/>
      </object_component>
      <object_component id="oc-143">
         <name>.text</name>
         <load_address>0x2f7c9</load_address>
         <run_address>0x2f7c9</run_address>
         <size>0xdd</size>
         <input_file_ref idref="fl-5a"/>
      </object_component>
      <object_component id="oc-14f">
         <name>.text</name>
         <load_address>0x2f8a6</load_address>
         <run_address>0x2f8a6</run_address>
         <size>0xc2</size>
         <input_file_ref idref="fl-5d"/>
      </object_component>
      <object_component id="oc-140">
         <name>.text:CIO_breakpoint</name>
         <load_address>0x2f968</load_address>
         <run_address>0x2f968</run_address>
         <size>0xba</size>
         <input_file_ref idref="fl-59"/>
      </object_component>
      <object_component id="oc-101">
         <name>.text</name>
         <load_address>0x2fa22</load_address>
         <run_address>0x2fa22</run_address>
         <size>0xa6</size>
         <input_file_ref idref="fl-4b"/>
      </object_component>
      <object_component id="oc-af">
         <name>.text</name>
         <load_address>0x2fac8</load_address>
         <run_address>0x2fac8</run_address>
         <size>0xa1</size>
         <input_file_ref idref="fl-38"/>
      </object_component>
      <object_component id="oc-6c">
         <name>.text</name>
         <load_address>0x2fb69</load_address>
         <run_address>0x2fb69</run_address>
         <size>0x9f</size>
         <input_file_ref idref="fl-11"/>
      </object_component>
      <object_component id="oc-43">
         <name>.text</name>
         <load_address>0x2fc08</load_address>
         <run_address>0x2fc08</run_address>
         <size>0x97</size>
         <input_file_ref idref="fl-a"/>
      </object_component>
      <object_component id="oc-2d">
         <name>.text</name>
         <load_address>0x2fc9f</load_address>
         <run_address>0x2fc9f</run_address>
         <size>0x8b</size>
         <input_file_ref idref="fl-6"/>
      </object_component>
      <object_component id="oc-3d">
         <name>.text</name>
         <load_address>0x2fd2a</load_address>
         <run_address>0x2fd2a</run_address>
         <size>0x87</size>
         <input_file_ref idref="fl-9"/>
      </object_component>
      <object_component id="oc-11c">
         <name>.text</name>
         <load_address>0x2fdb1</load_address>
         <run_address>0x2fdb1</run_address>
         <size>0x7d</size>
         <input_file_ref idref="fl-51"/>
      </object_component>
      <object_component id="oc-16c">
         <name>.text</name>
         <load_address>0x2fe2e</load_address>
         <run_address>0x2fe2e</run_address>
         <size>0x7b</size>
         <input_file_ref idref="fl-63"/>
      </object_component>
      <object_component id="oc-153">
         <name>.text</name>
         <load_address>0x2fea9</load_address>
         <run_address>0x2fea9</run_address>
         <size>0x76</size>
         <input_file_ref idref="fl-5e"/>
      </object_component>
      <object_component id="oc-10a">
         <name>.text</name>
         <load_address>0x2ff1f</load_address>
         <run_address>0x2ff1f</run_address>
         <size>0x73</size>
         <input_file_ref idref="fl-4d"/>
      </object_component>
      <object_component id="oc-c2">
         <name>.text</name>
         <load_address>0x2ff92</load_address>
         <run_address>0x2ff92</run_address>
         <size>0x72</size>
         <input_file_ref idref="fl-3c"/>
      </object_component>
      <object_component id="oc-f8">
         <name>.text</name>
         <load_address>0x30004</load_address>
         <run_address>0x30004</run_address>
         <size>0x6f</size>
         <input_file_ref idref="fl-49"/>
      </object_component>
      <object_component id="oc-13d">
         <name>.text</name>
         <load_address>0x30073</load_address>
         <run_address>0x30073</run_address>
         <size>0x6d</size>
         <input_file_ref idref="fl-59"/>
      </object_component>
      <object_component id="oc-157">
         <name>.text</name>
         <load_address>0x300e0</load_address>
         <run_address>0x300e0</run_address>
         <size>0x6b</size>
         <input_file_ref idref="fl-5f"/>
      </object_component>
      <object_component id="oc-fc">
         <name>.text</name>
         <load_address>0x3014b</load_address>
         <run_address>0x3014b</run_address>
         <size>0x67</size>
         <input_file_ref idref="fl-4a"/>
      </object_component>
      <object_component id="oc-19">
         <name>.text</name>
         <load_address>0x301b2</load_address>
         <run_address>0x301b2</run_address>
         <size>0x60</size>
         <input_file_ref idref="fl-3"/>
      </object_component>
      <object_component id="oc-de">
         <name>.text</name>
         <load_address>0x30212</load_address>
         <run_address>0x30212</run_address>
         <size>0x5c</size>
         <input_file_ref idref="fl-42"/>
      </object_component>
      <object_component id="oc-38">
         <name>.text</name>
         <load_address>0x3026e</load_address>
         <run_address>0x3026e</run_address>
         <size>0x54</size>
         <input_file_ref idref="fl-8"/>
      </object_component>
      <object_component id="oc-be">
         <name>.text</name>
         <load_address>0x302c2</load_address>
         <run_address>0x302c2</run_address>
         <size>0x50</size>
         <input_file_ref idref="fl-3b"/>
      </object_component>
      <object_component id="oc-e2">
         <name>.text</name>
         <load_address>0x30312</load_address>
         <run_address>0x30312</run_address>
         <size>0x4d</size>
         <input_file_ref idref="fl-43"/>
      </object_component>
      <object_component id="oc-da">
         <name>.text</name>
         <load_address>0x3035f</load_address>
         <run_address>0x3035f</run_address>
         <size>0x4b</size>
         <input_file_ref idref="fl-41"/>
      </object_component>
      <object_component id="oc-130">
         <name>.text</name>
         <load_address>0x303aa</load_address>
         <run_address>0x303aa</run_address>
         <size>0x4b</size>
         <input_file_ref idref="fl-56"/>
      </object_component>
      <object_component id="oc-14b">
         <name>.text</name>
         <load_address>0x303f5</load_address>
         <run_address>0x303f5</run_address>
         <size>0x48</size>
         <input_file_ref idref="fl-5c"/>
      </object_component>
      <object_component id="oc-124">
         <name>.text</name>
         <load_address>0x3043d</load_address>
         <run_address>0x3043d</run_address>
         <size>0x3f</size>
         <input_file_ref idref="fl-53"/>
      </object_component>
      <object_component id="oc-b3">
         <name>.text</name>
         <load_address>0x3047c</load_address>
         <run_address>0x3047c</run_address>
         <size>0x3e</size>
         <input_file_ref idref="fl-39"/>
      </object_component>
      <object_component id="oc-10">
         <name>.text</name>
         <load_address>0x304ba</load_address>
         <run_address>0x304ba</run_address>
         <size>0x34</size>
         <input_file_ref idref="fl-37"/>
      </object_component>
      <object_component id="oc-12">
         <name>.text</name>
         <load_address>0x304ee</load_address>
         <run_address>0x304ee</run_address>
         <size>0x2b</size>
         <input_file_ref idref="fl-2"/>
      </object_component>
      <object_component id="oc-f4">
         <name>.text</name>
         <load_address>0x30519</load_address>
         <run_address>0x30519</run_address>
         <size>0x2a</size>
         <input_file_ref idref="fl-48"/>
      </object_component>
      <object_component id="oc-c6">
         <name>.text</name>
         <load_address>0x30543</load_address>
         <run_address>0x30543</run_address>
         <size>0x2a</size>
         <input_file_ref idref="fl-3d"/>
      </object_component>
      <object_component id="oc-120">
         <name>.text</name>
         <load_address>0x3056d</load_address>
         <run_address>0x3056d</run_address>
         <size>0x23</size>
         <input_file_ref idref="fl-52"/>
      </object_component>
      <object_component id="oc-10e">
         <name>.text</name>
         <load_address>0x30590</load_address>
         <run_address>0x30590</run_address>
         <size>0x1a</size>
         <input_file_ref idref="fl-4e"/>
      </object_component>
      <object_component id="oc-134">
         <name>.text</name>
         <load_address>0x305aa</load_address>
         <run_address>0x305aa</run_address>
         <size>0x14</size>
         <input_file_ref idref="fl-57"/>
      </object_component>
      <object_component id="oc-ba">
         <name>.text</name>
         <load_address>0x305be</load_address>
         <run_address>0x305be</run_address>
         <size>0x13</size>
         <input_file_ref idref="fl-3a"/>
      </object_component>
      <object_component id="oc-ce">
         <name>.text</name>
         <load_address>0x305d1</load_address>
         <run_address>0x305d1</run_address>
         <size>0x12</size>
         <input_file_ref idref="fl-3f"/>
      </object_component>
      <object_component id="oc-12c">
         <name>.text</name>
         <load_address>0x305e3</load_address>
         <run_address>0x305e3</run_address>
         <size>0x10</size>
         <input_file_ref idref="fl-55"/>
      </object_component>
      <object_component id="oc-170">
         <name>.text</name>
         <load_address>0x305f3</load_address>
         <run_address>0x305f3</run_address>
         <size>0xa</size>
         <input_file_ref idref="fl-64"/>
      </object_component>
      <object_component id="oc-b7">
         <name>.text:CIO_breakpoint</name>
         <load_address>0x305fd</load_address>
         <run_address>0x305fd</run_address>
         <size>0x7</size>
         <input_file_ref idref="fl-39"/>
      </object_component>
      <object_component id="oc-ca">
         <name>.text</name>
         <load_address>0x30604</load_address>
         <run_address>0x30604</run_address>
         <size>0x2</size>
         <input_file_ref idref="fl-3e"/>
      </object_component>
      <object_component id="oc-ab">
         <name>.stack</name>
         <uninitialized>true</uninitialized>
         <run_address>0xc0</run_address>
         <size>0x0</size>
         <input_file_ref idref="fl-37"/>
      </object_component>
      <object_component id="oc-192">
         <name>.stack</name>
         <uninitialized>true</uninitialized>
         <run_address>0xc0</run_address>
         <size>0x0</size>
      </object_component>
      <object_component id="oc-174">
         <name>.sysstack</name>
         <uninitialized>true</uninitialized>
         <run_address>0x20c0</run_address>
         <size>0x0</size>
         <input_file_ref idref="fl-37"/>
      </object_component>
      <object_component id="oc-194">
         <name>.sysstack</name>
         <uninitialized>true</uninitialized>
         <run_address>0x20c0</run_address>
         <size>0x0</size>
      </object_component>
      <object_component id="oc-1a">
         <name>.data:.text</name>
         <load_address>0x5c66</load_address>
         <run_address>0x5c66</run_address>
         <size>0x2</size>
         <input_file_ref idref="fl-3"/>
      </object_component>
      <object_component id="oc-ec">
         <name>.bss</name>
         <uninitialized>true</uninitialized>
         <run_address>0x5dec</run_address>
         <size>0x232</size>
         <input_file_ref idref="fl-46"/>
      </object_component>
      <object_component id="oc-160">
         <name>.bss</name>
         <uninitialized>true</uninitialized>
         <run_address>0x601e</run_address>
         <size>0x2</size>
         <input_file_ref idref="fl-61"/>
      </object_component>
      <object_component id="oc-67">
         <name>.bss</name>
         <uninitialized>true</uninitialized>
         <run_address>0x6020</run_address>
         <size>0x224</size>
         <input_file_ref idref="fl-10"/>
      </object_component>
      <object_component id="oc-139">
         <name>.bss</name>
         <uninitialized>true</uninitialized>
         <run_address>0x6244</run_address>
         <size>0x1a0</size>
         <input_file_ref idref="fl-58"/>
      </object_component>
      <object_component id="oc-60">
         <name>.bss</name>
         <uninitialized>true</uninitialized>
         <run_address>0x63e4</run_address>
         <size>0x12a</size>
         <input_file_ref idref="fl-f"/>
      </object_component>
      <object_component id="oc-8f">
         <name>.bss</name>
         <uninitialized>true</uninitialized>
         <run_address>0x6510</run_address>
         <size>0x108</size>
         <input_file_ref idref="fl-1f"/>
      </object_component>
      <object_component id="oc-117">
         <name>.bss</name>
         <uninitialized>true</uninitialized>
         <run_address>0x6618</run_address>
         <size>0xe2</size>
         <input_file_ref idref="fl-50"/>
      </object_component>
      <object_component id="oc-95">
         <name>.bss</name>
         <uninitialized>true</uninitialized>
         <run_address>0x66fa</run_address>
         <size>0x54</size>
         <input_file_ref idref="fl-20"/>
      </object_component>
      <object_component id="oc-1f">
         <name>.bss</name>
         <uninitialized>true</uninitialized>
         <run_address>0x6750</run_address>
         <size>0x4e</size>
         <input_file_ref idref="fl-4"/>
      </object_component>
      <object_component id="oc-89">
         <name>.bss</name>
         <uninitialized>true</uninitialized>
         <run_address>0x67a0</run_address>
         <size>0x48</size>
         <input_file_ref idref="fl-1e"/>
      </object_component>
      <object_component id="oc-6d">
         <name>.bss</name>
         <uninitialized>true</uninitialized>
         <run_address>0x67e8</run_address>
         <size>0x2c</size>
         <input_file_ref idref="fl-11"/>
      </object_component>
      <object_component id="oc-9c">
         <name>.bss</name>
         <uninitialized>true</uninitialized>
         <run_address>0x6814</run_address>
         <size>0x24</size>
         <input_file_ref idref="fl-21"/>
      </object_component>
      <object_component id="oc-59">
         <name>.bss</name>
         <uninitialized>true</uninitialized>
         <run_address>0x6838</run_address>
         <size>0x10</size>
         <input_file_ref idref="fl-e"/>
      </object_component>
      <object_component id="oc-166">
         <name>.bss</name>
         <uninitialized>true</uninitialized>
         <run_address>0x6848</run_address>
         <size>0xc</size>
         <input_file_ref idref="fl-62"/>
      </object_component>
      <object_component id="oc-27">
         <name>.bss</name>
         <uninitialized>true</uninitialized>
         <run_address>0x6854</run_address>
         <size>0xa</size>
         <input_file_ref idref="fl-5"/>
      </object_component>
      <object_component id="oc-3e">
         <name>.bss</name>
         <uninitialized>true</uninitialized>
         <run_address>0x6860</run_address>
         <size>0x8</size>
         <input_file_ref idref="fl-9"/>
      </object_component>
      <object_component id="oc-cf">
         <name>.bss</name>
         <uninitialized>true</uninitialized>
         <run_address>0x6868</run_address>
         <size>0x8</size>
         <input_file_ref idref="fl-3f"/>
      </object_component>
      <object_component id="oc-b4">
         <name>.bss</name>
         <uninitialized>true</uninitialized>
         <run_address>0x6870</run_address>
         <size>0x8</size>
         <input_file_ref idref="fl-39"/>
      </object_component>
      <object_component id="oc-7e">
         <name>.bss</name>
         <uninitialized>true</uninitialized>
         <run_address>0x6878</run_address>
         <size>0x6</size>
         <input_file_ref idref="fl-1c"/>
      </object_component>
      <object_component id="oc-78">
         <name>.bss</name>
         <uninitialized>true</uninitialized>
         <run_address>0x687e</run_address>
         <size>0x6</size>
         <input_file_ref idref="fl-1b"/>
      </object_component>
      <object_component id="oc-13">
         <name>.bss</name>
         <uninitialized>true</uninitialized>
         <run_address>0x6884</run_address>
         <size>0x6</size>
         <input_file_ref idref="fl-2"/>
      </object_component>
      <object_component id="oc-49">
         <name>.bss</name>
         <uninitialized>true</uninitialized>
         <run_address>0x688c</run_address>
         <size>0x4</size>
         <input_file_ref idref="fl-b"/>
      </object_component>
      <object_component id="oc-62">
         <name>.const:.string</name>
         <load_address>0x50c0</load_address>
         <run_address>0x50c0</run_address>
         <size>0x68c</size>
         <input_file_ref idref="fl-f"/>
      </object_component>
      <object_component id="oc-34">
         <name>.const:.string</name>
         <load_address>0x574c</load_address>
         <run_address>0x574c</run_address>
         <size>0x318</size>
         <input_file_ref idref="fl-7"/>
      </object_component>
      <object_component id="oc-179">
         <name>.const:__ctypes_</name>
         <load_address>0x5a64</load_address>
         <run_address>0x5a64</run_address>
         <size>0x202</size>
         <input_file_ref idref="fl-45"/>
      </object_component>
      <object_component id="oc-22">
         <name>.const:.string</name>
         <load_address>0x5c68</load_address>
         <run_address>0x5c68</run_address>
         <size>0xf0</size>
         <input_file_ref idref="fl-4"/>
      </object_component>
      <object_component id="oc-d7">
         <name>.const:.string</name>
         <load_address>0x5d58</load_address>
         <run_address>0x5d58</run_address>
         <size>0x48</size>
         <input_file_ref idref="fl-40"/>
      </object_component>
      <object_component id="oc-15">
         <name>.const:.string</name>
         <load_address>0x5da0</load_address>
         <run_address>0x5da0</run_address>
         <size>0x1c</size>
         <input_file_ref idref="fl-2"/>
      </object_component>
      <object_component id="oc-d6">
         <name>.const</name>
         <load_address>0x5dbc</load_address>
         <run_address>0x5dbc</run_address>
         <size>0x18</size>
         <input_file_ref idref="fl-40"/>
      </object_component>
      <object_component id="oc-17a">
         <name>.const:_initial_approx$1</name>
         <load_address>0x5dd4</load_address>
         <run_address>0x5dd4</run_address>
         <size>0x10</size>
         <input_file_ref idref="fl-47"/>
      </object_component>
      <object_component id="oc-107">
         <name>.const:.string</name>
         <load_address>0x5de4</load_address>
         <run_address>0x5de4</run_address>
         <size>0x4</size>
         <input_file_ref idref="fl-4c"/>
      </object_component>
      <object_component id="oc-fe">
         <name>.const</name>
         <load_address>0x5de8</load_address>
         <run_address>0x5de8</run_address>
         <size>0x4</size>
         <input_file_ref idref="fl-4a"/>
      </object_component>
      <object_component id="oc-169">
         <name>.sysmem</name>
         <uninitialized>true</uninitialized>
         <run_address>0x30c0</run_address>
         <size>0x0</size>
         <input_file_ref idref="fl-62"/>
      </object_component>
      <object_component id="oc-193">
         <name>.sysmem</name>
         <uninitialized>true</uninitialized>
         <run_address>0x30c0</run_address>
         <size>0x0</size>
      </object_component>
      <object_component id="oc-176">
         <name>.switch:_DMA_config</name>
         <load_address>0x403d4</load_address>
         <run_address>0x403d4</run_address>
         <size>0x40</size>
         <input_file_ref idref="fl-23"/>
      </object_component>
      <object_component id="oc-177">
         <name>.switch:_DMA_getConfig</name>
         <load_address>0x40414</load_address>
         <run_address>0x40414</run_address>
         <size>0x40</size>
         <input_file_ref idref="fl-23"/>
      </object_component>
      <object_component id="oc-178">
         <name>.switch:_DMA_reset</name>
         <load_address>0x40454</load_address>
         <run_address>0x40454</run_address>
         <size>0x40</size>
         <input_file_ref idref="fl-23"/>
      </object_component>
      <object_component id="oc-175">
         <name>.switch:_SYS_setEBSR</name>
         <load_address>0x40494</load_address>
         <run_address>0x40494</run_address>
         <size>0x24</size>
         <input_file_ref idref="fl-1b"/>
      </object_component>
      <object_component id="oc-119">
         <name>.cinit</name>
         <load_address>0x40240</load_address>
         <run_address>0x40240</run_address>
         <size>0x5a</size>
         <input_file_ref idref="fl-50"/>
      </object_component>
      <object_component id="oc-21">
         <name>.cinit</name>
         <load_address>0x4029a</load_address>
         <run_address>0x4029a</run_address>
         <size>0x5a</size>
         <input_file_ref idref="fl-4"/>
      </object_component>
      <object_component id="oc-ee">
         <name>.cinit</name>
         <load_address>0x402f4</load_address>
         <run_address>0x402f4</run_address>
         <size>0x54</size>
         <input_file_ref idref="fl-46"/>
      </object_component>
      <object_component id="oc-29">
         <name>.cinit</name>
         <load_address>0x40348</load_address>
         <run_address>0x40348</run_address>
         <size>0x28</size>
         <input_file_ref idref="fl-5"/>
      </object_component>
      <object_component id="oc-5b">
         <name>.cinit</name>
         <load_address>0x40370</load_address>
         <run_address>0x40370</run_address>
         <size>0x18</size>
         <input_file_ref idref="fl-e"/>
      </object_component>
      <object_component id="oc-d1">
         <name>.cinit</name>
         <load_address>0x40388</load_address>
         <run_address>0x40388</run_address>
         <size>0x14</size>
         <input_file_ref idref="fl-3f"/>
      </object_component>
      <object_component id="oc-b6">
         <name>.cinit</name>
         <load_address>0x4039c</load_address>
         <run_address>0x4039c</run_address>
         <size>0x14</size>
         <input_file_ref idref="fl-39"/>
      </object_component>
      <object_component id="oc-97">
         <name>.cinit</name>
         <load_address>0x403b0</load_address>
         <run_address>0x403b0</run_address>
         <size>0x10</size>
         <input_file_ref idref="fl-20"/>
      </object_component>
      <object_component id="oc-162">
         <name>.cinit</name>
         <load_address>0x403c0</load_address>
         <run_address>0x403c0</run_address>
         <size>0x8</size>
         <input_file_ref idref="fl-61"/>
      </object_component>
      <object_component id="oc-168">
         <name>.cinit</name>
         <load_address>0x403c8</load_address>
         <run_address>0x403c8</run_address>
         <size>0x8</size>
         <input_file_ref idref="fl-62"/>
      </object_component>
      <object_component id="oc-13f">
         <name>.cio</name>
         <uninitialized>true</uninitialized>
         <run_address>0x40000</run_address>
         <size>0x240</size>
         <input_file_ref idref="fl-59"/>
      </object_component>
      <object_component id="oc-11">
         <name>vectors</name>
         <load_address>0x4fe00</load_address>
         <run_address>0x4fe00</run_address>
         <size>0x100</size>
         <input_file_ref idref="fl-3e"/>
      </object_component>
      <object_component id="oc-14">
         <name>.debug_info</name>
         <load_address>0x0</load_address>
         <run_address>0x0</run_address>
         <size>0x6a0</size>
         <input_file_ref idref="fl-2"/>
      </object_component>
      <object_component id="oc-1b">
         <name>.debug_info</name>
         <load_address>0x6a0</load_address>
         <run_address>0x6a0</run_address>
         <size>0xbe</size>
         <input_file_ref idref="fl-3"/>
      </object_component>
      <object_component id="oc-20">
         <name>.debug_info</name>
         <load_address>0x75e</load_address>
         <run_address>0x75e</run_address>
         <size>0x881</size>
         <input_file_ref idref="fl-4"/>
      </object_component>
      <object_component id="oc-28">
         <name>.debug_info</name>
         <load_address>0xfdf</load_address>
         <run_address>0xfdf</run_address>
         <size>0xf27</size>
         <input_file_ref idref="fl-5"/>
      </object_component>
      <object_component id="oc-2e">
         <name>.debug_info</name>
         <load_address>0x1f06</load_address>
         <run_address>0x1f06</run_address>
         <size>0x93b</size>
         <input_file_ref idref="fl-6"/>
      </object_component>
      <object_component id="oc-33">
         <name>.debug_info</name>
         <load_address>0x2841</load_address>
         <run_address>0x2841</run_address>
         <size>0xf72</size>
         <input_file_ref idref="fl-7"/>
      </object_component>
      <object_component id="oc-39">
         <name>.debug_info</name>
         <load_address>0x37b3</load_address>
         <run_address>0x37b3</run_address>
         <size>0xc8a</size>
         <input_file_ref idref="fl-8"/>
      </object_component>
      <object_component id="oc-3f">
         <name>.debug_info</name>
         <load_address>0x443d</load_address>
         <run_address>0x443d</run_address>
         <size>0x14c9</size>
         <input_file_ref idref="fl-9"/>
      </object_component>
      <object_component id="oc-44">
         <name>.debug_info</name>
         <load_address>0x5906</load_address>
         <run_address>0x5906</run_address>
         <size>0xa55</size>
         <input_file_ref idref="fl-a"/>
      </object_component>
      <object_component id="oc-4a">
         <name>.debug_info</name>
         <load_address>0x635b</load_address>
         <run_address>0x635b</run_address>
         <size>0x1548</size>
         <input_file_ref idref="fl-b"/>
      </object_component>
      <object_component id="oc-4f">
         <name>.debug_info</name>
         <load_address>0x78a3</load_address>
         <run_address>0x78a3</run_address>
         <size>0xd88</size>
         <input_file_ref idref="fl-c"/>
      </object_component>
      <object_component id="oc-54">
         <name>.debug_info</name>
         <load_address>0x862b</load_address>
         <run_address>0x862b</run_address>
         <size>0x10ba</size>
         <input_file_ref idref="fl-d"/>
      </object_component>
      <object_component id="oc-5a">
         <name>.debug_info</name>
         <load_address>0x96e5</load_address>
         <run_address>0x96e5</run_address>
         <size>0x1483</size>
         <input_file_ref idref="fl-e"/>
      </object_component>
      <object_component id="oc-61">
         <name>.debug_info</name>
         <load_address>0xab68</load_address>
         <run_address>0xab68</run_address>
         <size>0x32f2</size>
         <input_file_ref idref="fl-f"/>
      </object_component>
      <object_component id="oc-68">
         <name>.debug_info</name>
         <load_address>0xde5a</load_address>
         <run_address>0xde5a</run_address>
         <size>0x1f09</size>
         <input_file_ref idref="fl-10"/>
      </object_component>
      <object_component id="oc-6e">
         <name>.debug_info</name>
         <load_address>0xfd63</load_address>
         <run_address>0xfd63</run_address>
         <size>0x11e1</size>
         <input_file_ref idref="fl-11"/>
      </object_component>
      <object_component id="oc-73">
         <name>.debug_info</name>
         <load_address>0x10f44</load_address>
         <run_address>0x10f44</run_address>
         <size>0x3792</size>
         <input_file_ref idref="fl-1a"/>
      </object_component>
      <object_component id="oc-79">
         <name>.debug_info</name>
         <load_address>0x146d6</load_address>
         <run_address>0x146d6</run_address>
         <size>0x1057</size>
         <input_file_ref idref="fl-1b"/>
      </object_component>
      <object_component id="oc-7f">
         <name>.debug_info</name>
         <load_address>0x1572d</load_address>
         <run_address>0x1572d</run_address>
         <size>0x20df</size>
         <input_file_ref idref="fl-1c"/>
      </object_component>
      <object_component id="oc-84">
         <name>.debug_info</name>
         <load_address>0x1780c</load_address>
         <run_address>0x1780c</run_address>
         <size>0x202b</size>
         <input_file_ref idref="fl-1d"/>
      </object_component>
      <object_component id="oc-8a">
         <name>.debug_info</name>
         <load_address>0x19837</load_address>
         <run_address>0x19837</run_address>
         <size>0xb852</size>
         <input_file_ref idref="fl-1e"/>
      </object_component>
      <object_component id="oc-90">
         <name>.debug_info</name>
         <load_address>0x25089</load_address>
         <run_address>0x25089</run_address>
         <size>0x1b3a</size>
         <input_file_ref idref="fl-1f"/>
      </object_component>
      <object_component id="oc-96">
         <name>.debug_info</name>
         <load_address>0x26bc3</load_address>
         <run_address>0x26bc3</run_address>
         <size>0x22e3</size>
         <input_file_ref idref="fl-20"/>
      </object_component>
      <object_component id="oc-9d">
         <name>.debug_info</name>
         <load_address>0x28ea6</load_address>
         <run_address>0x28ea6</run_address>
         <size>0x29d8</size>
         <input_file_ref idref="fl-21"/>
      </object_component>
      <object_component id="oc-a2">
         <name>.debug_info</name>
         <load_address>0x2b87e</load_address>
         <run_address>0x2b87e</run_address>
         <size>0x185f</size>
         <input_file_ref idref="fl-22"/>
      </object_component>
      <object_component id="oc-a7">
         <name>.debug_info</name>
         <load_address>0x2d0dd</load_address>
         <run_address>0x2d0dd</run_address>
         <size>0x2802</size>
         <input_file_ref idref="fl-23"/>
      </object_component>
      <object_component id="oc-ac">
         <name>.debug_info</name>
         <load_address>0x2f8df</load_address>
         <run_address>0x2f8df</run_address>
         <size>0xe8</size>
         <input_file_ref idref="fl-37"/>
      </object_component>
      <object_component id="oc-b0">
         <name>.debug_info</name>
         <load_address>0x2f9c7</load_address>
         <run_address>0x2f9c7</run_address>
         <size>0x534</size>
         <input_file_ref idref="fl-38"/>
      </object_component>
      <object_component id="oc-b5">
         <name>.debug_info</name>
         <load_address>0x2fefb</load_address>
         <run_address>0x2fefb</run_address>
         <size>0x5fb</size>
         <input_file_ref idref="fl-39"/>
      </object_component>
      <object_component id="oc-bb">
         <name>.debug_info</name>
         <load_address>0x304f6</load_address>
         <run_address>0x304f6</run_address>
         <size>0xbd</size>
         <input_file_ref idref="fl-3a"/>
      </object_component>
      <object_component id="oc-bf">
         <name>.debug_info</name>
         <load_address>0x305b3</load_address>
         <run_address>0x305b3</run_address>
         <size>0x76c</size>
         <input_file_ref idref="fl-3b"/>
      </object_component>
      <object_component id="oc-c3">
         <name>.debug_info</name>
         <load_address>0x30d1f</load_address>
         <run_address>0x30d1f</run_address>
         <size>0x534</size>
         <input_file_ref idref="fl-3c"/>
      </object_component>
      <object_component id="oc-c7">
         <name>.debug_info</name>
         <load_address>0x31253</load_address>
         <run_address>0x31253</run_address>
         <size>0xef</size>
         <input_file_ref idref="fl-3d"/>
      </object_component>
      <object_component id="oc-cb">
         <name>.debug_info</name>
         <load_address>0x31342</load_address>
         <run_address>0x31342</run_address>
         <size>0xbc</size>
         <input_file_ref idref="fl-3e"/>
      </object_component>
      <object_component id="oc-d0">
         <name>.debug_info</name>
         <load_address>0x313fe</load_address>
         <run_address>0x313fe</run_address>
         <size>0x5bc</size>
         <input_file_ref idref="fl-3f"/>
      </object_component>
      <object_component id="oc-d5">
         <name>.debug_info</name>
         <load_address>0x319ba</load_address>
         <run_address>0x319ba</run_address>
         <size>0x27bd</size>
         <input_file_ref idref="fl-40"/>
      </object_component>
      <object_component id="oc-db">
         <name>.debug_info</name>
         <load_address>0x34177</load_address>
         <run_address>0x34177</run_address>
         <size>0x586</size>
         <input_file_ref idref="fl-41"/>
      </object_component>
      <object_component id="oc-df">
         <name>.debug_info</name>
         <load_address>0x346fd</load_address>
         <run_address>0x346fd</run_address>
         <size>0x5a4</size>
         <input_file_ref idref="fl-42"/>
      </object_component>
      <object_component id="oc-e3">
         <name>.debug_info</name>
         <load_address>0x34ca1</load_address>
         <run_address>0x34ca1</run_address>
         <size>0xcd</size>
         <input_file_ref idref="fl-43"/>
      </object_component>
      <object_component id="oc-e7">
         <name>.debug_info</name>
         <load_address>0x34d6e</load_address>
         <run_address>0x34d6e</run_address>
         <size>0x81f</size>
         <input_file_ref idref="fl-44"/>
      </object_component>
      <object_component id="oc-ea">
         <name>.debug_info</name>
         <load_address>0x3558d</load_address>
         <run_address>0x3558d</run_address>
         <size>0x498</size>
         <input_file_ref idref="fl-45"/>
      </object_component>
      <object_component id="oc-ed">
         <name>.debug_info</name>
         <load_address>0x35a25</load_address>
         <run_address>0x35a25</run_address>
         <size>0x57e</size>
         <input_file_ref idref="fl-46"/>
      </object_component>
      <object_component id="oc-f1">
         <name>.debug_info</name>
         <load_address>0x35fa3</load_address>
         <run_address>0x35fa3</run_address>
         <size>0x7e8</size>
         <input_file_ref idref="fl-47"/>
      </object_component>
      <object_component id="oc-f5">
         <name>.debug_info</name>
         <load_address>0x3678b</load_address>
         <run_address>0x3678b</run_address>
         <size>0x4cf</size>
         <input_file_ref idref="fl-48"/>
      </object_component>
      <object_component id="oc-f9">
         <name>.debug_info</name>
         <load_address>0x36c5a</load_address>
         <run_address>0x36c5a</run_address>
         <size>0x534</size>
         <input_file_ref idref="fl-49"/>
      </object_component>
      <object_component id="oc-fd">
         <name>.debug_info</name>
         <load_address>0x3718e</load_address>
         <run_address>0x3718e</run_address>
         <size>0x549</size>
         <input_file_ref idref="fl-4a"/>
      </object_component>
      <object_component id="oc-102">
         <name>.debug_info</name>
         <load_address>0x376d7</load_address>
         <run_address>0x376d7</run_address>
         <size>0x6aa</size>
         <input_file_ref idref="fl-4b"/>
      </object_component>
      <object_component id="oc-106">
         <name>.debug_info</name>
         <load_address>0x37d81</load_address>
         <run_address>0x37d81</run_address>
         <size>0x942</size>
         <input_file_ref idref="fl-4c"/>
      </object_component>
      <object_component id="oc-10b">
         <name>.debug_info</name>
         <load_address>0x386c3</load_address>
         <run_address>0x386c3</run_address>
         <size>0x53e</size>
         <input_file_ref idref="fl-4d"/>
      </object_component>
      <object_component id="oc-10f">
         <name>.debug_info</name>
         <load_address>0x38c01</load_address>
         <run_address>0x38c01</run_address>
         <size>0x680</size>
         <input_file_ref idref="fl-4e"/>
      </object_component>
      <object_component id="oc-113">
         <name>.debug_info</name>
         <load_address>0x39281</load_address>
         <run_address>0x39281</run_address>
         <size>0x7d4</size>
         <input_file_ref idref="fl-4f"/>
      </object_component>
      <object_component id="oc-118">
         <name>.debug_info</name>
         <load_address>0x39a55</load_address>
         <run_address>0x39a55</run_address>
         <size>0x144b</size>
         <input_file_ref idref="fl-50"/>
      </object_component>
      <object_component id="oc-11d">
         <name>.debug_info</name>
         <load_address>0x3aea0</load_address>
         <run_address>0x3aea0</run_address>
         <size>0x5ad</size>
         <input_file_ref idref="fl-51"/>
      </object_component>
      <object_component id="oc-121">
         <name>.debug_info</name>
         <load_address>0x3b44d</load_address>
         <run_address>0x3b44d</run_address>
         <size>0x574</size>
         <input_file_ref idref="fl-52"/>
      </object_component>
      <object_component id="oc-125">
         <name>.debug_info</name>
         <load_address>0x3b9c1</load_address>
         <run_address>0x3b9c1</run_address>
         <size>0xd1</size>
         <input_file_ref idref="fl-53"/>
      </object_component>
      <object_component id="oc-129">
         <name>.debug_info</name>
         <load_address>0x3ba92</load_address>
         <run_address>0x3ba92</run_address>
         <size>0x55b</size>
         <input_file_ref idref="fl-54"/>
      </object_component>
      <object_component id="oc-12d">
         <name>.debug_info</name>
         <load_address>0x3bfed</load_address>
         <run_address>0x3bfed</run_address>
         <size>0x4b7</size>
         <input_file_ref idref="fl-55"/>
      </object_component>
      <object_component id="oc-131">
         <name>.debug_info</name>
         <load_address>0x3c4a4</load_address>
         <run_address>0x3c4a4</run_address>
         <size>0x4f2</size>
         <input_file_ref idref="fl-56"/>
      </object_component>
      <object_component id="oc-135">
         <name>.debug_info</name>
         <load_address>0x3c996</load_address>
         <run_address>0x3c996</run_address>
         <size>0x4de</size>
         <input_file_ref idref="fl-57"/>
      </object_component>
      <object_component id="oc-13a">
         <name>.debug_info</name>
         <load_address>0x3ce74</load_address>
         <run_address>0x3ce74</run_address>
         <size>0xed4</size>
         <input_file_ref idref="fl-58"/>
      </object_component>
      <object_component id="oc-13e">
         <name>.debug_info</name>
         <load_address>0x3dd48</load_address>
         <run_address>0x3dd48</run_address>
         <size>0x744</size>
         <input_file_ref idref="fl-59"/>
      </object_component>
      <object_component id="oc-144">
         <name>.debug_info</name>
         <load_address>0x3e48c</load_address>
         <run_address>0x3e48c</run_address>
         <size>0x662</size>
         <input_file_ref idref="fl-5a"/>
      </object_component>
      <object_component id="oc-148">
         <name>.debug_info</name>
         <load_address>0x3eaee</load_address>
         <run_address>0x3eaee</run_address>
         <size>0x5ab</size>
         <input_file_ref idref="fl-5b"/>
      </object_component>
      <object_component id="oc-14c">
         <name>.debug_info</name>
         <load_address>0x3f099</load_address>
         <run_address>0x3f099</run_address>
         <size>0x4f2</size>
         <input_file_ref idref="fl-5c"/>
      </object_component>
      <object_component id="oc-150">
         <name>.debug_info</name>
         <load_address>0x3f58b</load_address>
         <run_address>0x3f58b</run_address>
         <size>0x706</size>
         <input_file_ref idref="fl-5d"/>
      </object_component>
      <object_component id="oc-154">
         <name>.debug_info</name>
         <load_address>0x3fc91</load_address>
         <run_address>0x3fc91</run_address>
         <size>0x4d2</size>
         <input_file_ref idref="fl-5e"/>
      </object_component>
      <object_component id="oc-158">
         <name>.debug_info</name>
         <load_address>0x40163</load_address>
         <run_address>0x40163</run_address>
         <size>0x5f7</size>
         <input_file_ref idref="fl-5f"/>
      </object_component>
      <object_component id="oc-15c">
         <name>.debug_info</name>
         <load_address>0x4075a</load_address>
         <run_address>0x4075a</run_address>
         <size>0x64a</size>
         <input_file_ref idref="fl-60"/>
      </object_component>
      <object_component id="oc-161">
         <name>.debug_info</name>
         <load_address>0x40da4</load_address>
         <run_address>0x40da4</run_address>
         <size>0xa1c</size>
         <input_file_ref idref="fl-61"/>
      </object_component>
      <object_component id="oc-167">
         <name>.debug_info</name>
         <load_address>0x417c0</load_address>
         <run_address>0x417c0</run_address>
         <size>0xb97</size>
         <input_file_ref idref="fl-62"/>
      </object_component>
      <object_component id="oc-16d">
         <name>.debug_info</name>
         <load_address>0x42357</load_address>
         <run_address>0x42357</run_address>
         <size>0x64f</size>
         <input_file_ref idref="fl-63"/>
      </object_component>
      <object_component id="oc-171">
         <name>.debug_info</name>
         <load_address>0x429a6</load_address>
         <run_address>0x429a6</run_address>
         <size>0x510</size>
         <input_file_ref idref="fl-64"/>
      </object_component>
      <object_component id="oc-1a0">
         <name>.debug_info</name>
         <load_address>0x42eb6</load_address>
         <run_address>0x42eb6</run_address>
         <size>0x6e</size>
      </object_component>
      <object_component id="oc-16">
         <name>.debug_frame</name>
         <load_address>0x0</load_address>
         <run_address>0x0</run_address>
         <size>0xe1</size>
         <input_file_ref idref="fl-2"/>
      </object_component>
      <object_component id="oc-23">
         <name>.debug_frame</name>
         <load_address>0xe1</load_address>
         <run_address>0xe1</run_address>
         <size>0x135</size>
         <input_file_ref idref="fl-4"/>
      </object_component>
      <object_component id="oc-2a">
         <name>.debug_frame</name>
         <load_address>0x216</load_address>
         <run_address>0x216</run_address>
         <size>0x18f</size>
         <input_file_ref idref="fl-5"/>
      </object_component>
      <object_component id="oc-2f">
         <name>.debug_frame</name>
         <load_address>0x3a5</load_address>
         <run_address>0x3a5</run_address>
         <size>0xe5</size>
         <input_file_ref idref="fl-6"/>
      </object_component>
      <object_component id="oc-35">
         <name>.debug_frame</name>
         <load_address>0x48a</load_address>
         <run_address>0x48a</run_address>
         <size>0x13b</size>
         <input_file_ref idref="fl-7"/>
      </object_component>
      <object_component id="oc-3a">
         <name>.debug_frame</name>
         <load_address>0x5c5</load_address>
         <run_address>0x5c5</run_address>
         <size>0x116</size>
         <input_file_ref idref="fl-8"/>
      </object_component>
      <object_component id="oc-40">
         <name>.debug_frame</name>
         <load_address>0x6db</load_address>
         <run_address>0x6db</run_address>
         <size>0x138</size>
         <input_file_ref idref="fl-9"/>
      </object_component>
      <object_component id="oc-45">
         <name>.debug_frame</name>
         <load_address>0x813</load_address>
         <run_address>0x813</run_address>
         <size>0x138</size>
         <input_file_ref idref="fl-a"/>
      </object_component>
      <object_component id="oc-4b">
         <name>.debug_frame</name>
         <load_address>0x94b</load_address>
         <run_address>0x94b</run_address>
         <size>0x171</size>
         <input_file_ref idref="fl-b"/>
      </object_component>
      <object_component id="oc-50">
         <name>.debug_frame</name>
         <load_address>0xabc</load_address>
         <run_address>0xabc</run_address>
         <size>0x13a</size>
         <input_file_ref idref="fl-c"/>
      </object_component>
      <object_component id="oc-55">
         <name>.debug_frame</name>
         <load_address>0xbf6</load_address>
         <run_address>0xbf6</run_address>
         <size>0x1e3</size>
         <input_file_ref idref="fl-d"/>
      </object_component>
      <object_component id="oc-5c">
         <name>.debug_frame</name>
         <load_address>0xdd9</load_address>
         <run_address>0xdd9</run_address>
         <size>0x102</size>
         <input_file_ref idref="fl-e"/>
      </object_component>
      <object_component id="oc-63">
         <name>.debug_frame</name>
         <load_address>0xedb</load_address>
         <run_address>0xedb</run_address>
         <size>0x13b</size>
         <input_file_ref idref="fl-f"/>
      </object_component>
      <object_component id="oc-69">
         <name>.debug_frame</name>
         <load_address>0x1016</load_address>
         <run_address>0x1016</run_address>
         <size>0x15a</size>
         <input_file_ref idref="fl-10"/>
      </object_component>
      <object_component id="oc-6f">
         <name>.debug_frame</name>
         <load_address>0x1170</load_address>
         <run_address>0x1170</run_address>
         <size>0x11d</size>
         <input_file_ref idref="fl-11"/>
      </object_component>
      <object_component id="oc-74">
         <name>.debug_frame</name>
         <load_address>0x128d</load_address>
         <run_address>0x128d</run_address>
         <size>0x30e</size>
         <input_file_ref idref="fl-1a"/>
      </object_component>
      <object_component id="oc-7a">
         <name>.debug_frame</name>
         <load_address>0x159b</load_address>
         <run_address>0x159b</run_address>
         <size>0x11f</size>
         <input_file_ref idref="fl-1b"/>
      </object_component>
      <object_component id="oc-80">
         <name>.debug_frame</name>
         <load_address>0x16ba</load_address>
         <run_address>0x16ba</run_address>
         <size>0x1ad</size>
         <input_file_ref idref="fl-1c"/>
      </object_component>
      <object_component id="oc-85">
         <name>.debug_frame</name>
         <load_address>0x1867</load_address>
         <run_address>0x1867</run_address>
         <size>0x272</size>
         <input_file_ref idref="fl-1d"/>
      </object_component>
      <object_component id="oc-8b">
         <name>.debug_frame</name>
         <load_address>0x1ad9</load_address>
         <run_address>0x1ad9</run_address>
         <size>0x780</size>
         <input_file_ref idref="fl-1e"/>
      </object_component>
      <object_component id="oc-91">
         <name>.debug_frame</name>
         <load_address>0x2259</load_address>
         <run_address>0x2259</run_address>
         <size>0x2a1</size>
         <input_file_ref idref="fl-1f"/>
      </object_component>
      <object_component id="oc-98">
         <name>.debug_frame</name>
         <load_address>0x24fa</load_address>
         <run_address>0x24fa</run_address>
         <size>0x196</size>
         <input_file_ref idref="fl-20"/>
      </object_component>
      <object_component id="oc-9e">
         <name>.debug_frame</name>
         <load_address>0x2690</load_address>
         <run_address>0x2690</run_address>
         <size>0x1ef</size>
         <input_file_ref idref="fl-21"/>
      </object_component>
      <object_component id="oc-a3">
         <name>.debug_frame</name>
         <load_address>0x287f</load_address>
         <run_address>0x287f</run_address>
         <size>0x224</size>
         <input_file_ref idref="fl-22"/>
      </object_component>
      <object_component id="oc-a8">
         <name>.debug_frame</name>
         <load_address>0x2aa3</load_address>
         <run_address>0x2aa3</run_address>
         <size>0x1e6</size>
         <input_file_ref idref="fl-23"/>
      </object_component>
      <object_component id="oc-17">
         <name>.debug_line</name>
         <load_address>0x0</load_address>
         <run_address>0x0</run_address>
         <size>0x49</size>
         <input_file_ref idref="fl-2"/>
      </object_component>
      <object_component id="oc-1c">
         <name>.debug_line</name>
         <load_address>0x49</load_address>
         <run_address>0x49</run_address>
         <size>0x55</size>
         <input_file_ref idref="fl-3"/>
      </object_component>
      <object_component id="oc-24">
         <name>.debug_line</name>
         <load_address>0x9e</load_address>
         <run_address>0x9e</run_address>
         <size>0xcf</size>
         <input_file_ref idref="fl-4"/>
      </object_component>
      <object_component id="oc-2b">
         <name>.debug_line</name>
         <load_address>0x16d</load_address>
         <run_address>0x16d</run_address>
         <size>0x1da</size>
         <input_file_ref idref="fl-5"/>
      </object_component>
      <object_component id="oc-30">
         <name>.debug_line</name>
         <load_address>0x347</load_address>
         <run_address>0x347</run_address>
         <size>0x97</size>
         <input_file_ref idref="fl-6"/>
      </object_component>
      <object_component id="oc-36">
         <name>.debug_line</name>
         <load_address>0x3de</load_address>
         <run_address>0x3de</run_address>
         <size>0x1e4</size>
         <input_file_ref idref="fl-7"/>
      </object_component>
      <object_component id="oc-3b">
         <name>.debug_line</name>
         <load_address>0x5c2</load_address>
         <run_address>0x5c2</run_address>
         <size>0x89</size>
         <input_file_ref idref="fl-8"/>
      </object_component>
      <object_component id="oc-41">
         <name>.debug_line</name>
         <load_address>0x64b</load_address>
         <run_address>0x64b</run_address>
         <size>0xa7</size>
         <input_file_ref idref="fl-9"/>
      </object_component>
      <object_component id="oc-46">
         <name>.debug_line</name>
         <load_address>0x6f2</load_address>
         <run_address>0x6f2</run_address>
         <size>0xae</size>
         <input_file_ref idref="fl-a"/>
      </object_component>
      <object_component id="oc-4c">
         <name>.debug_line</name>
         <load_address>0x7a0</load_address>
         <run_address>0x7a0</run_address>
         <size>0xed</size>
         <input_file_ref idref="fl-b"/>
      </object_component>
      <object_component id="oc-51">
         <name>.debug_line</name>
         <load_address>0x88d</load_address>
         <run_address>0x88d</run_address>
         <size>0xdd</size>
         <input_file_ref idref="fl-c"/>
      </object_component>
      <object_component id="oc-56">
         <name>.debug_line</name>
         <load_address>0x96a</load_address>
         <run_address>0x96a</run_address>
         <size>0x196</size>
         <input_file_ref idref="fl-d"/>
      </object_component>
      <object_component id="oc-5d">
         <name>.debug_line</name>
         <load_address>0xb00</load_address>
         <run_address>0xb00</run_address>
         <size>0xc7</size>
         <input_file_ref idref="fl-e"/>
      </object_component>
      <object_component id="oc-64">
         <name>.debug_line</name>
         <load_address>0xbc7</load_address>
         <run_address>0xbc7</run_address>
         <size>0x17a</size>
         <input_file_ref idref="fl-f"/>
      </object_component>
      <object_component id="oc-6a">
         <name>.debug_line</name>
         <load_address>0xd41</load_address>
         <run_address>0xd41</run_address>
         <size>0x1d7</size>
         <input_file_ref idref="fl-10"/>
      </object_component>
      <object_component id="oc-70">
         <name>.debug_line</name>
         <load_address>0xf18</load_address>
         <run_address>0xf18</run_address>
         <size>0x97</size>
         <input_file_ref idref="fl-11"/>
      </object_component>
      <object_component id="oc-75">
         <name>.debug_line</name>
         <load_address>0xfaf</load_address>
         <run_address>0xfaf</run_address>
         <size>0x7f0</size>
         <input_file_ref idref="fl-1a"/>
      </object_component>
      <object_component id="oc-7b">
         <name>.debug_line</name>
         <load_address>0x179f</load_address>
         <run_address>0x179f</run_address>
         <size>0x1c0</size>
         <input_file_ref idref="fl-1b"/>
      </object_component>
      <object_component id="oc-81">
         <name>.debug_line</name>
         <load_address>0x195f</load_address>
         <run_address>0x195f</run_address>
         <size>0x322</size>
         <input_file_ref idref="fl-1c"/>
      </object_component>
      <object_component id="oc-86">
         <name>.debug_line</name>
         <load_address>0x1c81</load_address>
         <run_address>0x1c81</run_address>
         <size>0x449</size>
         <input_file_ref idref="fl-1d"/>
      </object_component>
      <object_component id="oc-8c">
         <name>.debug_line</name>
         <load_address>0x20ca</load_address>
         <run_address>0x20ca</run_address>
         <size>0x1c6b</size>
         <input_file_ref idref="fl-1e"/>
      </object_component>
      <object_component id="oc-92">
         <name>.debug_line</name>
         <load_address>0x3d35</load_address>
         <run_address>0x3d35</run_address>
         <size>0x2f9</size>
         <input_file_ref idref="fl-1f"/>
      </object_component>
      <object_component id="oc-99">
         <name>.debug_line</name>
         <load_address>0x402e</load_address>
         <run_address>0x402e</run_address>
         <size>0x45a</size>
         <input_file_ref idref="fl-20"/>
      </object_component>
      <object_component id="oc-9f">
         <name>.debug_line</name>
         <load_address>0x4488</load_address>
         <run_address>0x4488</run_address>
         <size>0x523</size>
         <input_file_ref idref="fl-21"/>
      </object_component>
      <object_component id="oc-a4">
         <name>.debug_line</name>
         <load_address>0x49ab</load_address>
         <run_address>0x49ab</run_address>
         <size>0x2b5</size>
         <input_file_ref idref="fl-22"/>
      </object_component>
      <object_component id="oc-a9">
         <name>.debug_line</name>
         <load_address>0x4c60</load_address>
         <run_address>0x4c60</run_address>
         <size>0xd0c</size>
         <input_file_ref idref="fl-23"/>
      </object_component>
      <object_component id="oc-ad">
         <name>.debug_line</name>
         <load_address>0x596c</load_address>
         <run_address>0x596c</run_address>
         <size>0x54</size>
         <input_file_ref idref="fl-37"/>
      </object_component>
      <object_component id="oc-b1">
         <name>.debug_line</name>
         <load_address>0x59c0</load_address>
         <run_address>0x59c0</run_address>
         <size>0x44</size>
         <input_file_ref idref="fl-38"/>
      </object_component>
      <object_component id="oc-b8">
         <name>.debug_line</name>
         <load_address>0x5a04</load_address>
         <run_address>0x5a04</run_address>
         <size>0x51</size>
         <input_file_ref idref="fl-39"/>
      </object_component>
      <object_component id="oc-bc">
         <name>.debug_line</name>
         <load_address>0x5a55</load_address>
         <run_address>0x5a55</run_address>
         <size>0x3c</size>
         <input_file_ref idref="fl-3a"/>
      </object_component>
      <object_component id="oc-c0">
         <name>.debug_line</name>
         <load_address>0x5a91</load_address>
         <run_address>0x5a91</run_address>
         <size>0x69</size>
         <input_file_ref idref="fl-3b"/>
      </object_component>
      <object_component id="oc-c4">
         <name>.debug_line</name>
         <load_address>0x5afa</load_address>
         <run_address>0x5afa</run_address>
         <size>0x44</size>
         <input_file_ref idref="fl-3c"/>
      </object_component>
      <object_component id="oc-c8">
         <name>.debug_line</name>
         <load_address>0x5b3e</load_address>
         <run_address>0x5b3e</run_address>
         <size>0x58</size>
         <input_file_ref idref="fl-3d"/>
      </object_component>
      <object_component id="oc-cc">
         <name>.debug_line</name>
         <load_address>0x5b96</load_address>
         <run_address>0x5b96</run_address>
         <size>0x37</size>
         <input_file_ref idref="fl-3e"/>
      </object_component>
      <object_component id="oc-d2">
         <name>.debug_line</name>
         <load_address>0x5bcd</load_address>
[...]
         <name>_GPIO_open</name>
         <value>0x2ae07</value>
         <object_component_ref idref="oc-a1"/>
      </symbol>
      <symbol id="sm-a0d">
         <name>_GPIO_write</name>
         <value>0x2afff</value>
         <object_component_ref idref="oc-a1"/>
      </symbol>
      <symbol id="sm-a0e">
         <name>_GPIO_config</name>
         <value>0x2ae6f</value>
         <object_component_ref idref="oc-a1"/>
      </symbol>
      <symbol id="sm-a0f">
         <name>_GPIO_clearInt</name>
         <value>0x2b2f2</value>
         <object_component_ref idref="oc-a1"/>
      </symbol>
      <symbol id="sm-a10">
         <name>_GPIO_disableInt</name>
         <value>0x2b1ea</value>
         <object_component_ref idref="oc-a1"/>
      </symbol>
      <symbol id="sm-a11">
         <name>_GPIO_getConfig</name>
         <value>0x2aef4</value>
         <object_component_ref idref="oc-a1"/>
      </symbol>
      <symbol id="sm-a12">
         <name>_GPIO_enableInt</name>
         <value>0x2b268</value>
         <object_component_ref idref="oc-a1"/>
      </symbol>
      <symbol id="sm-a13">
         <name>_GPIO_close</name>
         <value>0x2ae4b</value>
         <object_component_ref idref="oc-a1"/>
      </symbol>
      <symbol id="sm-a14">
         <name>_GPIO_read</name>
         <value>0x2af7c</value>
         <object_component_ref idref="oc-a1"/>
      </symbol>
      <symbol id="sm-a15">
         <name>_GPIO_reset</name>
         <value>0x2b405</value>
         <object_component_ref idref="oc-a1"/>
      </symbol>
      <symbol id="sm-a16">
         <name>_GPIO_statusBit</name>
         <value>0x2b37e</value>
         <object_component_ref idref="oc-a1"/>
      </symbol>
      <symbol id="sm-afc">
         <name>_DMA_init</name>
         <value>0x2451c</value>
         <object_component_ref idref="oc-a6"/>
      </symbol>
      <symbol id="sm-afd">
         <name>_DMA_getConfig</name>
         <value>0x25732</value>
         <object_component_ref idref="oc-a6"/>
      </symbol>
      <symbol id="sm-afe">
         <name>_DMA_config</name>
         <value>0x2465e</value>
         <object_component_ref idref="oc-a6"/>
      </symbol>
      <symbol id="sm-aff">
         <name>_DMA_swapWords</name>
         <value>0x2634b</value>
         <object_component_ref idref="oc-a6"/>
      </symbol>
      <symbol id="sm-b00">
         <name>_DMA_stop</name>
         <value>0x25f5e</value>
         <object_component_ref idref="oc-a6"/>
      </symbol>
      <symbol id="sm-b01">
         <name>_DMA_open</name>
         <value>0x24553</value>
         <object_component_ref idref="oc-a6"/>
      </symbol>
      <symbol id="sm-b02">
         <name>_DMA_start</name>
         <value>0x25e51</value>
         <object_component_ref idref="oc-a6"/>
      </symbol>
      <symbol id="sm-b03">
         <name>_DMA_getLastTransferType</name>
         <value>0x263c0</value>
         <object_component_ref idref="oc-a6"/>
      </symbol>
      <symbol id="sm-b04">
         <name>_DMA_close</name>
         <value>0x2463f</value>
         <object_component_ref idref="oc-a6"/>
      </symbol>
      <symbol id="sm-b05">
         <name>_DMA_reset</name>
         <value>0x2605f</value>
         <object_component_ref idref="oc-a6"/>
      </symbol>
      <symbol id="sm-b11">
         <name>__sysstack</name>
         <value>0x20c0</value>
         <object_component_ref idref="oc-174"/>
      </symbol>
      <symbol id="sm-b12">
         <name>_c_int00</name>
         <value>0x304ba</value>
         <object_component_ref idref="oc-10"/>
      </symbol>
      <symbol id="sm-b13">
         <name>__stack</name>
         <value>0xc0</value>
         <object_component_ref idref="oc-ab"/>
      </symbol>
      <symbol id="sm-b1e">
         <name>__divul</name>
         <value>0x2fac8</value>
         <object_component_ref idref="oc-af"/>
      </symbol>
      <symbol id="sm-b2e">
         <name>C$$EXIT</name>
         <value>0x305fe</value>
         <object_component_ref idref="oc-b7"/>
      </symbol>
      <symbol id="sm-b2f">
         <name>_exit</name>
         <value>0x3047c</value>
         <object_component_ref idref="oc-b3"/>
      </symbol>
      <symbol id="sm-b30">
         <name>_abort</name>
         <value>0x305fd</value>
         <object_component_ref idref="oc-b7"/>
      </symbol>
      <symbol id="sm-b31">
         <name>__cleanup_ptr</name>
         <value>0x6870</value>
         <object_component_ref idref="oc-b4"/>
      </symbol>
      <symbol id="sm-b32">
         <name>__dtors_ptr</name>
         <value>0x6874</value>
         <object_component_ref idref="oc-b4"/>
      </symbol>
      <symbol id="sm-b3a">
         <name>__mpyli</name>
         <value>0x305be</value>
         <object_component_ref idref="oc-ba"/>
      </symbol>
      <symbol id="sm-b3b">
         <name>I$$LMPY</name>
         <value>0x305be</value>
         <object_component_ref idref="oc-ba"/>
      </symbol>
      <symbol id="sm-b45">
         <name>_printf</name>
         <value>0x302c2</value>
         <object_component_ref idref="oc-be"/>
      </symbol>
      <symbol id="sm-b50">
         <name>__remul</name>
         <value>0x2ff92</value>
         <object_component_ref idref="oc-c2"/>
      </symbol>
      <symbol id="sm-b58">
         <name>__remu</name>
         <value>0x30558</value>
         <object_component_ref idref="oc-c6"/>
      </symbol>
      <symbol id="sm-b59">
         <name>__divu</name>
         <value>0x30543</value>
         <object_component_ref idref="oc-c6"/>
      </symbol>
      <symbol id="sm-b5a">
         <name>I$$UMOD</name>
         <value>0x30558</value>
         <object_component_ref idref="oc-c6"/>
      </symbol>
      <symbol id="sm-b5b">
         <name>I$$UDIV</name>
         <value>0x30543</value>
         <object_component_ref idref="oc-c6"/>
      </symbol>
      <symbol id="sm-b65">
         <name>_Reset</name>
         <value>0x4fe00</value>
         <object_component_ref idref="oc-11"/>
      </symbol>
      <symbol id="sm-b73">
         <name>__unlock</name>
         <value>0x686c</value>
         <object_component_ref idref="oc-cf"/>
      </symbol>
      <symbol id="sm-b74">
         <name>__lock</name>
         <value>0x6868</value>
         <object_component_ref idref="oc-cf"/>
      </symbol>
      <symbol id="sm-b75">
         <name>__register_lock</name>
         <value>0x305d9</value>
         <object_component_ref idref="oc-ce"/>
      </symbol>
      <symbol id="sm-b76">
         <name>__nop</name>
         <value>0x305e1</value>
         <object_component_ref idref="oc-ce"/>
      </symbol>
      <symbol id="sm-b77">
         <name>__register_unlock</name>
         <value>0x305d1</value>
         <object_component_ref idref="oc-ce"/>
      </symbol>
      <symbol id="sm-b89">
         <name>__printfi</name>
         <value>0x277ce</value>
         <object_component_ref idref="oc-d4"/>
      </symbol>
      <symbol id="sm-b93">
         <name>__args_main</name>
         <value>0x3035f</value>
         <object_component_ref idref="oc-da"/>
      </symbol>
      <symbol id="sm-b94">
         <name>__TI_args_main</name>
         <value>0x1</value>
      </symbol>
      <symbol id="sm-b9e">
         <name>_atoi</name>
         <value>0x30212</value>
         <object_component_ref idref="oc-de"/>
      </symbol>
      <symbol id="sm-ba6">
         <name>_auto_init</name>
         <value>0x30312</value>
         <object_component_ref idref="oc-e2"/>
      </symbol>
      <symbol id="sm-bb0">
         <name>__eqld</name>
         <value>0x2ec37</value>
         <object_component_ref idref="oc-e6"/>
      </symbol>
      <symbol id="sm-bb1">
         <name>__cmpd</name>
         <value>0x2ec6b</value>
         <object_component_ref idref="oc-e6"/>
      </symbol>
      <symbol id="sm-bb2">
         <name>__neqd</name>
         <value>0x2ead9</value>
         <object_component_ref idref="oc-e6"/>
      </symbol>
      <symbol id="sm-bb3">
         <name>__gtrd</name>
         <value>0x2eba2</value>
         <object_component_ref idref="oc-e6"/>
      </symbol>
      <symbol id="sm-bb4">
         <name>__geqd</name>
         <value>0x2ebed</value>
         <object_component_ref idref="oc-e6"/>
      </symbol>
      <symbol id="sm-bb5">
         <name>__leqd</name>
         <value>0x2eb55</value>
         <object_component_ref idref="oc-e6"/>
      </symbol>
      <symbol id="sm-bb6">
         <name>__lssd</name>
         <value>0x2eb0d</value>
         <object_component_ref idref="oc-e6"/>
      </symbol>
      <symbol id="sm-bbe">
         <name>__ctypes_</name>
         <value>0x5a64</value>
         <object_component_ref idref="oc-179"/>
      </symbol>
      <symbol id="sm-bc8">
         <name>__tmpnams</name>
         <value>0x5edc</value>
         <object_component_ref idref="oc-ec"/>
      </symbol>
      <symbol id="sm-bc9">
         <name>__ft_end</name>
         <value>0x601c</value>
         <object_component_ref idref="oc-ec"/>
      </symbol>
      <symbol id="sm-bca">
         <name>__ftable</name>
         <value>0x5dec</value>
         <object_component_ref idref="oc-ec"/>
      </symbol>
      <symbol id="sm-bd6">
         <name>__divd</name>
         <value>0x2d689</value>
         <object_component_ref idref="oc-f0"/>
      </symbol>
      <symbol id="sm-be0">
         <name>__fixdi</name>
         <value>0x30519</value>
         <object_component_ref idref="oc-f4"/>
      </symbol>
      <symbol id="sm-bea">
         <name>__fixdli</name>
         <value>0x30004</value>
         <object_component_ref idref="oc-f8"/>
      </symbol>
      <symbol id="sm-bf6">
         <name>__fltlid</name>
         <value>0x3014b</value>
         <object_component_ref idref="oc-fc"/>
      </symbol>
      <symbol id="sm-c00">
         <name>_putchar</name>
         <value>0x2fab9</value>
         <object_component_ref idref="oc-101"/>
      </symbol>
      <symbol id="sm-c01">
         <name>_putc</name>
         <value>0x2fa22</value>
         <object_component_ref idref="oc-101"/>
      </symbol>
      <symbol id="sm-c02">
         <name>_fputc</name>
         <value>0x2fa22</value>
         <object_component_ref idref="oc-101"/>
      </symbol>
      <symbol id="sm-c10">
         <name>_puts</name>
         <value>0x2f462</value>
         <object_component_ref idref="oc-105"/>
      </symbol>
      <symbol id="sm-c11">
         <name>_fputs</name>
         <value>0x2f32d</value>
         <object_component_ref idref="oc-105"/>
      </symbol>
      <symbol id="sm-c1b">
         <name>__frcmpyd_div</name>
         <value>0x2ff1f</value>
         <object_component_ref idref="oc-10a"/>
      </symbol>
      <symbol id="sm-c25">
         <name>___isinf</name>
         <value>0x30590</value>
         <object_component_ref idref="oc-10e"/>
      </symbol>
      <symbol id="sm-c2f">
         <name>__divull</name>
         <value>0x2e756</value>
         <object_component_ref idref="oc-112"/>
      </symbol>
      <symbol id="sm-c30">
         <name>__mpylli</name>
         <value>0x2e69e</value>
         <object_component_ref idref="oc-112"/>
      </symbol>
      <symbol id="sm-c31">
         <name>__remlli</name>
         <value>0x2e66f</value>
         <object_component_ref idref="oc-112"/>
      </symbol>
      <symbol id="sm-c32">
         <name>__divlli</name>
         <value>0x2e84a</value>
         <object_component_ref idref="oc-112"/>
      </symbol>
      <symbol id="sm-c33">
         <name>__remull</name>
         <value>0x2e621</value>
         <object_component_ref idref="oc-112"/>
      </symbol>
      <symbol id="sm-c45">
         <name>_add_device</name>
         <value>0x2b8e7</value>
         <object_component_ref idref="oc-116"/>
      </symbol>
      <symbol id="sm-c46">
         <name>_rename</name>
         <value>0x2b609</value>
         <object_component_ref idref="oc-116"/>
      </symbol>
      <symbol id="sm-c47">
         <name>_read</name>
         <value>0x2b698</value>
         <object_component_ref idref="oc-116"/>
      </symbol>
      <symbol id="sm-c48">
         <name>_unlink</name>
         <value>0x2b5d6</value>
         <object_component_ref idref="oc-116"/>
      </symbol>
      <symbol id="sm-c49">
         <name>_remove_device</name>
         <value>0x2b662</value>
         <object_component_ref idref="oc-116"/>
      </symbol>
      <symbol id="sm-c4a">
         <name>_open</name>
         <value>0x2b746</value>
         <object_component_ref idref="oc-116"/>
      </symbol>
      <symbol id="sm-c4b">
         <name>_find_registered_device</name>
         <value>0x2b86b</value>
         <object_component_ref idref="oc-116"/>
      </symbol>
      <symbol id="sm-c4c">
         <name>_lseek</name>
         <value>0x2b805</value>
         <object_component_ref idref="oc-116"/>
      </symbol>
      <symbol id="sm-c4d">
         <name>_close</name>
         <value>0x2b874</value>
         <object_component_ref idref="oc-116"/>
      </symbol>
      <symbol id="sm-c4e">
         <name>_write</name>
         <value>0x2b494</value>
         <object_component_ref idref="oc-116"/>
      </symbol>
      <symbol id="sm-c58">
         <name>_ltoa</name>
         <value>0x2fdb1</value>
         <object_component_ref idref="oc-11c"/>
      </symbol>
      <symbol id="sm-c63">
         <name>_memccpy</name>
         <value>0x3056d</value>
         <object_component_ref idref="oc-120"/>
      </symbol>
      <symbol id="sm-c6b">
         <name>_memcpy</name>
         <value>0x3043d</value>
         <object_component_ref idref="oc-124"/>
      </symbol>
      <symbol id="sm-c75">
         <name>__mpyd</name>
         <value>0x2f490</value>
         <object_component_ref idref="oc-128"/>
      </symbol>
      <symbol id="sm-c7f">
         <name>__negd</name>
         <value>0x305e3</value>
         <object_component_ref idref="oc-12c"/>
      </symbol>
      <symbol id="sm-c89">
         <name>__remli</name>
         <value>0x303aa</value>
         <object_component_ref idref="oc-130"/>
      </symbol>
      <symbol id="sm-c93">
         <name>__subd</name>
         <value>0x305aa</value>
         <object_component_ref idref="oc-134"/>
      </symbol>
      <symbol id="sm-c9f">
         <name>_HOSTopen</name>
         <value>0x2bce2</value>
         <object_component_ref idref="oc-138"/>
      </symbol>
      <symbol id="sm-ca0">
         <name>_HOSTread</name>
         <value>0x2bc55</value>
         <object_component_ref idref="oc-138"/>
      </symbol>
      <symbol id="sm-ca1">
         <name>_HOSTtime</name>
         <value>0x2bb49</value>
         <object_component_ref idref="oc-138"/>
      </symbol>
      <symbol id="sm-ca2">
         <name>_getenv</name>
         <value>0x2b9d7</value>
         <object_component_ref idref="oc-138"/>
      </symbol>
      <symbol id="sm-ca3">
         <name>_HOSTrename</name>
         <value>0x2bba7</value>
         <object_component_ref idref="oc-138"/>
      </symbol>
      <symbol id="sm-ca4">
         <name>_HOSTclock</name>
         <value>0x2bea1</value>
         <object_component_ref idref="oc-138"/>
      </symbol>
      <symbol id="sm-ca5">
         <name>_HOSTwrite</name>
         <value>0x2ba52</value>
         <object_component_ref idref="oc-138"/>
      </symbol>
      <symbol id="sm-ca6">
         <name>_HOSTlseek</name>
         <value>0x2bd81</value>
         <object_component_ref idref="oc-138"/>
      </symbol>
      <symbol id="sm-ca7">
         <name>_HOSTunlink</name>
         <value>0x2badf</value>
         <object_component_ref idref="oc-138"/>
      </symbol>
      <symbol id="sm-ca8">
         <name>_HOSTclose</name>
         <value>0x2be36</value>
         <object_component_ref idref="oc-138"/>
      </symbol>
      <symbol id="sm-cba">
         <name>C$$IO$$</name>
         <value>0x2fa1d</value>
         <object_component_ref idref="oc-140"/>
      </symbol>
      <symbol id="sm-cbb">
         <name>__CIOBUF_</name>
         <value>0x40000</value>
         <object_component_ref idref="oc-13f"/>
      </symbol>
      <symbol id="sm-cbc">
         <name>_readmsg</name>
         <value>0x30073</value>
         <object_component_ref idref="oc-13d"/>
      </symbol>
      <symbol id="sm-cbd">
         <name>_writemsg</name>
         <value>0x2f968</value>
         <object_component_ref idref="oc-140"/>
      </symbol>
      <symbol id="sm-cc7">
         <name>__rd_ok</name>
         <value>0x2f849</value>
         <object_component_ref idref="oc-143"/>
      </symbol>
      <symbol id="sm-cc8">
         <name>__wrt_ok</name>
         <value>0x2f7c9</value>
         <object_component_ref idref="oc-143"/>
      </symbol>
      <symbol id="sm-cd2">
         <name>__addd</name>
         <value>0x2e87f</value>
         <object_component_ref idref="oc-147"/>
      </symbol>
      <symbol id="sm-cdc">
         <name>__divli</name>
         <value>0x303f5</value>
         <object_component_ref idref="oc-14b"/>
      </symbol>
      <symbol id="sm-ce6">
         <name>__doflush</name>
         <value>0x2f8a6</value>
         <object_component_ref idref="oc-14f"/>
      </symbol>
      <symbol id="sm-ce7">
         <name>_fflush</name>
         <value>0x2f90f</value>
         <object_component_ref idref="oc-14f"/>
      </symbol>
      <symbol id="sm-cf1">
         <name>__frcmpyd</name>
         <value>0x2fea9</value>
         <object_component_ref idref="oc-153"/>
      </symbol>
      <symbol id="sm-cfb">
         <name>_fseek</name>
         <value>0x300e0</value>
         <object_component_ref idref="oc-157"/>
      </symbol>
      <symbol id="sm-d05">
         <name>_setvbuf</name>
         <value>0x2f6e3</value>
         <object_component_ref idref="oc-15b"/>
      </symbol>
      <symbol id="sm-d14">
         <name>__cleanup</name>
         <value>0x2e265</value>
         <object_component_ref idref="oc-15f"/>
      </symbol>
      <symbol id="sm-d15">
         <name>_fopen</name>
         <value>0x2e388</value>
         <object_component_ref idref="oc-15f"/>
      </symbol>
      <symbol id="sm-d16">
         <name>_freopen</name>
         <value>0x2e2bf</value>
         <object_component_ref idref="oc-15f"/>
      </symbol>
      <symbol id="sm-d26">
         <name>__sys_memory</name>
         <value>0x30c0</value>
         <object_component_ref idref="oc-169"/>
      </symbol>
      <symbol id="sm-d27">
         <name>_chkheap</name>
         <value>0x2d27d</value>
         <object_component_ref idref="oc-165"/>
      </symbol>
      <symbol id="sm-d28">
         <name>_realloc</name>
         <value>0x2d01c</value>
         <object_component_ref idref="oc-165"/>
      </symbol>
      <symbol id="sm-d29">
         <name>_free_memory</name>
         <value>0x2d227</value>
         <object_component_ref idref="oc-165"/>
      </symbol>
      <symbol id="sm-d2a">
         <name>_max_free</name>
         <value>0x2d1cd</value>
         <object_component_ref idref="oc-165"/>
      </symbol>
      <symbol id="sm-d2b">
         <name>_free</name>
         <value>0x2cdf6</value>
         <object_component_ref idref="oc-165"/>
      </symbol>
      <symbol id="sm-d2c">
         <name>_calloc</name>
         <value>0x2d285</value>
         <object_component_ref idref="oc-165"/>
      </symbol>
      <symbol id="sm-d2d">
         <name>_malloc</name>
         <value>0x2cf27</value>
         <object_component_ref idref="oc-165"/>
      </symbol>
      <symbol id="sm-d2e">
         <name>_minit</name>
         <value>0x2cec2</value>
         <object_component_ref idref="oc-165"/>
      </symbol>
      <symbol id="sm-d38">
         <name>_fclose</name>
         <value>0x2fe2e</value>
         <object_component_ref idref="oc-16c"/>
      </symbol>
      <symbol id="sm-d42">
         <name>_remove</name>
         <value>0x305f3</value>
         <object_component_ref idref="oc-170"/>
      </symbol>
   </symbol_table>
</link_info>
