<?xml version="1.0"?>
<link_info>
   <banner>TMS320C55x Linker PC v4.4.1</banner>
   <copyright>Copyright (c) 1996-2012 Texas Instruments Incorporated</copyright>
   <link_time>0x5e032935</link_time>
   <output_file>SigGen.out</output_file>
   <entry_point>
      <name>_c_int00</name>
      <address>0x3034a</address>
   </entry_point>
   <input_file_list>
      <input_file id="fl-2">
         <path>.\</path>
         <kind>object</kind>
         <file>main.obj</file>
         <name>main.obj</name>
      </input_file>
      <input_file id="fl-3">
         <path>.\</path>
         <kind>object</kind>
         <file>sine.obj</file>
         <name>sine.obj</name>
      </input_file>
      <input_file id="fl-4">
         <path>.\</path>
         <kind>object</kind>
         <file>switch.obj</file>
         <name>switch.obj</name>
      </input_file>
      <input_file id="fl-5">
         <path>.\</path>
         <kind>object</kind>
         <file>wavecom.obj</file>
         <name>wavecom.obj</name>
      </input_file>
      <input_file id="fl-6">
         <path>.\BSL\src\</path>
         <kind>object</kind>
         <file>aic3204_loop_linein.obj</file>
         <name>aic3204_loop_linein.obj</name>
      </input_file>
      <input_file id="fl-7">
         <path>.\BSL\src\</path>
         <kind>object</kind>
         <file>aic3204_test.obj</file>
         <name>aic3204_test.obj</name>
      </input_file>
      <input_file id="fl-8">
         <path>.\BSL\src\</path>
         <kind>object</kind>
         <file>ezdsp5535.obj</file>
         <name>ezdsp5535.obj</name>
      </input_file>
      <input_file id="fl-9">
         <path>.\BSL\src\</path>
         <kind>object</kind>
         <file>ezdsp5535_gpio.obj</file>
         <name>ezdsp5535_gpio.obj</name>
      </input_file>
      <input_file id="fl-a">
         <path>.\BSL\src\</path>
         <kind>object</kind>
         <file>ezdsp5535_i2c.obj</file>
         <name>ezdsp5535_i2c.obj</name>
      </input_file>
      <input_file id="fl-b">
         <path>.\BSL\src\</path>
         <kind>object</kind>
         <file>ezdsp5535_i2s.obj</file>
         <name>ezdsp5535_i2s.obj</name>
      </input_file>
      <input_file id="fl-c">
         <path>.\BSL\src\</path>
         <kind>object</kind>
         <file>ezdsp5535_lcd.obj</file>
         <name>ezdsp5535_lcd.obj</name>
      </input_file>
      <input_file id="fl-d">
         <path>.\BSL\src\</path>
         <kind>object</kind>
         <file>ezdsp5535_led.obj</file>
         <name>ezdsp5535_led.obj</name>
      </input_file>
      <input_file id="fl-e">
         <path>.\BSL\src\</path>
         <kind>object</kind>
         <file>ezdsp5535_sar.obj</file>
         <name>ezdsp5535_sar.obj</name>
      </input_file>
      <input_file id="fl-f">
         <path>.\BSL\src\</path>
         <kind>object</kind>
         <file>ezdsp5535_sdcard.obj</file>
         <name>ezdsp5535_sdcard.obj</name>
      </input_file>
      <input_file id="fl-10">
         <path>.\BSL\src\</path>
         <kind>object</kind>
         <file>ezdsp5535_spiflash.obj</file>
         <name>ezdsp5535_spiflash.obj</name>
      </input_file>
      <input_file id="fl-11">
         <path>.\BSL\src\</path>
         <kind>object</kind>
         <file>ezdsp5535_uart.obj</file>
         <name>ezdsp5535_uart.obj</name>
      </input_file>
      <input_file id="fl-1a">
         <path>..\lib\</path>
         <kind>archive</kind>
         <file>C55XXCSL_LP.lib</file>
         <name>csl_uart.obj</name>
      </input_file>
      <input_file id="fl-1b">
         <path>..\lib\</path>
         <kind>archive</kind>
         <file>C55XXCSL_LP.lib</file>
         <name>csl_sysctrl.obj</name>
      </input_file>
      <input_file id="fl-1c">
         <path>..\lib\</path>
         <kind>archive</kind>
         <file>C55XXCSL_LP.lib</file>
         <name>csl_spi.obj</name>
      </input_file>
      <input_file id="fl-1d">
         <path>..\lib\</path>
         <kind>archive</kind>
         <file>C55XXCSL_LP.lib</file>
         <name>csl_sar.obj</name>
      </input_file>
      <input_file id="fl-1e">
         <path>..\lib\</path>
         <kind>archive</kind>
         <file>C55XXCSL_LP.lib</file>
         <name>csl_mmcsd.obj</name>
      </input_file>
      <input_file id="fl-1f">
         <path>..\lib\</path>
         <kind>archive</kind>
         <file>C55XXCSL_LP.lib</file>
         <name>csl_intc.obj</name>
      </input_file>
      <input_file id="fl-20">
         <path>..\lib\</path>
         <kind>archive</kind>
         <file>C55XXCSL_LP.lib</file>
         <name>csl_i2s.obj</name>
      </input_file>
      <input_file id="fl-21">
         <path>..\lib\</path>
         <kind>archive</kind>
         <file>C55XXCSL_LP.lib</file>
         <name>csl_i2c.obj</name>
      </input_file>
      <input_file id="fl-22">
         <path>..\lib\</path>
         <kind>archive</kind>
         <file>C55XXCSL_LP.lib</file>
         <name>csl_gpio.obj</name>
      </input_file>
      <input_file id="fl-23">
         <path>..\lib\</path>
         <kind>archive</kind>
         <file>C55XXCSL_LP.lib</file>
         <name>csl_dma.obj</name>
      </input_file>
      <input_file id="fl-37">
         <path>C:\ti\ccsv6\tools\compiler\c5500_4.4.1\lib\</path>
         <kind>archive</kind>
         <file>rts55x.lib</file>
         <name>boot.obj</name>
      </input_file>
      <input_file id="fl-38">
         <path>C:\ti\ccsv6\tools\compiler\c5500_4.4.1\lib\</path>
         <kind>archive</kind>
         <file>rts55x.lib</file>
         <name>divul.obj</name>
      </input_file>
      <input_file id="fl-39">
         <path>C:\ti\ccsv6\tools\compiler\c5500_4.4.1\lib\</path>
         <kind>archive</kind>
         <file>rts55x.lib</file>
         <name>exit.obj</name>
      </input_file>
      <input_file id="fl-3a">
         <path>C:\ti\ccsv6\tools\compiler\c5500_4.4.1\lib\</path>
         <kind>archive</kind>
         <file>rts55x.lib</file>
         <name>lmpy.obj</name>
      </input_file>
      <input_file id="fl-3b">
         <path>C:\ti\ccsv6\tools\compiler\c5500_4.4.1\lib\</path>
         <kind>archive</kind>
         <file>rts55x.lib</file>
         <name>printf.obj</name>
      </input_file>
      <input_file id="fl-3c">
         <path>C:\ti\ccsv6\tools\compiler\c5500_4.4.1\lib\</path>
         <kind>archive</kind>
         <file>rts55x.lib</file>
         <name>remul.obj</name>
      </input_file>
      <input_file id="fl-3d">
         <path>C:\ti\ccsv6\tools\compiler\c5500_4.4.1\lib\</path>
         <kind>archive</kind>
         <file>rts55x.lib</file>
         <name>udiv.obj</name>
      </input_file>
      <input_file id="fl-3e">
         <path>C:\ti\ccsv6\tools\compiler\c5500_4.4.1\lib\</path>
         <kind>archive</kind>
         <file>rts55x.lib</file>
         <name>vectors.obj</name>
      </input_file>
      <input_file id="fl-3f">
         <path>C:\ti\ccsv6\tools\compiler\c5500_4.4.1\lib\</path>
         <kind>archive</kind>
         <file>rts55x.lib</file>
         <name>_lock.obj</name>
      </input_file>
      <input_file id="fl-40">
         <path>C:\ti\ccsv6\tools\compiler\c5500_4.4.1\lib\</path>
         <kind>archive</kind>
         <file>rts55x.lib</file>
         <name>_printfi.obj</name>
      </input_file>
      <input_file id="fl-41">
         <path>C:\ti\ccsv6\tools\compiler\c5500_4.4.1\lib\</path>
         <kind>archive</kind>
         <file>rts55x.lib</file>
         <name>args_main.obj</name>
      </input_file>
      <input_file id="fl-42">
         <path>C:\ti\ccsv6\tools\compiler\c5500_4.4.1\lib\</path>
         <kind>archive</kind>
         <file>rts55x.lib</file>
         <name>atoi.obj</name>
      </input_file>
      <input_file id="fl-43">
         <path>C:\ti\ccsv6\tools\compiler\c5500_4.4.1\lib\</path>
         <kind>archive</kind>
         <file>rts55x.lib</file>
         <name>autoinit.obj</name>
      </input_file>
      <input_file id="fl-44">
         <path>C:\ti\ccsv6\tools\compiler\c5500_4.4.1\lib\</path>
         <kind>archive</kind>
         <file>rts55x.lib</file>
         <name>cmpd.obj</name>
      </input_file>
      <input_file id="fl-45">
         <path>C:\ti\ccsv6\tools\compiler\c5500_4.4.1\lib\</path>
         <kind>archive</kind>
         <file>rts55x.lib</file>
         <name>ctype.obj</name>
      </input_file>
      <input_file id="fl-46">
         <path>C:\ti\ccsv6\tools\compiler\c5500_4.4.1\lib\</path>
         <kind>archive</kind>
         <file>rts55x.lib</file>
         <name>defs.obj</name>
      </input_file>
      <input_file id="fl-47">
         <path>C:\ti\ccsv6\tools\compiler\c5500_4.4.1\lib\</path>
         <kind>archive</kind>
         <file>rts55x.lib</file>
         <name>divd.obj</name>
      </input_file>
      <input_file id="fl-48">
         <path>C:\ti\ccsv6\tools\compiler\c5500_4.4.1\lib\</path>
         <kind>archive</kind>
         <file>rts55x.lib</file>
         <name>fixdi.obj</name>
      </input_file>
      <input_file id="fl-49">
         <path>C:\ti\ccsv6\tools\compiler\c5500_4.4.1\lib\</path>
         <kind>archive</kind>
         <file>rts55x.lib</file>
         <name>fixdli.obj</name>
      </input_file>
      <input_file id="fl-4a">
         <path>C:\ti\ccsv6\tools\compiler\c5500_4.4.1\lib\</path>
         <kind>archive</kind>
         <file>rts55x.lib</file>
         <name>fltlid.obj</name>
      </input_file>
      <input_file id="fl-4b">
         <path>C:\ti\ccsv6\tools\compiler\c5500_4.4.1\lib\</path>
         <kind>archive</kind>
         <file>rts55x.lib</file>
         <name>fputc.obj</name>
      </input_file>
      <input_file id="fl-4c">
         <path>C:\ti\ccsv6\tools\compiler\c5500_4.4.1\lib\</path>
         <kind>archive</kind>
         <file>rts55x.lib</file>
         <name>fputs.obj</name>
      </input_file>
      <input_file id="fl-4d">
         <path>C:\ti\ccsv6\tools\compiler\c5500_4.4.1\lib\</path>
         <kind>archive</kind>
         <file>rts55x.lib</file>
         <name>frcmpyd_div.obj</name>
      </input_file>
      <input_file id="fl-4e">
         <path>C:\ti\ccsv6\tools\compiler\c5500_4.4.1\lib\</path>
         <kind>archive</kind>
         <file>rts55x.lib</file>
         <name>isinf.obj</name>
      </input_file>
      <input_file id="fl-4f">
         <path>C:\ti\ccsv6\tools\compiler\c5500_4.4.1\lib\</path>
         <kind>archive</kind>
         <file>rts55x.lib</file>
         <name>llmpy.obj</name>
      </input_file>
      <input_file id="fl-50">
         <path>C:\ti\ccsv6\tools\compiler\c5500_4.4.1\lib\</path>
         <kind>archive</kind>
         <file>rts55x.lib</file>
         <name>lowlev.obj</name>
      </input_file>
      <input_file id="fl-51">
         <path>C:\ti\ccsv6\tools\compiler\c5500_4.4.1\lib\</path>
         <kind>archive</kind>
         <file>rts55x.lib</file>
         <name>ltoa.obj</name>
      </input_file>
      <input_file id="fl-52">
         <path>C:\ti\ccsv6\tools\compiler\c5500_4.4.1\lib\</path>
         <kind>archive</kind>
         <file>rts55x.lib</file>
         <name>memccpy.obj</name>
      </input_file>
      <input_file id="fl-53">
         <path>C:\ti\ccsv6\tools\compiler\c5500_4.4.1\lib\</path>
         <kind>archive</kind>
         <file>rts55x.lib</file>
         <name>memcpy.obj</name>
      </input_file>
      <input_file id="fl-54">
         <path>C:\ti\ccsv6\tools\compiler\c5500_4.4.1\lib\</path>
         <kind>archive</kind>
         <file>rts55x.lib</file>
         <name>mpyd.obj</name>
      </input_file>
      <input_file id="fl-55">
         <path>C:\ti\ccsv6\tools\compiler\c5500_4.4.1\lib\</path>
         <kind>archive</kind>
         <file>rts55x.lib</file>
         <name>negd.obj</name>
      </input_file>
      <input_file id="fl-56">
         <path>C:\ti\ccsv6\tools\compiler\c5500_4.4.1\lib\</path>
         <kind>archive</kind>
         <file>rts55x.lib</file>
         <name>remli.obj</name>
      </input_file>
      <input_file id="fl-57">
         <path>C:\ti\ccsv6\tools\compiler\c5500_4.4.1\lib\</path>
         <kind>archive</kind>
         <file>rts55x.lib</file>
         <name>subd.obj</name>
      </input_file>
      <input_file id="fl-58">
         <path>C:\ti\ccsv6\tools\compiler\c5500_4.4.1\lib\</path>
         <kind>archive</kind>
         <file>rts55x.lib</file>
         <name>trgdrv.obj</name>
      </input_file>
      <input_file id="fl-59">
         <path>C:\ti\ccsv6\tools\compiler\c5500_4.4.1\lib\</path>
         <kind>archive</kind>
         <file>rts55x.lib</file>
         <name>trgmsg.obj</name>
      </input_file>
      <input_file id="fl-5a">
         <path>C:\ti\ccsv6\tools\compiler\c5500_4.4.1\lib\</path>
         <kind>archive</kind>
         <file>rts55x.lib</file>
         <name>_io_perm.obj</name>
      </input_file>
      <input_file id="fl-5b">
         <path>C:\ti\ccsv6\tools\compiler\c5500_4.4.1\lib\</path>
         <kind>archive</kind>
         <file>rts55x.lib</file>
         <name>addd.obj</name>
      </input_file>
      <input_file id="fl-5c">
         <path>C:\ti\ccsv6\tools\compiler\c5500_4.4.1\lib\</path>
         <kind>archive</kind>
         <file>rts55x.lib</file>
         <name>divli.obj</name>
      </input_file>
      <input_file id="fl-5d">
         <path>C:\ti\ccsv6\tools\compiler\c5500_4.4.1\lib\</path>
         <kind>archive</kind>
         <file>rts55x.lib</file>
         <name>fflush.obj</name>
      </input_file>
      <input_file id="fl-5e">
         <path>C:\ti\ccsv6\tools\compiler\c5500_4.4.1\lib\</path>
         <kind>archive</kind>
         <file>rts55x.lib</file>
         <name>frcmpyd.obj</name>
      </input_file>
      <input_file id="fl-5f">
         <path>C:\ti\ccsv6\tools\compiler\c5500_4.4.1\lib\</path>
         <kind>archive</kind>
         <file>rts55x.lib</file>
         <name>fseek.obj</name>
      </input_file>
      <input_file id="fl-60">
         <path>C:\ti\ccsv6\tools\compiler\c5500_4.4.1\lib\</path>
         <kind>archive</kind>
         <file>rts55x.lib</file>
         <name>setvbuf.obj</name>
      </input_file>
      <input_file id="fl-61">
         <path>C:\ti\ccsv6\tools\compiler\c5500_4.4.1\lib\</path>
         <kind>archive</kind>
         <file>rts55x.lib</file>
         <name>fopen.obj</name>
      </input_file>
      <input_file id="fl-62">
         <path>C:\ti\ccsv6\tools\compiler\c5500_4.4.1\lib\</path>
         <kind>archive</kind>
         <file>rts55x.lib</file>
         <name>memory.obj</name>
      </input_file>
      <input_file id="fl-63">
         <path>C:\ti\ccsv6\tools\compiler\c5500_4.4.1\lib\</path>
         <kind>archive</kind>
         <file>rts55x.lib</file>
         <name>fclose.obj</name>
      </input_file>
      <input_file id="fl-64">
         <path>C:\ti\ccsv6\tools\compiler\c5500_4.4.1\lib\</path>
         <kind>archive</kind>
         <file>rts55x.lib</file>
         <name>remove.obj</name>
      </input_file>
   </input_file_list>
   <object_component_list>
      <object_component id="oc-87">
         <name>.text</name>
         <load_address>0x20000</load_address>
         <run_address>0x20000</run_address>
         <size>0x451c</size>
         <input_file_ref idref="fl-1e"/>
      </object_component>
      <object_component id="oc-a5">
         <name>.text</name>
         <load_address>0x2451c</load_address>
         <run_address>0x2451c</run_address>
         <size>0x1f50</size>
         <input_file_ref idref="fl-23"/>
      </object_component>
      <object_component id="oc-d3">
         <name>.text</name>
         <load_address>0x2646c</load_address>
         <run_address>0x2646c</run_address>
         <size>0x15a4</size>
         <input_file_ref idref="fl-40"/>
      </object_component>
      <object_component id="oc-71">
         <name>.text</name>
         <load_address>0x27a10</load_address>
         <run_address>0x27a10</run_address>
         <size>0x10b9</size>
         <input_file_ref idref="fl-1a"/>
      </object_component>
      <object_component id="oc-9a">
         <name>.text</name>
         <load_address>0x28ac9</load_address>
         <run_address>0x28ac9</run_address>
         <size>0xe8f</size>
         <input_file_ref idref="fl-21"/>
      </object_component>
      <object_component id="oc-82">
         <name>.text</name>
         <load_address>0x29958</load_address>
         <run_address>0x29958</run_address>
         <size>0xb18</size>
         <input_file_ref idref="fl-1d"/>
      </object_component>
      <object_component id="oc-93">
         <name>.text</name>
         <load_address>0x2a470</load_address>
         <run_address>0x2a470</run_address>
         <size>0x997</size>
         <input_file_ref idref="fl-20"/>
      </object_component>
      <object_component id="oc-a0">
         <name>.text</name>
         <load_address>0x2ae07</load_address>
         <run_address>0x2ae07</run_address>
         <size>0x68d</size>
         <input_file_ref idref="fl-22"/>
      </object_component>
      <object_component id="oc-115">
         <name>.text</name>
         <load_address>0x2b494</load_address>
         <run_address>0x2b494</run_address>
         <size>0x543</size>
         <input_file_ref idref="fl-50"/>
      </object_component>
      <object_component id="oc-137">
         <name>.text</name>
         <load_address>0x2b9d7</load_address>
         <run_address>0x2b9d7</run_address>
         <size>0x528</size>
         <input_file_ref idref="fl-58"/>
      </object_component>
      <object_component id="oc-7c">
         <name>.text</name>
         <load_address>0x2beff</load_address>
         <run_address>0x2beff</run_address>
         <size>0x521</size>
         <input_file_ref idref="fl-1c"/>
      </object_component>
      <object_component id="oc-8d">
         <name>.text</name>
         <load_address>0x2c420</load_address>
         <run_address>0x2c420</run_address>
         <size>0x508</size>
         <input_file_ref idref="fl-1f"/>
      </object_component>
      <object_component id="oc-5e">
         <name>.text</name>
         <load_address>0x2c928</load_address>
         <run_address>0x2c928</run_address>
         <size>0x4ce</size>
         <input_file_ref idref="fl-f"/>
      </object_component>
      <object_component id="oc-164">
         <name>.text</name>
         <load_address>0x2cdf6</load_address>
         <run_address>0x2cdf6</run_address>
         <size>0x4b5</size>
         <input_file_ref idref="fl-62"/>
      </object_component>
      <object_component id="oc-31">
         <name>.text</name>
         <load_address>0x2d2ab</load_address>
         <run_address>0x2d2ab</run_address>
         <size>0x3de</size>
         <input_file_ref idref="fl-7"/>
      </object_component>
      <object_component id="oc-ef">
         <name>.text</name>
         <load_address>0x2d689</load_address>
         <run_address>0x2d689</run_address>
         <size>0x3cc</size>
         <input_file_ref idref="fl-47"/>
      </object_component>
      <object_component id="oc-65">
         <name>.text</name>
         <load_address>0x2da55</load_address>
         <run_address>0x2da55</run_address>
         <size>0x3bd</size>
         <input_file_ref idref="fl-10"/>
      </object_component>
      <object_component id="oc-15e">
         <name>.text</name>
         <load_address>0x2de12</load_address>
         <run_address>0x2de12</run_address>
         <size>0x27f</size>
         <input_file_ref idref="fl-61"/>
      </object_component>
      <object_component id="oc-76">
         <name>.text</name>
         <load_address>0x2e091</load_address>
         <run_address>0x2e091</run_address>
         <size>0x25e</size>
         <input_file_ref idref="fl-1b"/>
      </object_component>
      <object_component id="oc-111">
         <name>.text</name>
         <load_address>0x2e2ef</load_address>
         <run_address>0x2e2ef</run_address>
         <size>0x25e</size>
         <input_file_ref idref="fl-4f"/>
      </object_component>
      <object_component id="oc-146">
         <name>.text</name>
         <load_address>0x2e54d</load_address>
         <run_address>0x2e54d</run_address>
         <size>0x25a</size>
         <input_file_ref idref="fl-5b"/>
      </object_component>
      <object_component id="oc-e5">
         <name>.text</name>
         <load_address>0x2e7a7</load_address>
         <run_address>0x2e7a7</run_address>
         <size>0x1ea</size>
         <input_file_ref idref="fl-44"/>
      </object_component>
      <object_component id="oc-52">
         <name>.text</name>
         <load_address>0x2e991</load_address>
         <run_address>0x2e991</run_address>
         <size>0x1e7</size>
         <input_file_ref idref="fl-d"/>
      </object_component>
      <object_component id="oc-25">
         <name>.text</name>
         <load_address>0x2eb78</load_address>
         <run_address>0x2eb78</run_address>
         <size>0x1e0</size>
         <input_file_ref idref="fl-5"/>
      </object_component>
      <object_component id="oc-4d">
         <name>.text</name>
         <load_address>0x2ed58</load_address>
         <run_address>0x2ed58</run_address>
         <size>0x192</size>
         <input_file_ref idref="fl-c"/>
      </object_component>
      <object_component id="oc-57">
         <name>.text</name>
         <load_address>0x2eeea</load_address>
         <run_address>0x2eeea</run_address>
         <size>0x17a</size>
         <input_file_ref idref="fl-e"/>
      </object_component>
      <object_component id="oc-104">
         <name>.text</name>
         <load_address>0x2f064</load_address>
         <run_address>0x2f064</run_address>
         <size>0x163</size>
         <input_file_ref idref="fl-4c"/>
      </object_component>
      <object_component id="oc-1d">
         <name>.text</name>
         <load_address>0x2f1c7</load_address>
         <run_address>0x2f1c7</run_address>
         <size>0x159</size>
         <input_file_ref idref="fl-4"/>
      </object_component>
      <object_component id="oc-127">
         <name>.text</name>
         <load_address>0x2f320</load_address>
         <run_address>0x2f320</run_address>
         <size>0x14c</size>
         <input_file_ref idref="fl-54"/>
      </object_component>
      <object_component id="oc-47">
         <name>.text</name>
         <load_address>0x2f46c</load_address>
         <run_address>0x2f46c</run_address>
         <size>0x107</size>
         <input_file_ref idref="fl-b"/>
      </object_component>
      <object_component id="oc-15a">
         <name>.text</name>
         <load_address>0x2f573</load_address>
         <run_address>0x2f573</run_address>
         <size>0xe6</size>
         <input_file_ref idref="fl-60"/>
      </object_component>
      <object_component id="oc-142">
         <name>.text</name>
         <load_address>0x2f659</load_address>
         <run_address>0x2f659</run_address>
         <size>0xdd</size>
         <input_file_ref idref="fl-5a"/>
      </object_component>
      <object_component id="oc-14e">
         <name>.text</name>
         <load_address>0x2f736</load_address>
         <run_address>0x2f736</run_address>
         <size>0xc2</size>
         <input_file_ref idref="fl-5d"/>
      </object_component>
      <object_component id="oc-13f">
         <name>.text:CIO_breakpoint</name>
         <load_address>0x2f7f8</load_address>
         <run_address>0x2f7f8</run_address>
         <size>0xba</size>
         <input_file_ref idref="fl-59"/>
      </object_component>
      <object_component id="oc-100">
         <name>.text</name>
         <load_address>0x2f8b2</load_address>
         <run_address>0x2f8b2</run_address>
         <size>0xa6</size>
         <input_file_ref idref="fl-4b"/>
      </object_component>
      <object_component id="oc-ae">
         <name>.text</name>
         <load_address>0x2f958</load_address>
         <run_address>0x2f958</run_address>
         <size>0xa1</size>
         <input_file_ref idref="fl-38"/>
      </object_component>
      <object_component id="oc-6b">
         <name>.text</name>
         <load_address>0x2f9f9</load_address>
         <run_address>0x2f9f9</run_address>
         <size>0x9f</size>
         <input_file_ref idref="fl-11"/>
      </object_component>
      <object_component id="oc-42">
         <name>.text</name>
         <load_address>0x2fa98</load_address>
         <run_address>0x2fa98</run_address>
         <size>0x97</size>
         <input_file_ref idref="fl-a"/>
      </object_component>
      <object_component id="oc-2c">
         <name>.text</name>
         <load_address>0x2fb2f</load_address>
         <run_address>0x2fb2f</run_address>
         <size>0x8b</size>
         <input_file_ref idref="fl-6"/>
      </object_component>
      <object_component id="oc-3c">
         <name>.text</name>
         <load_address>0x2fbba</load_address>
         <run_address>0x2fbba</run_address>
         <size>0x87</size>
         <input_file_ref idref="fl-9"/>
      </object_component>
      <object_component id="oc-11b">
         <name>.text</name>
         <load_address>0x2fc41</load_address>
         <run_address>0x2fc41</run_address>
         <size>0x7d</size>
         <input_file_ref idref="fl-51"/>
      </object_component>
      <object_component id="oc-16b">
         <name>.text</name>
         <load_address>0x2fcbe</load_address>
         <run_address>0x2fcbe</run_address>
         <size>0x7b</size>
         <input_file_ref idref="fl-63"/>
      </object_component>
      <object_component id="oc-152">
         <name>.text</name>
         <load_address>0x2fd39</load_address>
         <run_address>0x2fd39</run_address>
         <size>0x76</size>
         <input_file_ref idref="fl-5e"/>
      </object_component>
      <object_component id="oc-109">
         <name>.text</name>
         <load_address>0x2fdaf</load_address>
         <run_address>0x2fdaf</run_address>
         <size>0x73</size>
         <input_file_ref idref="fl-4d"/>
      </object_component>
      <object_component id="oc-c1">
         <name>.text</name>
         <load_address>0x2fe22</load_address>
         <run_address>0x2fe22</run_address>
         <size>0x72</size>
         <input_file_ref idref="fl-3c"/>
      </object_component>
      <object_component id="oc-f7">
         <name>.text</name>
         <load_address>0x2fe94</load_address>
         <run_address>0x2fe94</run_address>
         <size>0x6f</size>
         <input_file_ref idref="fl-49"/>
      </object_component>
      <object_component id="oc-13c">
         <name>.text</name>
         <load_address>0x2ff03</load_address>
         <run_address>0x2ff03</run_address>
         <size>0x6d</size>
         <input_file_ref idref="fl-59"/>
      </object_component>
      <object_component id="oc-156">
         <name>.text</name>
         <load_address>0x2ff70</load_address>
         <run_address>0x2ff70</run_address>
         <size>0x6b</size>
         <input_file_ref idref="fl-5f"/>
      </object_component>
      <object_component id="oc-fb">
         <name>.text</name>
         <load_address>0x2ffdb</load_address>
         <run_address>0x2ffdb</run_address>
         <size>0x67</size>
         <input_file_ref idref="fl-4a"/>
      </object_component>
      <object_component id="oc-18">
         <name>.text</name>
         <load_address>0x30042</load_address>
         <run_address>0x30042</run_address>
         <size>0x60</size>
         <input_file_ref idref="fl-3"/>
      </object_component>
      <object_component id="oc-dd">
         <name>.text</name>
         <load_address>0x300a2</load_address>
         <run_address>0x300a2</run_address>
         <size>0x5c</size>
         <input_file_ref idref="fl-42"/>
      </object_component>
      <object_component id="oc-37">
         <name>.text</name>
         <load_address>0x300fe</load_address>
         <run_address>0x300fe</run_address>
         <size>0x54</size>
         <input_file_ref idref="fl-8"/>
      </object_component>
      <object_component id="oc-bd">
         <name>.text</name>
         <load_address>0x30152</load_address>
         <run_address>0x30152</run_address>
         <size>0x50</size>
         <input_file_ref idref="fl-3b"/>
      </object_component>
      <object_component id="oc-e1">
         <name>.text</name>
         <load_address>0x301a2</load_address>
         <run_address>0x301a2</run_address>
         <size>0x4d</size>
         <input_file_ref idref="fl-43"/>
      </object_component>
      <object_component id="oc-d9">
         <name>.text</name>
         <load_address>0x301ef</load_address>
         <run_address>0x301ef</run_address>
         <size>0x4b</size>
         <input_file_ref idref="fl-41"/>
      </object_component>
      <object_component id="oc-12f">
         <name>.text</name>
         <load_address>0x3023a</load_address>
         <run_address>0x3023a</run_address>
         <size>0x4b</size>
         <input_file_ref idref="fl-56"/>
      </object_component>
      <object_component id="oc-14a">
         <name>.text</name>
         <load_address>0x30285</load_address>
         <run_address>0x30285</run_address>
         <size>0x48</size>
         <input_file_ref idref="fl-5c"/>
      </object_component>
      <object_component id="oc-123">
         <name>.text</name>
         <load_address>0x302cd</load_address>
         <run_address>0x302cd</run_address>
         <size>0x3f</size>
         <input_file_ref idref="fl-53"/>
      </object_component>
      <object_component id="oc-b2">
         <name>.text</name>
         <load_address>0x3030c</load_address>
         <run_address>0x3030c</run_address>
         <size>0x3e</size>
         <input_file_ref idref="fl-39"/>
      </object_component>
      <object_component id="oc-10">
         <name>.text</name>
         <load_address>0x3034a</load_address>
         <run_address>0x3034a</run_address>
         <size>0x34</size>
         <input_file_ref idref="fl-37"/>
      </object_component>
      <object_component id="oc-f3">
         <name>.text</name>
         <load_address>0x3037e</load_address>
         <run_address>0x3037e</run_address>
         <size>0x2a</size>
         <input_file_ref idref="fl-48"/>
      </object_component>
      <object_component id="oc-c5">
         <name>.text</name>
         <load_address>0x303a8</load_address>
         <run_address>0x303a8</run_address>
         <size>0x2a</size>
         <input_file_ref idref="fl-3d"/>
      </object_component>
      <object_component id="oc-12">
         <name>.text</name>
         <load_address>0x303d2</load_address>
         <run_address>0x303d2</run_address>
         <size>0x24</size>
         <input_file_ref idref="fl-2"/>
      </object_component>
      <object_component id="oc-11f">
         <name>.text</name>
         <load_address>0x303f6</load_address>
         <run_address>0x303f6</run_address>
         <size>0x23</size>
         <input_file_ref idref="fl-52"/>
      </object_component>
      <object_component id="oc-10d">
         <name>.text</name>
         <load_address>0x30419</load_address>
         <run_address>0x30419</run_address>
         <size>0x1a</size>
         <input_file_ref idref="fl-4e"/>
      </object_component>
      <object_component id="oc-133">
         <name>.text</name>
         <load_address>0x30433</load_address>
         <run_address>0x30433</run_address>
         <size>0x14</size>
         <input_file_ref idref="fl-57"/>
      </object_component>
      <object_component id="oc-b9">
         <name>.text</name>
         <load_address>0x30447</load_address>
         <run_address>0x30447</run_address>
         <size>0x13</size>
         <input_file_ref idref="fl-3a"/>
      </object_component>
      <object_component id="oc-cd">
         <name>.text</name>
         <load_address>0x3045a</load_address>
         <run_address>0x3045a</run_address>
         <size>0x12</size>
         <input_file_ref idref="fl-3f"/>
      </object_component>
      <object_component id="oc-12b">
         <name>.text</name>
         <load_address>0x3046c</load_address>
         <run_address>0x3046c</run_address>
         <size>0x10</size>
         <input_file_ref idref="fl-55"/>
      </object_component>
      <object_component id="oc-16f">
         <name>.text</name>
         <load_address>0x3047c</load_address>
         <run_address>0x3047c</run_address>
         <size>0xa</size>
         <input_file_ref idref="fl-64"/>
      </object_component>
      <object_component id="oc-b6">
         <name>.text:CIO_breakpoint</name>
         <load_address>0x30486</load_address>
         <run_address>0x30486</run_address>
         <size>0x7</size>
         <input_file_ref idref="fl-39"/>
      </object_component>
      <object_component id="oc-c9">
         <name>.text</name>
         <load_address>0x3048d</load_address>
         <run_address>0x3048d</run_address>
         <size>0x2</size>
         <input_file_ref idref="fl-3e"/>
      </object_component>
      <object_component id="oc-aa">
         <name>.stack</name>
         <uninitialized>true</uninitialized>
         <run_address>0xc0</run_address>
         <size>0x0</size>
         <input_file_ref idref="fl-37"/>
      </object_component>
      <object_component id="oc-191">
         <name>.stack</name>
         <uninitialized>true</uninitialized>
         <run_address>0xc0</run_address>
         <size>0x0</size>
      </object_component>
      <object_component id="oc-173">
         <name>.sysstack</name>
         <uninitialized>true</uninitialized>
         <run_address>0x20c0</run_address>
         <size>0x0</size>
         <input_file_ref idref="fl-37"/>
      </object_component>
      <object_component id="oc-193">
         <name>.sysstack</name>
         <uninitialized>true</uninitialized>
         <run_address>0x20c0</run_address>
         <size>0x0</size>
      </object_component>
      <object_component id="oc-19">
         <name>.data:.text</name>
         <load_address>0x5c66</load_address>
         <run_address>0x5c66</run_address>
         <size>0x2</size>
         <input_file_ref idref="fl-3"/>
      </object_component>
      <object_component id="oc-eb">
         <name>.bss</name>
         <uninitialized>true</uninitialized>
         <run_address>0x5d9c</run_address>
         <size>0x232</size>
         <input_file_ref idref="fl-46"/>
      </object_component>
      <object_component id="oc-15f">
         <name>.bss</name>
         <uninitialized>true</uninitialized>
         <run_address>0x5fce</run_address>
         <size>0x2</size>
         <input_file_ref idref="fl-61"/>
      </object_component>
      <object_component id="oc-66">
         <name>.bss</name>
         <uninitialized>true</uninitialized>
         <run_address>0x5fd0</run_address>
         <size>0x224</size>
         <input_file_ref idref="fl-10"/>
      </object_component>
      <object_component id="oc-138">
         <name>.bss</name>
         <uninitialized>true</uninitialized>
         <run_address>0x61f4</run_address>
         <size>0x1a0</size>
         <input_file_ref idref="fl-58"/>
      </object_component>
      <object_component id="oc-5f">
         <name>.bss</name>
         <uninitialized>true</uninitialized>
         <run_address>0x6394</run_address>
         <size>0x12a</size>
         <input_file_ref idref="fl-f"/>
      </object_component>
      <object_component id="oc-8e">
         <name>.bss</name>
         <uninitialized>true</uninitialized>
         <run_address>0x64c0</run_address>
         <size>0x108</size>
         <input_file_ref idref="fl-1f"/>
      </object_component>
      <object_component id="oc-116">
         <name>.bss</name>
         <uninitialized>true</uninitialized>
         <run_address>0x65c8</run_address>
         <size>0xe2</size>
         <input_file_ref idref="fl-50"/>
      </object_component>
      <object_component id="oc-94">
         <name>.bss</name>
         <uninitialized>true</uninitialized>
         <run_address>0x66aa</run_address>
         <size>0x54</size>
         <input_file_ref idref="fl-20"/>
      </object_component>
      <object_component id="oc-88">
         <name>.bss</name>
         <uninitialized>true</uninitialized>
         <run_address>0x6700</run_address>
         <size>0x48</size>
         <input_file_ref idref="fl-1e"/>
      </object_component>
      <object_component id="oc-1e">
         <name>.bss</name>
         <uninitialized>true</uninitialized>
         <run_address>0x6748</run_address>
         <size>0x42</size>
         <input_file_ref idref="fl-4"/>
      </object_component>
      <object_component id="oc-6c">
         <name>.bss</name>
         <uninitialized>true</uninitialized>
         <run_address>0x678c</run_address>
         <size>0x2c</size>
         <input_file_ref idref="fl-11"/>
      </object_component>
      <object_component id="oc-9b">
         <name>.bss</name>
         <uninitialized>true</uninitialized>
         <run_address>0x67b8</run_address>
         <size>0x24</size>
         <input_file_ref idref="fl-21"/>
      </object_component>
      <object_component id="oc-58">
         <name>.bss</name>
         <uninitialized>true</uninitialized>
         <run_address>0x67dc</run_address>
         <size>0x10</size>
         <input_file_ref idref="fl-e"/>
      </object_component>
      <object_component id="oc-165">
         <name>.bss</name>
         <uninitialized>true</uninitialized>
         <run_address>0x67ec</run_address>
         <size>0xc</size>
         <input_file_ref idref="fl-62"/>
      </object_component>
      <object_component id="oc-3d">
         <name>.bss</name>
         <uninitialized>true</uninitialized>
         <run_address>0x67f8</run_address>
         <size>0x8</size>
         <input_file_ref idref="fl-9"/>
      </object_component>
      <object_component id="oc-ce">
         <name>.bss</name>
         <uninitialized>true</uninitialized>
         <run_address>0x6800</run_address>
         <size>0x8</size>
         <input_file_ref idref="fl-3f"/>
      </object_component>
      <object_component id="oc-b3">
         <name>.bss</name>
         <uninitialized>true</uninitialized>
         <run_address>0x6808</run_address>
         <size>0x8</size>
         <input_file_ref idref="fl-39"/>
      </object_component>
      <object_component id="oc-7d">
         <name>.bss</name>
         <uninitialized>true</uninitialized>
         <run_address>0x6810</run_address>
         <size>0x6</size>
         <input_file_ref idref="fl-1c"/>
      </object_component>
      <object_component id="oc-77">
         <name>.bss</name>
         <uninitialized>true</uninitialized>
         <run_address>0x6816</run_address>
         <size>0x6</size>
         <input_file_ref idref="fl-1b"/>
      </object_component>
      <object_component id="oc-13">
         <name>.bss</name>
         <uninitialized>true</uninitialized>
         <run_address>0x681c</run_address>
         <size>0x6</size>
         <input_file_ref idref="fl-2"/>
      </object_component>
      <object_component id="oc-26">
         <name>.bss</name>
         <uninitialized>true</uninitialized>
         <run_address>0x6822</run_address>
         <size>0x6</size>
         <input_file_ref idref="fl-5"/>
      </object_component>
      <object_component id="oc-48">
         <name>.bss</name>
         <uninitialized>true</uninitialized>
         <run_address>0x6828</run_address>
         <size>0x4</size>
         <input_file_ref idref="fl-b"/>
      </object_component>
      <object_component id="oc-61">
         <name>.const:.string</name>
         <load_address>0x50c0</load_address>
         <run_address>0x50c0</run_address>
         <size>0x68c</size>
         <input_file_ref idref="fl-f"/>
      </object_component>
      <object_component id="oc-33">
         <name>.const:.string</name>
         <load_address>0x574c</load_address>
         <run_address>0x574c</run_address>
         <size>0x318</size>
         <input_file_ref idref="fl-7"/>
      </object_component>
      <object_component id="oc-178">
         <name>.const:__ctypes_</name>
         <load_address>0x5a64</load_address>
         <run_address>0x5a64</run_address>
         <size>0x202</size>
         <input_file_ref idref="fl-45"/>
      </object_component>
      <object_component id="oc-21">
         <name>.const:.string</name>
         <load_address>0x5c68</load_address>
         <run_address>0x5c68</run_address>
         <size>0xba</size>
         <input_file_ref idref="fl-4"/>
      </object_component>
      <object_component id="oc-d6">
         <name>.const:.string</name>
         <load_address>0x5d24</load_address>
         <run_address>0x5d24</run_address>
         <size>0x48</size>
         <input_file_ref idref="fl-40"/>
      </object_component>
      <object_component id="oc-d5">
         <name>.const</name>
         <load_address>0x5d6c</load_address>
         <run_address>0x5d6c</run_address>
         <size>0x18</size>
         <input_file_ref idref="fl-40"/>
      </object_component>
      <object_component id="oc-179">
         <name>.const:_initial_approx$1</name>
         <load_address>0x5d84</load_address>
         <run_address>0x5d84</run_address>
         <size>0x10</size>
         <input_file_ref idref="fl-47"/>
      </object_component>
      <object_component id="oc-106">
         <name>.const:.string</name>
         <load_address>0x5d94</load_address>
         <run_address>0x5d94</run_address>
         <size>0x4</size>
         <input_file_ref idref="fl-4c"/>
      </object_component>
      <object_component id="oc-fd">
         <name>.const</name>
         <load_address>0x5d98</load_address>
         <run_address>0x5d98</run_address>
         <size>0x4</size>
         <input_file_ref idref="fl-4a"/>
      </object_component>
      <object_component id="oc-168">
         <name>.sysmem</name>
         <uninitialized>true</uninitialized>
         <run_address>0x30c0</run_address>
         <size>0x0</size>
         <input_file_ref idref="fl-62"/>
      </object_component>
      <object_component id="oc-192">
         <name>.sysmem</name>
         <uninitialized>true</uninitialized>
         <run_address>0x30c0</run_address>
         <size>0x0</size>
      </object_component>
      <object_component id="oc-175">
         <name>.switch:_DMA_config</name>
         <load_address>0x403b4</load_address>
         <run_address>0x403b4</run_address>
         <size>0x40</size>
         <input_file_ref idref="fl-23"/>
      </object_component>
      <object_component id="oc-176">
         <name>.switch:_DMA_getConfig</name>
         <load_address>0x403f4</load_address>
         <run_address>0x403f4</run_address>
         <size>0x40</size>
         <input_file_ref idref="fl-23"/>
      </object_component>
      <object_component id="oc-177">
         <name>.switch:_DMA_reset</name>
         <load_address>0x40434</load_address>
         <run_address>0x40434</run_address>
         <size>0x40</size>
         <input_file_ref idref="fl-23"/>
      </object_component>
      <object_component id="oc-174">
         <name>.switch:_SYS_setEBSR</name>
         <load_address>0x40474</load_address>
         <run_address>0x40474</run_address>
         <size>0x24</size>
         <input_file_ref idref="fl-1b"/>
      </object_component>
      <object_component id="oc-118">
         <name>.cinit</name>
         <load_address>0x40240</load_address>
         <run_address>0x40240</run_address>
         <size>0x5a</size>
         <input_file_ref idref="fl-50"/>
      </object_component>
      <object_component id="oc-ed">
         <name>.cinit</name>
         <load_address>0x4029a</load_address>
         <run_address>0x4029a</run_address>
         <size>0x54</size>
         <input_file_ref idref="fl-46"/>
      </object_component>
      <object_component id="oc-20">
         <name>.cinit</name>
         <load_address>0x402ee</load_address>
         <run_address>0x402ee</run_address>
         <size>0x4c</size>
         <input_file_ref idref="fl-4"/>
      </object_component>
      <object_component id="oc-5a">
         <name>.cinit</name>
         <load_address>0x4033a</load_address>
         <run_address>0x4033a</run_address>
         <size>0x18</size>
         <input_file_ref idref="fl-e"/>
      </object_component>
      <object_component id="oc-28">
         <name>.cinit</name>
         <load_address>0x40352</load_address>
         <run_address>0x40352</run_address>
         <size>0x18</size>
         <input_file_ref idref="fl-5"/>
      </object_component>
      <object_component id="oc-d0">
         <name>.cinit</name>
         <load_address>0x4036a</load_address>
         <run_address>0x4036a</run_address>
         <size>0x14</size>
         <input_file_ref idref="fl-3f"/>
      </object_component>
      <object_component id="oc-b5">
         <name>.cinit</name>
         <load_address>0x4037e</load_address>
         <run_address>0x4037e</run_address>
         <size>0x14</size>
         <input_file_ref idref="fl-39"/>
      </object_component>
      <object_component id="oc-96">
         <name>.cinit</name>
         <load_address>0x40392</load_address>
         <run_address>0x40392</run_address>
         <size>0x10</size>
         <input_file_ref idref="fl-20"/>
      </object_component>
      <object_component id="oc-161">
         <name>.cinit</name>
         <load_address>0x403a2</load_address>
         <run_address>0x403a2</run_address>
         <size>0x8</size>
         <input_file_ref idref="fl-61"/>
      </object_component>
      <object_component id="oc-167">
         <name>.cinit</name>
         <load_address>0x403aa</load_address>
         <run_address>0x403aa</run_address>
         <size>0x8</size>
         <input_file_ref idref="fl-62"/>
      </object_component>
      <object_component id="oc-13e">
         <name>.cio</name>
         <uninitialized>true</uninitialized>
         <run_address>0x40000</run_address>
         <size>0x240</size>
         <input_file_ref idref="fl-59"/>
      </object_component>
      <object_component id="oc-11">
         <name>vectors</name>
         <load_address>0x4fe00</load_address>
         <run_address>0x4fe00</run_address>
         <size>0x100</size>
         <input_file_ref idref="fl-3e"/>
      </object_component>
      <object_component id="oc-14">
         <name>.debug_info</name>
         <load_address>0x0</load_address>
         <run_address>0x0</run_address>
         <size>0x649</size>
         <input_file_ref idref="fl-2"/>
      </object_component>
      <object_component id="oc-1a">
         <name>.debug_info</name>
         <load_address>0x649</load_address>
         <run_address>0x649</run_address>
         <size>0xbe</size>
         <input_file_ref idref="fl-3"/>
      </object_component>
      <object_component id="oc-1f">
         <name>.debug_info</name>
         <load_address>0x707</load_address>
         <run_address>0x707</run_address>
         <size>0x870</size>
         <input_file_ref idref="fl-4"/>
      </object_component>
      <object_component id="oc-27">
         <name>.debug_info</name>
         <load_address>0xf77</load_address>
         <run_address>0xf77</run_address>
         <size>0xc58</size>
         <input_file_ref idref="fl-5"/>
      </object_component>
      <object_component id="oc-2d">
         <name>.debug_info</name>
         <load_address>0x1bcf</load_address>
         <run_address>0x1bcf</run_address>
         <size>0x93b</size>
         <input_file_ref idref="fl-6"/>
      </object_component>
      <object_component id="oc-32">
         <name>.debug_info</name>
         <load_address>0x250a</load_address>
         <run_address>0x250a</run_address>
         <size>0xf72</size>
         <input_file_ref idref="fl-7"/>
      </object_component>
      <object_component id="oc-38">
         <name>.debug_info</name>
         <load_address>0x347c</load_address>
         <run_address>0x347c</run_address>
         <size>0xc8a</size>
         <input_file_ref idref="fl-8"/>
      </object_component>
      <object_component id="oc-3e">
         <name>.debug_info</name>
         <load_address>0x4106</load_address>
         <run_address>0x4106</run_address>
         <size>0x14c9</size>
         <input_file_ref idref="fl-9"/>
      </object_component>
      <object_component id="oc-43">
         <name>.debug_info</name>
         <load_address>0x55cf</load_address>
         <run_address>0x55cf</run_address>
         <size>0xa55</size>
         <input_file_ref idref="fl-a"/>
      </object_component>
      <object_component id="oc-49">
         <name>.debug_info</name>
         <load_address>0x6024</load_address>
         <run_address>0x6024</run_address>
         <size>0x1548</size>
         <input_file_ref idref="fl-b"/>
      </object_component>
      <object_component id="oc-4e">
         <name>.debug_info</name>
         <load_address>0x756c</load_address>
         <run_address>0x756c</run_address>
         <size>0xd88</size>
         <input_file_ref idref="fl-c"/>
      </object_component>
      <object_component id="oc-53">
         <name>.debug_info</name>
         <load_address>0x82f4</load_address>
         <run_address>0x82f4</run_address>
         <size>0x10ba</size>
         <input_file_ref idref="fl-d"/>
      </object_component>
      <object_component id="oc-59">
         <name>.debug_info</name>
         <load_address>0x93ae</load_address>
         <run_address>0x93ae</run_address>
         <size>0x1483</size>
         <input_file_ref idref="fl-e"/>
      </object_component>
      <object_component id="oc-60">
         <name>.debug_info</name>
         <load_address>0xa831</load_address>
         <run_address>0xa831</run_address>
         <size>0x32f2</size>
         <input_file_ref idref="fl-f"/>
      </object_component>
      <object_component id="oc-67">
         <name>.debug_info</name>
         <load_address>0xdb23</load_address>
         <run_address>0xdb23</run_address>
         <size>0x1f09</size>
         <input_file_ref idref="fl-10"/>
      </object_component>
      <object_component id="oc-6d">
         <name>.debug_info</name>
         <load_address>0xfa2c</load_address>
         <run_address>0xfa2c</run_address>
         <size>0x11e1</size>
         <input_file_ref idref="fl-11"/>
      </object_component>
      <object_component id="oc-72">
         <name>.debug_info</name>
         <load_address>0x10c0d</load_address>
         <run_address>0x10c0d</run_address>
         <size>0x3792</size>
         <input_file_ref idref="fl-1a"/>
      </object_component>
      <object_component id="oc-78">
         <name>.debug_info</name>
         <load_address>0x1439f</load_address>
         <run_address>0x1439f</run_address>
         <size>0x1057</size>
         <input_file_ref idref="fl-1b"/>
      </object_component>
      <object_component id="oc-7e">
         <name>.debug_info</name>
         <load_address>0x153f6</load_address>
         <run_address>0x153f6</run_address>
         <size>0x20df</size>
         <input_file_ref idref="fl-1c"/>
      </object_component>
      <object_component id="oc-83">
         <name>.debug_info</name>
         <load_address>0x174d5</load_address>
         <run_address>0x174d5</run_address>
         <size>0x202b</size>
         <input_file_ref idref="fl-1d"/>
      </object_component>
      <object_component id="oc-89">
         <name>.debug_info</name>
         <load_address>0x19500</load_address>
         <run_address>0x19500</run_address>
         <size>0xb852</size>
         <input_file_ref idref="fl-1e"/>
      </object_component>
      <object_component id="oc-8f">
         <name>.debug_info</name>
         <load_address>0x24d52</load_address>
         <run_address>0x24d52</run_address>
         <size>0x1b3a</size>
         <input_file_ref idref="fl-1f"/>
      </object_component>
      <object_component id="oc-95">
         <name>.debug_info</name>
         <load_address>0x2688c</load_address>
         <run_address>0x2688c</run_address>
         <size>0x22e3</size>
         <input_file_ref idref="fl-20"/>
      </object_component>
      <object_component id="oc-9c">
         <name>.debug_info</name>
         <load_address>0x28b6f</load_address>
         <run_address>0x28b6f</run_address>
         <size>0x29d8</size>
         <input_file_ref idref="fl-21"/>
      </object_component>
      <object_component id="oc-a1">
         <name>.debug_info</name>
         <load_address>0x2b547</load_address>
         <run_address>0x2b547</run_address>
         <size>0x185f</size>
         <input_file_ref idref="fl-22"/>
      </object_component>
      <object_component id="oc-a6">
         <name>.debug_info</name>
         <load_address>0x2cda6</load_address>
         <run_address>0x2cda6</run_address>
         <size>0x2802</size>
         <input_file_ref idref="fl-23"/>
      </object_component>
      <object_component id="oc-ab">
         <name>.debug_info</name>
         <load_address>0x2f5a8</load_address>
         <run_address>0x2f5a8</run_address>
         <size>0xe8</size>
         <input_file_ref idref="fl-37"/>
      </object_component>
      <object_component id="oc-af">
         <name>.debug_info</name>
         <load_address>0x2f690</load_address>
         <run_address>0x2f690</run_address>
         <size>0x534</size>
         <input_file_ref idref="fl-38"/>
      </object_component>
      <object_component id="oc-b4">
         <name>.debug_info</name>
         <load_address>0x2fbc4</load_address>
         <run_address>0x2fbc4</run_address>
         <size>0x5fb</size>
         <input_file_ref idref="fl-39"/>
      </object_component>
      <object_component id="oc-ba">
         <name>.debug_info</name>
         <load_address>0x301bf</load_address>
         <run_address>0x301bf</run_address>
         <size>0xbd</size>
         <input_file_ref idref="fl-3a"/>
      </object_component>
      <object_component id="oc-be">
         <name>.debug_info</name>
         <load_address>0x3027c</load_address>
         <run_address>0x3027c</run_address>
         <size>0x76c</size>
         <input_file_ref idref="fl-3b"/>
      </object_component>
      <object_component id="oc-c2">
         <name>.debug_info</name>
         <load_address>0x309e8</load_address>
         <run_address>0x309e8</run_address>
         <size>0x534</size>
         <input_file_ref idref="fl-3c"/>
      </object_component>
      <object_component id="oc-c6">
         <name>.debug_info</name>
         <load_address>0x30f1c</load_address>
         <run_address>0x30f1c</run_address>
         <size>0xef</size>
         <input_file_ref idref="fl-3d"/>
      </object_component>
      <object_component id="oc-ca">
         <name>.debug_info</name>
         <load_address>0x3100b</load_address>
         <run_address>0x3100b</run_address>
         <size>0xbc</size>
         <input_file_ref idref="fl-3e"/>
      </object_component>
      <object_component id="oc-cf">
         <name>.debug_info</name>
         <load_address>0x310c7</load_address>
         <run_address>0x310c7</run_address>
         <size>0x5bc</size>
         <input_file_ref idref="fl-3f"/>
      </object_component>
      <object_component id="oc-d4">
         <name>.debug_info</name>
         <load_address>0x31683</load_address>
         <run_address>0x31683</run_address>
         <size>0x27bd</size>
         <input_file_ref idref="fl-40"/>
      </object_component>
      <object_component id="oc-da">
         <name>.debug_info</name>
         <load_address>0x33e40</load_address>
         <run_address>0x33e40</run_address>
         <size>0x586</size>
         <input_file_ref idref="fl-41"/>
      </object_component>
      <object_component id="oc-de">
         <name>.debug_info</name>
         <load_address>0x343c6</load_address>
         <run_address>0x343c6</run_address>
         <size>0x5a4</size>
         <input_file_ref idref="fl-42"/>
      </object_component>
      <object_component id="oc-e2">
         <name>.debug_info</name>
         <load_address>0x3496a</load_address>
         <run_address>0x3496a</run_address>
         <size>0xcd</size>
         <input_file_ref idref="fl-43"/>
      </object_component>
      <object_component id="oc-e6">
         <name>.debug_info</name>
         <load_address>0x34a37</load_address>
         <run_address>0x34a37</run_address>
         <size>0x81f</size>
         <input_file_ref idref="fl-44"/>
      </object_component>
      <object_component id="oc-e9">
         <name>.debug_info</name>
         <load_address>0x35256</load_address>
         <run_address>0x35256</run_address>
         <size>0x498</size>
         <input_file_ref idref="fl-45"/>
      </object_component>
      <object_component id="oc-ec">
         <name>.debug_info</name>
         <load_address>0x356ee</load_address>
         <run_address>0x356ee</run_address>
         <size>0x57e</size>
         <input_file_ref idref="fl-46"/>
      </object_component>
      <object_component id="oc-f0">
         <name>.debug_info</name>
         <load_address>0x35c6c</load_address>
         <run_address>0x35c6c</run_address>
         <size>0x7e8</size>
         <input_file_ref idref="fl-47"/>
      </object_component>
      <object_component id="oc-f4">
         <name>.debug_info</name>
         <load_address>0x36454</load_address>
         <run_address>0x36454</run_address>
         <size>0x4cf</size>
         <input_file_ref idref="fl-48"/>
      </object_component>
      <object_component id="oc-f8">
         <name>.debug_info</name>
         <load_address>0x36923</load_address>
         <run_address>0x36923</run_address>
         <size>0x534</size>
         <input_file_ref idref="fl-49"/>
      </object_component>
      <object_component id="oc-fc">
         <name>.debug_info</name>
         <load_address>0x36e57</load_address>
         <run_address>0x36e57</run_address>
         <size>0x549</size>
         <input_file_ref idref="fl-4a"/>
      </object_component>
      <object_component id="oc-101">
         <name>.debug_info</name>
         <load_address>0x373a0</load_address>
         <run_address>0x373a0</run_address>
         <size>0x6aa</size>
         <input_file_ref idref="fl-4b"/>
      </object_component>
      <object_component id="oc-105">
         <name>.debug_info</name>
         <load_address>0x37a4a</load_address>
         <run_address>0x37a4a</run_address>
         <size>0x942</size>
         <input_file_ref idref="fl-4c"/>
      </object_component>
      <object_component id="oc-10a">
         <name>.debug_info</name>
         <load_address>0x3838c</load_address>
         <run_address>0x3838c</run_address>
         <size>0x53e</size>
         <input_file_ref idref="fl-4d"/>
      </object_component>
      <object_component id="oc-10e">
         <name>.debug_info</name>
         <load_address>0x388ca</load_address>
         <run_address>0x388ca</run_address>
         <size>0x680</size>
         <input_file_ref idref="fl-4e"/>
      </object_component>
      <object_component id="oc-112">
         <name>.debug_info</name>
         <load_address>0x38f4a</load_address>
         <run_address>0x38f4a</run_address>
         <size>0x7d4</size>
         <input_file_ref idref="fl-4f"/>
      </object_component>
      <object_component id="oc-117">
         <name>.debug_info</name>
         <load_address>0x3971e</load_address>
         <run_address>0x3971e</run_address>
         <size>0x144b</size>
         <input_file_ref idref="fl-50"/>
      </object_component>
      <object_component id="oc-11c">
         <name>.debug_info</name>
         <load_address>0x3ab69</load_address>
         <run_address>0x3ab69</run_address>
         <size>0x5ad</size>
         <input_file_ref idref="fl-51"/>
      </object_component>
      <object_component id="oc-120">
         <name>.debug_info</name>
         <load_address>0x3b116</load_address>
         <run_address>0x3b116</run_address>
         <size>0x574</size>
         <input_file_ref idref="fl-52"/>
      </object_component>
      <object_component id="oc-124">
         <name>.debug_info</name>
         <load_address>0x3b68a</load_address>
         <run_address>0x3b68a</run_address>
         <size>0xd1</size>
         <input_file_ref idref="fl-53"/>
      </object_component>
      <object_component id="oc-128">
         <name>.debug_info</name>
         <load_address>0x3b75b</load_address>
         <run_address>0x3b75b</run_address>
         <size>0x55b</size>
         <input_file_ref idref="fl-54"/>
      </object_component>
      <object_component id="oc-12c">
         <name>.debug_info</name>
         <load_address>0x3bcb6</load_address>
         <run_address>0x3bcb6</run_address>
         <size>0x4b7</size>
         <input_file_ref idref="fl-55"/>
      </object_component>
      <object_component id="oc-130">
         <name>.debug_info</name>
         <load_address>0x3c16d</load_address>
         <run_address>0x3c16d</run_address>
         <size>0x4f2</size>
         <input_file_ref idref="fl-56"/>
      </object_component>
      <object_component id="oc-134">
         <name>.debug_info</name>
         <load_address>0x3c65f</load_address>
         <run_address>0x3c65f</run_address>
         <size>0x4de</size>
         <input_file_ref idref="fl-57"/>
      </object_component>
      <object_component id="oc-139">
         <name>.debug_info</name>
         <load_address>0x3cb3d</load_address>
         <run_address>0x3cb3d</run_address>
         <size>0xed4</size>
         <input_file_ref idref="fl-58"/>
      </object_component>
      <object_component id="oc-13d">
         <name>.debug_info</name>
         <load_address>0x3da11</load_address>
         <run_address>0x3da11</run_address>
         <size>0x744</size>
         <input_file_ref idref="fl-59"/>
      </object_component>
      <object_component id="oc-143">
         <name>.debug_info</name>
         <load_address>0x3e155</load_address>
         <run_address>0x3e155</run_address>
         <size>0x662</size>
         <input_file_ref idref="fl-5a"/>
      </object_component>
      <object_component id="oc-147">
         <name>.debug_info</name>
         <load_address>0x3e7b7</load_address>
         <run_address>0x3e7b7</run_address>
         <size>0x5ab</size>
         <input_file_ref idref="fl-5b"/>
      </object_component>
      <object_component id="oc-14b">
         <name>.debug_info</name>
         <load_address>0x3ed62</load_address>
         <run_address>0x3ed62</run_address>
         <size>0x4f2</size>
         <input_file_ref idref="fl-5c"/>
      </object_component>
      <object_component id="oc-14f">
         <name>.debug_info</name>
         <load_address>0x3f254</load_address>
         <run_address>0x3f254</run_address>
         <size>0x706</size>
         <input_file_ref idref="fl-5d"/>
      </object_component>
      <object_component id="oc-153">
         <name>.debug_info</name>
         <load_address>0x3f95a</load_address>
         <run_address>0x3f95a</run_address>
         <size>0x4d2</size>
         <input_file_ref idref="fl-5e"/>
      </object_component>
      <object_component id="oc-157">
         <name>.debug_info</name>
         <load_address>0x3fe2c</load_address>
         <run_address>0x3fe2c</run_address>
         <size>0x5f7</size>
         <input_file_ref idref="fl-5f"/>
      </object_component>
      <object_component id="oc-15b">
         <name>.debug_info</name>
         <load_address>0x40423</load_address>
         <run_address>0x40423</run_address>
         <size>0x64a</size>
         <input_file_ref idref="fl-60"/>
      </object_component>
      <object_component id="oc-160">
         <name>.debug_info</name>
         <load_address>0x40a6d</load_address>
         <run_address>0x40a6d</run_address>
         <size>0xa1c</size>
         <input_file_ref idref="fl-61"/>
      </object_component>
      <object_component id="oc-166">
         <name>.debug_info</name>
         <load_address>0x41489</load_address>
         <run_address>0x41489</run_address>
         <size>0xb97</size>
         <input_file_ref idref="fl-62"/>
      </object_component>
      <object_component id="oc-16c">
         <name>.debug_info</name>
         <load_address>0x42020</load_address>
         <run_address>0x42020</run_address>
         <size>0x64f</size>
         <input_file_ref idref="fl-63"/>
      </object_component>
      <object_component id="oc-170">
         <name>.debug_info</name>
         <load_address>0x4266f</load_address>
         <run_address>0x4266f</run_address>
         <size>0x510</size>
         <input_file_ref idref="fl-64"/>
      </object_component>
      <object_component id="oc-19e">
         <name>.debug_info</name>
         <load_address>0x42b7f</load_address>
         <run_address>0x42b7f</run_address>
         <size>0x6e</size>
      </object_component>
      <object_component id="oc-15">
         <name>.debug_frame</name>
         <load_address>0x0</load_address>
         <run_address>0x0</run_address>
         <size>0xe1</size>
         <input_file_ref idref="fl-2"/>
      </object_component>
      <object_component id="oc-22">
         <name>.debug_frame</name>
         <load_address>0xe1</load_address>
         <run_address>0xe1</run_address>
         <size>0x12f</size>
         <input_file_ref idref="fl-4"/>
      </object_component>
      <object_component id="oc-29">
         <name>.debug_frame</name>
         <load_address>0x210</load_address>
         <run_address>0x210</run_address>
         <size>0x155</size>
         <input_file_ref idref="fl-5"/>
      </object_component>
      <object_component id="oc-2e">
         <name>.debug_frame</name>
         <load_address>0x365</load_address>
         <run_address>0x365</run_address>
         <size>0xe5</size>
         <input_file_ref idref="fl-6"/>
      </object_component>
      <object_component id="oc-34">
         <name>.debug_frame</name>
         <load_address>0x44a</load_address>
         <run_address>0x44a</run_address>
         <size>0x13b</size>
         <input_file_ref idref="fl-7"/>
      </object_component>
      <object_component id="oc-39">
         <name>.debug_frame</name>
         <load_address>0x585</load_address>
         <run_address>0x585</run_address>
         <size>0x116</size>
         <input_file_ref idref="fl-8"/>
      </object_component>
      <object_component id="oc-3f">
         <name>.debug_frame</name>
         <load_address>0x69b</load_address>
         <run_address>0x69b</run_address>
         <size>0x138</size>
         <input_file_ref idref="fl-9"/>
      </object_component>
      <object_component id="oc-44">
         <name>.debug_frame</name>
         <load_address>0x7d3</load_address>
         <run_address>0x7d3</run_address>
         <size>0x138</size>
         <input_file_ref idref="fl-a"/>
      </object_component>
      <object_component id="oc-4a">
         <name>.debug_frame</name>
         <load_address>0x90b</load_address>
         <run_address>0x90b</run_address>
         <size>0x171</size>
         <input_file_ref idref="fl-b"/>
      </object_component>
      <object_component id="oc-4f">
         <name>.debug_frame</name>
         <load_address>0xa7c</load_address>
         <run_address>0xa7c</run_address>
         <size>0x13a</size>
         <input_file_ref idref="fl-c"/>
      </object_component>
      <object_component id="oc-54">
         <name>.debug_frame</name>
         <load_address>0xbb6</load_address>
         <run_address>0xbb6</run_address>
         <size>0x1e3</size>
         <input_file_ref idref="fl-d"/>
      </object_component>
      <object_component id="oc-5b">
         <name>.debug_frame</name>
         <load_address>0xd99</load_address>
         <run_address>0xd99</run_address>
         <size>0x102</size>
         <input_file_ref idref="fl-e"/>
      </object_component>
      <object_component id="oc-62">
         <name>.debug_frame</name>
         <load_address>0xe9b</load_address>
         <run_address>0xe9b</run_address>
         <size>0x13b</size>
         <input_file_ref idref="fl-f"/>
      </object_component>
      <object_component id="oc-68">
         <name>.debug_frame</name>
         <load_address>0xfd6</load_address>
         <run_address>0xfd6</run_address>
         <size>0x15a</size>
         <input_file_ref idref="fl-10"/>
      </object_component>
      <object_component id="oc-6e">
         <name>.debug_frame</name>
         <load_address>0x1130</load_address>
         <run_address>0x1130</run_address>
         <size>0x11d</size>
         <input_file_ref idref="fl-11"/>
      </object_component>
      <object_component id="oc-73">
         <name>.debug_frame</name>
         <load_address>0x124d</load_address>
         <run_address>0x124d</run_address>
         <size>0x30e</size>
         <input_file_ref idref="fl-1a"/>
      </object_component>
      <object_component id="oc-79">
         <name>.debug_frame</name>
         <load_address>0x155b</load_address>
         <run_address>0x155b</run_address>
         <size>0x11f</size>
         <input_file_ref idref="fl-1b"/>
      </object_component>
      <object_component id="oc-7f">
         <name>.debug_frame</name>
         <load_address>0x167a</load_address>
         <run_address>0x167a</run_address>
         <size>0x1ad</size>
         <input_file_ref idref="fl-1c"/>
      </object_component>
      <object_component id="oc-84">
         <name>.debug_frame</name>
         <load_address>0x1827</load_address>
         <run_address>0x1827</run_address>
         <size>0x272</size>
         <input_file_ref idref="fl-1d"/>
      </object_component>
      <object_component id="oc-8a">
         <name>.debug_frame</name>
         <load_address>0x1a99</load_address>
         <run_address>0x1a99</run_address>
         <size>0x780</size>
         <input_file_ref idref="fl-1e"/>
      </object_component>
      <object_component id="oc-90">
         <name>.debug_frame</name>
         <load_address>0x2219</load_address>
         <run_address>0x2219</run_address>
         <size>0x2a1</size>
         <input_file_ref idref="fl-1f"/>
      </object_component>
      <object_component id="oc-97">
         <name>.debug_frame</name>
         <load_address>0x24ba</load_address>
         <run_address>0x24ba</run_address>
         <size>0x196</size>
         <input_file_ref idref="fl-20"/>
      </object_component>
      <object_component id="oc-9d">
         <name>.debug_frame</name>
         <load_address>0x2650</load_address>
         <run_address>0x2650</run_address>
         <size>0x1ef</size>
         <input_file_ref idref="fl-21"/>
      </object_component>
      <object_component id="oc-a2">
         <name>.debug_frame</name>
         <load_address>0x283f</load_address>
         <run_address>0x283f</run_address>
         <size>0x224</size>
         <input_file_ref idref="fl-22"/>
      </object_component>
      <object_component id="oc-a7">
         <name>.debug_frame</name>
         <load_address>0x2a63</load_address>
         <run_address>0x2a63</run_address>
         <size>0x1e6</size>
         <input_file_ref idref="fl-23"/>
      </object_component>
      <object_component id="oc-16">
         <name>.debug_line</name>
         <load_address>0x0</load_address>
         <run_address>0x0</run_address>
         <size>0x47</size>
         <input_file_ref idref="fl-2"/>
      </object_component>
      <object_component id="oc-1b">
         <name>.debug_line</name>
         <load_address>0x47</load_address>
         <run_address>0x47</run_address>
         <size>0x55</size>
         <input_file_ref idref="fl-3"/>
      </object_component>
      <object_component id="oc-23">
         <name>.debug_line</name>
         <load_address>0x9c</load_address>
         <run_address>0x9c</run_address>
         <size>0xcc</size>
         <input_file_ref idref="fl-4"/>
      </object_component>
      <object_component id="oc-2a">
         <name>.debug_line</name>
         <load_address>0x168</load_address>
         <run_address>0x168</run_address>
         <size>0x11f</size>
         <input_file_ref idref="fl-5"/>
      </object_component>
      <object_component id="oc-2f">
         <name>.debug_line</name>
         <load_address>0x287</load_address>
         <run_address>0x287</run_address>
         <size>0x97</size>
         <input_file_ref idref="fl-6"/>
      </object_component>
      <object_component id="oc-35">
         <name>.debug_line</name>
         <load_address>0x31e</load_address>
         <run_address>0x31e</run_address>
         <size>0x1e4</size>
         <input_file_ref idref="fl-7"/>
      </object_component>
      <object_component id="oc-3a">
         <name>.debug_line</name>
         <load_address>0x502</load_address>
         <run_address>0x502</run_address>
         <size>0x89</size>
         <input_file_ref idref="fl-8"/>
      </object_component>
      <object_component id="oc-40">
         <name>.debug_line</name>
         <load_address>0x58b</load_address>
         <run_address>0x58b</run_address>
         <size>0xa7</size>
         <input_file_ref idref="fl-9"/>
      </object_component>
      <object_component id="oc-45">
         <name>.debug_line</name>
         <load_address>0x632</load_address>
         <run_address>0x632</run_address>
         <size>0xae</size>
         <input_file_ref idref="fl-a"/>
      </object_component>
      <object_component id="oc-4b">
         <name>.debug_line</name>
         <load_address>0x6e0</load_address>
         <run_address>0x6e0</run_address>
         <size>0xed</size>
         <input_file_ref idref="fl-b"/>
      </object_component>
      <object_component id="oc-50">
         <name>.debug_line</name>
         <load_address>0x7cd</load_address>
         <run_address>0x7cd</run_address>
         <size>0xdd</size>
         <input_file_ref idref="fl-c"/>
      </object_component>
      <object_component id="oc-55">
         <name>.debug_line</name>
         <load_address>0x8aa</load_address>
         <run_address>0x8aa</run_address>
         <size>0x196</size>
         <input_file_ref idref="fl-d"/>
      </object_component>
      <object_component id="oc-5c">
         <name>.debug_line</name>
         <load_address>0xa40</load_address>
         <run_address>0xa40</run_address>
         <size>0xc7</size>
         <input_file_ref idref="fl-e"/>
      </object_component>
      <object_component id="oc-63">
         <name>.debug_line</name>
         <load_address>0xb07</load_address>
         <run_address>0xb07</run_address>
         <size>0x17a</size>
         <input_file_ref idref="fl-f"/>
      </object_component>
      <object_component id="oc-69">
         <name>.debug_line</name>
         <load_address>0xc81</load_address>
         <run_address>0xc81</run_address>
         <size>0x1d7</size>
         <input_file_ref idref="fl-10"/>
      </object_component>
      <object_component id="oc-6f">
         <name>.debug_line</name>
         <load_address>0xe58</load_address>
         <run_address>0xe58</run_address>
         <size>0x97</size>
         <input_file_ref idref="fl-11"/>
      </object_component>
      <object_component id="oc-74">
         <name>.debug_line</name>
         <load_address>0xeef</load_address>
         <run_address>0xeef</run_address>
         <size>0x7f0</size>
         <input_file_ref idref="fl-1a"/>
      </object_component>
      <object_component id="oc-7a">
         <name>.debug_line</name>
         <load_address>0x16df</load_address>
         <run_address>0x16df</run_address>
         <size>0x1c0</size>
         <input_file_ref idref="fl-1b"/>
      </object_component>
      <object_component id="oc-80">
         <name>.debug_line</name>
         <load_address>0x189f</load_address>
         <run_address>0x189f</run_address>
         <size>0x322</size>
         <input_file_ref idref="fl-1c"/>
      </object_component>
      <object_component id="oc-85">
         <name>.debug_line</name>
         <load_address>0x1bc1</load_address>
         <run_address>0x1bc1</run_address>
         <size>0x449</size>
         <input_file_ref idref="fl-1d"/>
      </object_component>
      <object_component id="oc-8b">
         <name>.debug_line</name>
         <load_address>0x200a</load_address>
         <run_address>0x200a</run_address>
         <size>0x1c6b</size>
         <input_file_ref idref="fl-1e"/>
      </object_component>
      <object_component id="oc-91">
         <name>.debug_line</name>
         <load_address>0x3c75</load_address>
         <run_address>0x3c75</run_address>
         <size>0x2f9</size>
         <input_file_ref idref="fl-1f"/>
      </object_component>
      <object_component id="oc-98">
         <name>.debug_line</name>
         <load_address>0x3f6e</load_address>
         <run_address>0x3f6e</run_address>
         <size>0x45a</size>
         <input_file_ref idref="fl-20"/>
      </object_component>
      <object_component id="oc-9e">
         <name>.debug_line</name>
         <load_address>0x43c8</load_address>
         <run_address>0x43c8</run_address>
         <size>0x523</size>
         <input_file_ref idref="fl-21"/>
      </object_component>
      <object_component id="oc-a3">
         <name>.debug_line</name>
         <load_address>0x48eb</load_address>
         <run_address>0x48eb</run_address>
         <size>0x2b5</size>
         <input_file_ref idref="fl-22"/>
      </object_component>
      <object_component id="oc-a8">
         <name>.debug_line</name>
         <load_address>0x4ba0</load_address>
         <run_address>0x4ba0</run_address>
         <size>0xd0c</size>
         <input_file_ref idref="fl-23"/>
      </object_component>
      <object_component id="oc-ac">
         <name>.debug_line</name>
         <load_address>0x58ac</load_address>
         <run_address>0x58ac</run_address>
         <size>0x54</size>
         <input_file_ref idref="fl-37"/>
      </object_component>
      <object_component id="oc-b0">
         <name>.debug_line</name>
         <load_address>0x5900</load_address>
         <run_address>0x5900</run_address>
         <size>0x44</size>
         <input_file_ref idref="fl-38"/>
      </object_component>
      <object_component id="oc-b7">
         <name>.debug_line</name>
         <load_address>0x5944</load_address>
         <run_address>0x5944</run_address>
         <size>0x51</size>
         <input_file_ref idref="fl-39"/>
      </object_component>
      <object_component id="oc-bb">
         <name>.debug_line</name>
         <load_address>0x5995</load_address>
         <run_address>0x5995</run_address>
         <size>0x3c</size>
         <input_file_ref idref="fl-3a"/>
      </object_component>
      <object_component id="oc-bf">
         <name>.debug_line</name>
         <load_address>0x59d1</load_address>
         <run_address>0x59d1</run_address>
         <size>0x69</size>
         <input_file_ref idref="fl-3b"/>
      </object_component>
      <object_component id="oc-c3">
         <name>.debug_line</name>
         <load_address>0x5a3a</load_address>
         <run_address>0x5a3a</run_address>
         <size>0x44</size>
         <input_file_ref idref="fl-3c"/>
      </object_component>
      <object_component id="oc-c7">
         <name>.debug_line</name>
         <load_address>0x5a7e</load_address>
         <run_address>0x5a7e</run_address>
         <size>0x58</size>
         <input_file_ref idref="fl-3d"/>
      </object_component>
      <object_component id="oc-cb">
         <name>.debug_line</name>
         <load_address>0x5ad6</load_address>
         <run_address>0x5ad6</run_address>
         <size>0x37</size>
         <input_file_ref idref="fl-3e"/>
      </object_component>
      <object_component id="oc-d1">
         <name>.debug_line</name>
         <load_address>0x5b0d</load_address>
         <run_address>0x5b0d</run_address>
         <size>0x57</size>
         <input_file_ref idref="fl-3f"/>
      </object_component>
      <object_component id="oc-d7">
         <name>.debug_line</name>
         <load_address>0x5b64</load_address>
[...]
         <name>_GPIO_open</name>
         <value>0x2ae07</value>
         <object_component_ref idref="oc-a0"/>
      </symbol>
      <symbol id="sm-9f1">
         <name>_GPIO_write</name>
         <value>0x2afff</value>
         <object_component_ref idref="oc-a0"/>
      </symbol>
      <symbol id="sm-9f2">
         <name>_GPIO_config</name>
         <value>0x2ae6f</value>
         <object_component_ref idref="oc-a0"/>
      </symbol>
      <symbol id="sm-9f3">
         <name>_GPIO_clearInt</name>
         <value>0x2b2f2</value>
         <object_component_ref idref="oc-a0"/>
      </symbol>
      <symbol id="sm-9f4">
         <name>_GPIO_disableInt</name>
         <value>0x2b1ea</value>
         <object_component_ref idref="oc-a0"/>
      </symbol>
      <symbol id="sm-9f5">
         <name>_GPIO_getConfig</name>
         <value>0x2aef4</value>
         <object_component_ref idref="oc-a0"/>
      </symbol>
      <symbol id="sm-9f6">
         <name>_GPIO_enableInt</name>
         <value>0x2b268</value>
         <object_component_ref idref="oc-a0"/>
      </symbol>
      <symbol id="sm-9f7">
         <name>_GPIO_close</name>
         <value>0x2ae4b</value>
         <object_component_ref idref="oc-a0"/>
      </symbol>
      <symbol id="sm-9f8">
         <name>_GPIO_read</name>
         <value>0x2af7c</value>
         <object_component_ref idref="oc-a0"/>
      </symbol>
      <symbol id="sm-9f9">
         <name>_GPIO_reset</name>
         <value>0x2b405</value>
         <object_component_ref idref="oc-a0"/>
      </symbol>
      <symbol id="sm-9fa">
         <name>_GPIO_statusBit</name>
         <value>0x2b37e</value>
         <object_component_ref idref="oc-a0"/>
      </symbol>
      <symbol id="sm-ae0">
         <name>_DMA_init</name>
         <value>0x2451c</value>
         <object_component_ref idref="oc-a5"/>
      </symbol>
      <symbol id="sm-ae1">
         <name>_DMA_getConfig</name>
         <value>0x25732</value>
         <object_component_ref idref="oc-a5"/>
      </symbol>
      <symbol id="sm-ae2">
         <name>_DMA_config</name>
         <value>0x2465e</value>
         <object_component_ref idref="oc-a5"/>
      </symbol>
      <symbol id="sm-ae3">
         <name>_DMA_swapWords</name>
         <value>0x2634b</value>
         <object_component_ref idref="oc-a5"/>
      </symbol>
      <symbol id="sm-ae4">
         <name>_DMA_stop</name>
         <value>0x25f5e</value>
         <object_component_ref idref="oc-a5"/>
      </symbol>
      <symbol id="sm-ae5">
         <name>_DMA_open</name>
         <value>0x24553</value>
         <object_component_ref idref="oc-a5"/>
      </symbol>
      <symbol id="sm-ae6">
         <name>_DMA_start</name>
         <value>0x25e51</value>
         <object_component_ref idref="oc-a5"/>
      </symbol>
      <symbol id="sm-ae7">
         <name>_DMA_getLastTransferType</name>
         <value>0x263c0</value>
         <object_component_ref idref="oc-a5"/>
      </symbol>
      <symbol id="sm-ae8">
         <name>_DMA_close</name>
         <value>0x2463f</value>
         <object_component_ref idref="oc-a5"/>
      </symbol>
      <symbol id="sm-ae9">
         <name>_DMA_reset</name>
         <value>0x2605f</value>
         <object_component_ref idref="oc-a5"/>
      </symbol>
      <symbol id="sm-af5">
         <name>__sysstack</name>
         <value>0x20c0</value>
         <object_component_ref idref="oc-173"/>
      </symbol>
      <symbol id="sm-af6">
         <name>_c_int00</name>
         <value>0x3034a</value>
         <object_component_ref idref="oc-10"/>
      </symbol>
      <symbol id="sm-af7">
         <name>__stack</name>
         <value>0xc0</value>
         <object_component_ref idref="oc-aa"/>
      </symbol>
      <symbol id="sm-b02">
         <name>__divul</name>
         <value>0x2f958</value>
         <object_component_ref idref="oc-ae"/>
      </symbol>
      <symbol id="sm-b12">
         <name>C$$EXIT</name>
         <value>0x30487</value>
         <object_component_ref idref="oc-b6"/>
      </symbol>
      <symbol id="sm-b13">
         <name>_exit</name>
         <value>0x3030c</value>
         <object_component_ref idref="oc-b2"/>
      </symbol>
      <symbol id="sm-b14">
         <name>_abort</name>
         <value>0x30486</value>
         <object_component_ref idref="oc-b6"/>
      </symbol>
      <symbol id="sm-b15">
         <name>__cleanup_ptr</name>
         <value>0x6808</value>
         <object_component_ref idref="oc-b3"/>
      </symbol>
      <symbol id="sm-b16">
         <name>__dtors_ptr</name>
         <value>0x680c</value>
         <object_component_ref idref="oc-b3"/>
      </symbol>
      <symbol id="sm-b1e">
         <name>__mpyli</name>
         <value>0x30447</value>
         <object_component_ref idref="oc-b9"/>
      </symbol>
      <symbol id="sm-b1f">
         <name>I$$LMPY</name>
         <value>0x30447</value>
         <object_component_ref idref="oc-b9"/>
      </symbol>
      <symbol id="sm-b29">
         <name>_printf</name>
         <value>0x30152</value>
         <object_component_ref idref="oc-bd"/>
      </symbol>
      <symbol id="sm-b34">
         <name>__remul</name>
         <value>0x2fe22</value>
         <object_component_ref idref="oc-c1"/>
      </symbol>
      <symbol id="sm-b3c">
         <name>__remu</name>
         <value>0x303bd</value>
         <object_component_ref idref="oc-c5"/>
      </symbol>
      <symbol id="sm-b3d">
         <name>__divu</name>
         <value>0x303a8</value>
         <object_component_ref idref="oc-c5"/>
      </symbol>
      <symbol id="sm-b3e">
         <name>I$$UMOD</name>
         <value>0x303bd</value>
         <object_component_ref idref="oc-c5"/>
      </symbol>
      <symbol id="sm-b3f">
         <name>I$$UDIV</name>
         <value>0x303a8</value>
         <object_component_ref idref="oc-c5"/>
      </symbol>
      <symbol id="sm-b49">
         <name>_Reset</name>
         <value>0x4fe00</value>
         <object_component_ref idref="oc-11"/>
      </symbol>
      <symbol id="sm-b57">
         <name>__unlock</name>
         <value>0x6804</value>
         <object_component_ref idref="oc-ce"/>
      </symbol>
      <symbol id="sm-b58">
         <name>__lock</name>
         <value>0x6800</value>
         <object_component_ref idref="oc-ce"/>
      </symbol>
      <symbol id="sm-b59">
         <name>__register_lock</name>
         <value>0x30462</value>
         <object_component_ref idref="oc-cd"/>
      </symbol>
      <symbol id="sm-b5a">
         <name>__nop</name>
         <value>0x3046a</value>
         <object_component_ref idref="oc-cd"/>
      </symbol>
      <symbol id="sm-b5b">
         <name>__register_unlock</name>
         <value>0x3045a</value>
         <object_component_ref idref="oc-cd"/>
      </symbol>
      <symbol id="sm-b6d">
         <name>__printfi</name>
         <value>0x277ce</value>
         <object_component_ref idref="oc-d3"/>
      </symbol>
      <symbol id="sm-b77">
         <name>__args_main</name>
         <value>0x301ef</value>
         <object_component_ref idref="oc-d9"/>
      </symbol>
      <symbol id="sm-b78">
         <name>__TI_args_main</name>
         <value>0x1</value>
      </symbol>
      <symbol id="sm-b82">
         <name>_atoi</name>
         <value>0x300a2</value>
         <object_component_ref idref="oc-dd"/>
      </symbol>
      <symbol id="sm-b8a">
         <name>_auto_init</name>
         <value>0x301a2</value>
         <object_component_ref idref="oc-e1"/>
      </symbol>
      <symbol id="sm-b94">
         <name>__eqld</name>
         <value>0x2e905</value>
         <object_component_ref idref="oc-e5"/>
      </symbol>
      <symbol id="sm-b95">
         <name>__cmpd</name>
         <value>0x2e939</value>
         <object_component_ref idref="oc-e5"/>
      </symbol>
      <symbol id="sm-b96">
         <name>__neqd</name>
         <value>0x2e7a7</value>
         <object_component_ref idref="oc-e5"/>
      </symbol>
      <symbol id="sm-b97">
         <name>__gtrd</name>
         <value>0x2e870</value>
         <object_component_ref idref="oc-e5"/>
      </symbol>
      <symbol id="sm-b98">
         <name>__geqd</name>
         <value>0x2e8bb</value>
         <object_component_ref idref="oc-e5"/>
      </symbol>
      <symbol id="sm-b99">
         <name>__leqd</name>
         <value>0x2e823</value>
         <object_component_ref idref="oc-e5"/>
      </symbol>
      <symbol id="sm-b9a">
         <name>__lssd</name>
         <value>0x2e7db</value>
         <object_component_ref idref="oc-e5"/>
      </symbol>
      <symbol id="sm-ba2">
         <name>__ctypes_</name>
         <value>0x5a64</value>
         <object_component_ref idref="oc-178"/>
      </symbol>
      <symbol id="sm-bac">
         <name>__tmpnams</name>
         <value>0x5e8c</value>
         <object_component_ref idref="oc-eb"/>
      </symbol>
      <symbol id="sm-bad">
         <name>__ft_end</name>
         <value>0x5fcc</value>
         <object_component_ref idref="oc-eb"/>
      </symbol>
      <symbol id="sm-bae">
         <name>__ftable</name>
         <value>0x5d9c</value>
         <object_component_ref idref="oc-eb"/>
      </symbol>
      <symbol id="sm-bba">
         <name>__divd</name>
         <value>0x2d689</value>
         <object_component_ref idref="oc-ef"/>
      </symbol>
      <symbol id="sm-bc4">
         <name>__fixdi</name>
         <value>0x3037e</value>
         <object_component_ref idref="oc-f3"/>
      </symbol>
      <symbol id="sm-bce">
         <name>__fixdli</name>
         <value>0x2fe94</value>
         <object_component_ref idref="oc-f7"/>
      </symbol>
      <symbol id="sm-bda">
         <name>__fltlid</name>
         <value>0x2ffdb</value>
         <object_component_ref idref="oc-fb"/>
      </symbol>
      <symbol id="sm-be4">
         <name>_putchar</name>
         <value>0x2f949</value>
         <object_component_ref idref="oc-100"/>
      </symbol>
      <symbol id="sm-be5">
         <name>_putc</name>
         <value>0x2f8b2</value>
         <object_component_ref idref="oc-100"/>
      </symbol>
      <symbol id="sm-be6">
         <name>_fputc</name>
         <value>0x2f8b2</value>
         <object_component_ref idref="oc-100"/>
      </symbol>
      <symbol id="sm-bf4">
         <name>_puts</name>
         <value>0x2f199</value>
         <object_component_ref idref="oc-104"/>
      </symbol>
      <symbol id="sm-bf5">
         <name>_fputs</name>
         <value>0x2f064</value>
         <object_component_ref idref="oc-104"/>
      </symbol>
      <symbol id="sm-bff">
         <name>__frcmpyd_div</name>
         <value>0x2fdaf</value>
         <object_component_ref idref="oc-109"/>
      </symbol>
      <symbol id="sm-c09">
         <name>___isinf</name>
         <value>0x30419</value>
         <object_component_ref idref="oc-10d"/>
      </symbol>
      <symbol id="sm-c13">
         <name>__divull</name>
         <value>0x2e424</value>
         <object_component_ref idref="oc-111"/>
      </symbol>
      <symbol id="sm-c14">
         <name>__mpylli</name>
         <value>0x2e36c</value>
         <object_component_ref idref="oc-111"/>
      </symbol>
      <symbol id="sm-c15">
         <name>__remlli</name>
         <value>0x2e33d</value>
         <object_component_ref idref="oc-111"/>
      </symbol>
      <symbol id="sm-c16">
         <name>__divlli</name>
         <value>0x2e518</value>
         <object_component_ref idref="oc-111"/>
      </symbol>
      <symbol id="sm-c17">
         <name>__remull</name>
         <value>0x2e2ef</value>
         <object_component_ref idref="oc-111"/>
      </symbol>
      <symbol id="sm-c29">
         <name>_add_device</name>
         <value>0x2b8e7</value>
         <object_component_ref idref="oc-115"/>
      </symbol>
      <symbol id="sm-c2a">
         <name>_rename</name>
         <value>0x2b609</value>
         <object_component_ref idref="oc-115"/>
      </symbol>
      <symbol id="sm-c2b">
         <name>_read</name>
         <value>0x2b698</value>
         <object_component_ref idref="oc-115"/>
      </symbol>
      <symbol id="sm-c2c">
         <name>_unlink</name>
         <value>0x2b5d6</value>
         <object_component_ref idref="oc-115"/>
      </symbol>
      <symbol id="sm-c2d">
         <name>_remove_device</name>
         <value>0x2b662</value>
         <object_component_ref idref="oc-115"/>
      </symbol>
      <symbol id="sm-c2e">
         <name>_open</name>
         <value>0x2b746</value>
         <object_component_ref idref="oc-115"/>
      </symbol>
      <symbol id="sm-c2f">
         <name>_find_registered_device</name>
         <value>0x2b86b</value>
         <object_component_ref idref="oc-115"/>
      </symbol>
      <symbol id="sm-c30">
         <name>_lseek</name>
         <value>0x2b805</value>
         <object_component_ref idref="oc-115"/>
      </symbol>
      <symbol id="sm-c31">
         <name>_close</name>
         <value>0x2b874</value>
         <object_component_ref idref="oc-115"/>
      </symbol>
      <symbol id="sm-c32">
         <name>_write</name>
         <value>0x2b494</value>
         <object_component_ref idref="oc-115"/>
      </symbol>
      <symbol id="sm-c3c">
         <name>_ltoa</name>
         <value>0x2fc41</value>
         <object_component_ref idref="oc-11b"/>
      </symbol>
      <symbol id="sm-c47">
         <name>_memccpy</name>
         <value>0x303f6</value>
         <object_component_ref idref="oc-11f"/>
      </symbol>
      <symbol id="sm-c4f">
         <name>_memcpy</name>
         <value>0x302cd</value>
         <object_component_ref idref="oc-123"/>
      </symbol>
      <symbol id="sm-c59">
         <name>__mpyd</name>
         <value>0x2f320</value>
         <object_component_ref idref="oc-127"/>
      </symbol>
      <symbol id="sm-c63">
         <name>__negd</name>
         <value>0x3046c</value>
         <object_component_ref idref="oc-12b"/>
      </symbol>
      <symbol id="sm-c6d">
         <name>__remli</name>
         <value>0x3023a</value>
         <object_component_ref idref="oc-12f"/>
      </symbol>
      <symbol id="sm-c77">
         <name>__subd</name>
         <value>0x30433</value>
         <object_component_ref idref="oc-133"/>
      </symbol>
      <symbol id="sm-c83">
         <name>_HOSTopen</name>
         <value>0x2bce2</value>
         <object_component_ref idref="oc-137"/>
      </symbol>
      <symbol id="sm-c84">
         <name>_HOSTread</name>
         <value>0x2bc55</value>
         <object_component_ref idref="oc-137"/>
      </symbol>
      <symbol id="sm-c85">
         <name>_HOSTtime</name>
         <value>0x2bb49</value>
         <object_component_ref idref="oc-137"/>
      </symbol>
      <symbol id="sm-c86">
         <name>_getenv</name>
         <value>0x2b9d7</value>
         <object_component_ref idref="oc-137"/>
      </symbol>
      <symbol id="sm-c87">
         <name>_HOSTrename</name>
         <value>0x2bba7</value>
         <object_component_ref idref="oc-137"/>
      </symbol>
      <symbol id="sm-c88">
         <name>_HOSTclock</name>
         <value>0x2bea1</value>
         <object_component_ref idref="oc-137"/>
      </symbol>
      <symbol id="sm-c89">
         <name>_HOSTwrite</name>
         <value>0x2ba52</value>
         <object_component_ref idref="oc-137"/>
      </symbol>
      <symbol id="sm-c8a">
         <name>_HOSTlseek</name>
         <value>0x2bd81</value>
         <object_component_ref idref="oc-137"/>
      </symbol>
      <symbol id="sm-c8b">
         <name>_HOSTunlink</name>
         <value>0x2badf</value>
         <object_component_ref idref="oc-137"/>
      </symbol>
      <symbol id="sm-c8c">
         <name>_HOSTclose</name>
         <value>0x2be36</value>
         <object_component_ref idref="oc-137"/>
      </symbol>
      <symbol id="sm-c9e">
         <name>C$$IO$$</name>
         <value>0x2f8ad</value>
         <object_component_ref idref="oc-13f"/>
      </symbol>
      <symbol id="sm-c9f">
         <name>__CIOBUF_</name>
         <value>0x40000</value>
         <object_component_ref idref="oc-13e"/>
      </symbol>
      <symbol id="sm-ca0">
         <name>_readmsg</name>
         <value>0x2ff03</value>
         <object_component_ref idref="oc-13c"/>
      </symbol>
      <symbol id="sm-ca1">
         <name>_writemsg</name>
         <value>0x2f7f8</value>
         <object_component_ref idref="oc-13f"/>
      </symbol>
      <symbol id="sm-cab">
         <name>__rd_ok</name>
         <value>0x2f6d9</value>
         <object_component_ref idref="oc-142"/>
      </symbol>
      <symbol id="sm-cac">
         <name>__wrt_ok</name>
         <value>0x2f659</value>
         <object_component_ref idref="oc-142"/>
      </symbol>
      <symbol id="sm-cb6">
         <name>__addd</name>
         <value>0x2e54d</value>
         <object_component_ref idref="oc-146"/>
      </symbol>
      <symbol id="sm-cc0">
         <name>__divli</name>
         <value>0x30285</value>
         <object_component_ref idref="oc-14a"/>
      </symbol>
      <symbol id="sm-cca">
         <name>__doflush</name>
         <value>0x2f736</value>
         <object_component_ref idref="oc-14e"/>
      </symbol>
      <symbol id="sm-ccb">
         <name>_fflush</name>
         <value>0x2f79f</value>
         <object_component_ref idref="oc-14e"/>
      </symbol>
      <symbol id="sm-cd5">
         <name>__frcmpyd</name>
         <value>0x2fd39</value>
         <object_component_ref idref="oc-152"/>
      </symbol>
      <symbol id="sm-cdf">
         <name>_fseek</name>
         <value>0x2ff70</value>
         <object_component_ref idref="oc-156"/>
      </symbol>
      <symbol id="sm-ce9">
         <name>_setvbuf</name>
         <value>0x2f573</value>
         <object_component_ref idref="oc-15a"/>
      </symbol>
      <symbol id="sm-cf8">
         <name>__cleanup</name>
         <value>0x2df33</value>
         <object_component_ref idref="oc-15e"/>
      </symbol>
      <symbol id="sm-cf9">
         <name>_fopen</name>
         <value>0x2e056</value>
         <object_component_ref idref="oc-15e"/>
      </symbol>
      <symbol id="sm-cfa">
         <name>_freopen</name>
         <value>0x2df8d</value>
         <object_component_ref idref="oc-15e"/>
      </symbol>
      <symbol id="sm-d0a">
         <name>__sys_memory</name>
         <value>0x30c0</value>
         <object_component_ref idref="oc-168"/>
      </symbol>
      <symbol id="sm-d0b">
         <name>_chkheap</name>
         <value>0x2d27d</value>
         <object_component_ref idref="oc-164"/>
      </symbol>
      <symbol id="sm-d0c">
         <name>_realloc</name>
         <value>0x2d01c</value>
         <object_component_ref idref="oc-164"/>
      </symbol>
      <symbol id="sm-d0d">
         <name>_free_memory</name>
         <value>0x2d227</value>
         <object_component_ref idref="oc-164"/>
      </symbol>
      <symbol id="sm-d0e">
         <name>_max_free</name>
         <value>0x2d1cd</value>
         <object_component_ref idref="oc-164"/>
      </symbol>
      <symbol id="sm-d0f">
         <name>_free</name>
         <value>0x2cdf6</value>
         <object_component_ref idref="oc-164"/>
      </symbol>
      <symbol id="sm-d10">
         <name>_calloc</name>
         <value>0x2d285</value>
         <object_component_ref idref="oc-164"/>
      </symbol>
      <symbol id="sm-d11">
         <name>_malloc</name>
         <value>0x2cf27</value>
         <object_component_ref idref="oc-164"/>
      </symbol>
      <symbol id="sm-d12">
         <name>_minit</name>
         <value>0x2cec2</value>
         <object_component_ref idref="oc-164"/>
      </symbol>
      <symbol id="sm-d1c">
         <name>_fclose</name>
         <value>0x2fcbe</value>
         <object_component_ref idref="oc-16b"/>
      </symbol>
      <symbol id="sm-d26">
         <name>_remove</name>
         <value>0x3047c</value>
         <object_component_ref idref="oc-16f"/>
      </symbol>
   </symbol_table>
</link_info>
